Archive member included to satisfy reference by file (symbol)

c:/st/stm32cubeide_1.12.0/stm32cubeide/plugins/com.st.stm32cube.ide.mcu.externaltools.gnu-tools-for-stm32.10.3-2021.10.win32_1.0.200.202301161003/tools/bin/../lib/gcc/arm-none-eabi/10.3.1/../../../../arm-none-eabi/lib/thumb/v7-m/nofp\libc_nano.a(lib_a-errno.o)
                              ./Core/Src/syscalls.o (__errno)
c:/st/stm32cubeide_1.12.0/stm32cubeide/plugins/com.st.stm32cube.ide.mcu.externaltools.gnu-tools-for-stm32.10.3-2021.10.win32_1.0.200.202301161003/tools/bin/../lib/gcc/arm-none-eabi/10.3.1/../../../../arm-none-eabi/lib/thumb/v7-m/nofp\libc_nano.a(lib_a-exit.o)
                              c:/st/stm32cubeide_1.12.0/stm32cubeide/plugins/com.st.stm32cube.ide.mcu.externaltools.gnu-tools-for-stm32.10.3-2021.10.win32_1.0.200.202301161003/tools/bin/../lib/gcc/arm-none-eabi/10.3.1/../../../../arm-none-eabi/lib/thumb/v7-m/nofp/crt0.o (exit)
c:/st/stm32cubeide_1.12.0/stm32cubeide/plugins/com.st.stm32cube.ide.mcu.externaltools.gnu-tools-for-stm32.10.3-2021.10.win32_1.0.200.202301161003/tools/bin/../lib/gcc/arm-none-eabi/10.3.1/../../../../arm-none-eabi/lib/thumb/v7-m/nofp\libc_nano.a(lib_a-impure.o)
                              c:/st/stm32cubeide_1.12.0/stm32cubeide/plugins/com.st.stm32cube.ide.mcu.externaltools.gnu-tools-for-stm32.10.3-2021.10.win32_1.0.200.202301161003/tools/bin/../lib/gcc/arm-none-eabi/10.3.1/../../../../arm-none-eabi/lib/thumb/v7-m/nofp\libc_nano.a(lib_a-exit.o) (_global_impure_ptr)
c:/st/stm32cubeide_1.12.0/stm32cubeide/plugins/com.st.stm32cube.ide.mcu.externaltools.gnu-tools-for-stm32.10.3-2021.10.win32_1.0.200.202301161003/tools/bin/../lib/gcc/arm-none-eabi/10.3.1/../../../../arm-none-eabi/lib/thumb/v7-m/nofp\libc_nano.a(lib_a-init.o)
                              c:/st/stm32cubeide_1.12.0/stm32cubeide/plugins/com.st.stm32cube.ide.mcu.externaltools.gnu-tools-for-stm32.10.3-2021.10.win32_1.0.200.202301161003/tools/bin/../lib/gcc/arm-none-eabi/10.3.1/../../../../arm-none-eabi/lib/thumb/v7-m/nofp/crt0.o (__libc_init_array)
c:/st/stm32cubeide_1.12.0/stm32cubeide/plugins/com.st.stm32cube.ide.mcu.externaltools.gnu-tools-for-stm32.10.3-2021.10.win32_1.0.200.202301161003/tools/bin/../lib/gcc/arm-none-eabi/10.3.1/../../../../arm-none-eabi/lib/thumb/v7-m/nofp\libc_nano.a(lib_a-memset.o)
                              c:/st/stm32cubeide_1.12.0/stm32cubeide/plugins/com.st.stm32cube.ide.mcu.externaltools.gnu-tools-for-stm32.10.3-2021.10.win32_1.0.200.202301161003/tools/bin/../lib/gcc/arm-none-eabi/10.3.1/../../../../arm-none-eabi/lib/thumb/v7-m/nofp/crt0.o (memset)
c:/st/stm32cubeide_1.12.0/stm32cubeide/plugins/com.st.stm32cube.ide.mcu.externaltools.gnu-tools-for-stm32.10.3-2021.10.win32_1.0.200.202301161003/tools/bin/../lib/gcc/arm-none-eabi/10.3.1/../../../../arm-none-eabi/lib/thumb/v7-m/nofp\libc_nano.a(lib_a-puts.o)
                              ./Core/Src/main.o (puts)
c:/st/stm32cubeide_1.12.0/stm32cubeide/plugins/com.st.stm32cube.ide.mcu.externaltools.gnu-tools-for-stm32.10.3-2021.10.win32_1.0.200.202301161003/tools/bin/../lib/gcc/arm-none-eabi/10.3.1/../../../../arm-none-eabi/lib/thumb/v7-m/nofp\libc_nano.a(lib_a-wbuf.o)
                              c:/st/stm32cubeide_1.12.0/stm32cubeide/plugins/com.st.stm32cube.ide.mcu.externaltools.gnu-tools-for-stm32.10.3-2021.10.win32_1.0.200.202301161003/tools/bin/../lib/gcc/arm-none-eabi/10.3.1/../../../../arm-none-eabi/lib/thumb/v7-m/nofp\libc_nano.a(lib_a-puts.o) (__swbuf_r)
c:/st/stm32cubeide_1.12.0/stm32cubeide/plugins/com.st.stm32cube.ide.mcu.externaltools.gnu-tools-for-stm32.10.3-2021.10.win32_1.0.200.202301161003/tools/bin/../lib/gcc/arm-none-eabi/10.3.1/../../../../arm-none-eabi/lib/thumb/v7-m/nofp\libc_nano.a(lib_a-wsetup.o)
                              c:/st/stm32cubeide_1.12.0/stm32cubeide/plugins/com.st.stm32cube.ide.mcu.externaltools.gnu-tools-for-stm32.10.3-2021.10.win32_1.0.200.202301161003/tools/bin/../lib/gcc/arm-none-eabi/10.3.1/../../../../arm-none-eabi/lib/thumb/v7-m/nofp\libc_nano.a(lib_a-puts.o) (__swsetup_r)
c:/st/stm32cubeide_1.12.0/stm32cubeide/plugins/com.st.stm32cube.ide.mcu.externaltools.gnu-tools-for-stm32.10.3-2021.10.win32_1.0.200.202301161003/tools/bin/../lib/gcc/arm-none-eabi/10.3.1/../../../../arm-none-eabi/lib/thumb/v7-m/nofp\libc_nano.a(lib_a-fflush.o)
                              c:/st/stm32cubeide_1.12.0/stm32cubeide/plugins/com.st.stm32cube.ide.mcu.externaltools.gnu-tools-for-stm32.10.3-2021.10.win32_1.0.200.202301161003/tools/bin/../lib/gcc/arm-none-eabi/10.3.1/../../../../arm-none-eabi/lib/thumb/v7-m/nofp\libc_nano.a(lib_a-wbuf.o) (_fflush_r)
c:/st/stm32cubeide_1.12.0/stm32cubeide/plugins/com.st.stm32cube.ide.mcu.externaltools.gnu-tools-for-stm32.10.3-2021.10.win32_1.0.200.202301161003/tools/bin/../lib/gcc/arm-none-eabi/10.3.1/../../../../arm-none-eabi/lib/thumb/v7-m/nofp\libc_nano.a(lib_a-findfp.o)
[...]
Memory Configuration

Name             Origin             Length             Attributes
RAM              0x0000000020000000 0x0000000000002800 xrw
FLASH            0x0000000008000000 0x0000000000008000 xr
*default*        0x0000000000000000 0xffffffffffffffff

Linker script and memory map

LOAD c:/st/stm32cubeide_1.12.0/stm32cubeide/plugins/com.st.stm32cube.ide.mcu.externaltools.gnu-tools-for-stm32.10.3-2021.10.win32_1.0.200.202301161003/tools/bin/../lib/gcc/arm-none-eabi/10.3.1/thumb/v7-m/nofp/crti.o
LOAD c:/st/stm32cubeide_1.12.0/stm32cubeide/plugins/com.st.stm32cube.ide.mcu.externaltools.gnu-tools-for-stm32.10.3-2021.10.win32_1.0.200.202301161003/tools/bin/../lib/gcc/arm-none-eabi/10.3.1/thumb/v7-m/nofp/crtbegin.o
LOAD c:/st/stm32cubeide_1.12.0/stm32cubeide/plugins/com.st.stm32cube.ide.mcu.externaltools.gnu-tools-for-stm32.10.3-2021.10.win32_1.0.200.202301161003/tools/bin/../lib/gcc/arm-none-eabi/10.3.1/../../../../arm-none-eabi/lib/thumb/v7-m/nofp/crt0.o
LOAD ./Core/Src/Analog.o
LOAD ./Core/Src/NRF24L01.o
LOAD ./Core/Src/adc.o
LOAD ./Core/Src/dma.o
LOAD ./Core/Src/gpio.o
LOAD ./Core/Src/main.o
LOAD ./Core/Src/spi.o
LOAD ./Core/Src/stm32f1xx_hal_msp.o
LOAD ./Core/Src/stm32f1xx_it.o
LOAD ./Core/Src/syscalls.o
LOAD ./Core/Src/sysmem.o
LOAD ./Core/Src/system_stm32f1xx.o
LOAD ./Core/Src/tim.o
LOAD ./Core/Src/usart.o
LOAD ./Core/Startup/startup_stm32f103c6tx.o
LOAD ./Drivers/STM32F1xx_HAL_Driver/Src/stm32f1xx_hal.o
LOAD ./Drivers/STM32F1xx_HAL_Driver/Src/stm32f1xx_hal_adc.o
LOAD ./Drivers/STM32F1xx_HAL_Driver/Src/stm32f1xx_hal_adc_ex.o
LOAD ./Drivers/STM32F1xx_HAL_Driver/Src/stm32f1xx_hal_cortex.o
LOAD ./Drivers/STM32F1xx_HAL_Driver/Src/stm32f1xx_hal_dma.o
LOAD ./Drivers/STM32F1xx_HAL_Driver/Src/stm32f1xx_hal_exti.o
LOAD ./Drivers/STM32F1xx_HAL_Driver/Src/stm32f1xx_hal_flash.o
LOAD ./Drivers/STM32F1xx_HAL_Driver/Src/stm32f1xx_hal_flash_ex.o
LOAD ./Drivers/STM32F1xx_HAL_Driver/Src/stm32f1xx_hal_gpio.o
LOAD ./Drivers/STM32F1xx_HAL_Driver/Src/stm32f1xx_hal_gpio_ex.o
LOAD ./Drivers/STM32F1xx_HAL_Driver/Src/stm32f1xx_hal_pwr.o
LOAD ./Drivers/STM32F1xx_HAL_Driver/Src/stm32f1xx_hal_rcc.o
LOAD ./Drivers/STM32F1xx_HAL_Driver/Src/stm32f1xx_hal_rcc_ex.o
LOAD ./Drivers/STM32F1xx_HAL_Driver/Src/stm32f1xx_hal_spi.o
LOAD ./Drivers/STM32F1xx_HAL_Driver/Src/stm32f1xx_hal_tim.o
LOAD ./Drivers/STM32F1xx_HAL_Driver/Src/stm32f1xx_hal_tim_ex.o
LOAD ./Drivers/STM32F1xx_HAL_Driver/Src/stm32f1xx_hal_uart.o
START GROUP
LOAD c:/st/stm32cubeide_1.12.0/stm32cubeide/plugins/com.st.stm32cube.ide.mcu.externaltools.gnu-tools-for-stm32.10.3-2021.10.win32_1.0.200.202301161003/tools/bin/../lib/gcc/arm-none-eabi/10.3.1/../../../../arm-none-eabi/lib/thumb/v7-m/nofp\libc_nano.a
LOAD c:/st/stm32cubeide_1.12.0/stm32cubeide/plugins/com.st.stm32cube.ide.mcu.externaltools.gnu-tools-for-stm32.10.3-2021.10.win32_1.0.200.202301161003/tools/bin/../lib/gcc/arm-none-eabi/10.3.1/../../../../arm-none-eabi/lib/thumb/v7-m/nofp\libm.a
END GROUP
START GROUP
LOAD c:/st/stm32cubeide_1.12.0/stm32cubeide/plugins/com.st.stm32cube.ide.mcu.externaltools.gnu-tools-for-stm32.10.3-2021.10.win32_1.0.200.202301161003/tools/bin/../lib/gcc/arm-none-eabi/10.3.1/thumb/v7-m/nofp\libgcc.a
LOAD c:/st/stm32cubeide_1.12.0/stm32cubeide/plugins/com.st.stm32cube.ide.mcu.externaltools.gnu-tools-for-stm32.10.3-2021.10.win32_1.0.200.202301161003/tools/bin/../lib/gcc/arm-none-eabi/10.3.1/../../../../arm-none-eabi/lib/thumb/v7-m/nofp\libc_nano.a
END GROUP
START GROUP
LOAD c:/st/stm32cubeide_1.12.0/stm32cubeide/plugins/com.st.stm32cube.ide.mcu.externaltools.gnu-tools-for-stm32.10.3-2021.10.win32_1.0.200.202301161003/tools/bin/../lib/gcc/arm-none-eabi/10.3.1/thumb/v7-m/nofp\libgcc.a
LOAD c:/st/stm32cubeide_1.12.0/stm32cubeide/plugins/com.st.stm32cube.ide.mcu.externaltools.gnu-tools-for-stm32.10.3-2021.10.win32_1.0.200.202301161003/tools/bin/../lib/gcc/arm-none-eabi/10.3.1/../../../../arm-none-eabi/lib/thumb/v7-m/nofp\libc_nano.a
LOAD c:/st/stm32cubeide_1.12.0/stm32cubeide/plugins/com.st.stm32cube.ide.mcu.externaltools.gnu-tools-for-stm32.10.3-2021.10.win32_1.0.200.202301161003/tools/bin/../lib/gcc/arm-none-eabi/10.3.1/../../../../arm-none-eabi/lib/thumb/v7-m/nofp\libnosys.a
END GROUP
START GROUP
LOAD c:/st/stm32cubeide_1.12.0/stm32cubeide/plugins/com.st.stm32cube.ide.mcu.externaltools.gnu-tools-for-stm32.10.3-2021.10.win32_1.0.200.202301161003/tools/bin/../lib/gcc/arm-none-eabi/10.3.1/thumb/v7-m/nofp\libgcc.a
LOAD c:/st/stm32cubeide_1.12.0/stm32cubeide/plugins/com.st.stm32cube.ide.mcu.externaltools.gnu-tools-for-stm32.10.3-2021.10.win32_1.0.200.202301161003/tools/bin/../lib/gcc/arm-none-eabi/10.3.1/../../../../arm-none-eabi/lib/thumb/v7-m/nofp\libc_nano.a
LOAD c:/st/stm32cubeide_1.12.0/stm32cubeide/plugins/com.st.stm32cube.ide.mcu.externaltools.gnu-tools-for-stm32.10.3-2021.10.win32_1.0.200.202301161003/tools/bin/../lib/gcc/arm-none-eabi/10.3.1/../../../../arm-none-eabi/lib/thumb/v7-m/nofp\libnosys.a
END GROUP
LOAD c:/st/stm32cubeide_1.12.0/stm32cubeide/plugins/com.st.stm32cube.ide.mcu.externaltools.gnu-tools-for-stm32.10.3-2021.10.win32_1.0.200.202301161003/tools/bin/../lib/gcc/arm-none-eabi/10.3.1/thumb/v7-m/nofp/crtend.o
LOAD c:/st/stm32cubeide_1.12.0/stm32cubeide/plugins/com.st.stm32cube.ide.mcu.externaltools.gnu-tools-for-stm32.10.3-2021.10.win32_1.0.200.202301161003/tools/bin/../lib/gcc/arm-none-eabi/10.3.1/thumb/v7-m/nofp/crtn.o
                0x0000000020002800                _estack = (ORIGIN (RAM) + LENGTH (RAM))
                0x0000000000000200                _Min_Heap_Size = 0x200
                0x0000000000000400                _Min_Stack_Size = 0x400

.isr_vector     0x0000000008000000      0x10c
                0x0000000008000000                . = ALIGN (0x4)
 *(.isr_vector)
 .isr_vector    0x0000000008000000      0x10c ./Core/Startup/startup_stm32f103c6tx.o
                0x0000000008000000                g_pfnVectors
                0x000000000800010c                . = ALIGN (0x4)

.text           0x0000000008000110     0x59c8
                0x0000000008000110                . = ALIGN (0x4)
 *(.text)
 .text          0x0000000008000110       0x40 c:/st/stm32cubeide_1.12.0/stm32cubeide/plugins/com.st.stm32cube.ide.mcu.externaltools.gnu-tools-for-stm32.10.3-2021.10.win32_1.0.200.202301161003/tools/bin/../lib/gcc/arm-none-eabi/10.3.1/thumb/v7-m/nofp/crtbegin.o
 .text          0x0000000008000150      0x254 c:/st/stm32cubeide_1.12.0/stm32cubeide/plugins/com.st.stm32cube.ide.mcu.externaltools.gnu-tools-for-stm32.10.3-2021.10.win32_1.0.200.202301161003/tools/bin/../lib/gcc/arm-none-eabi/10.3.1/thumb/v7-m/nofp\libgcc.a(_arm_muldf3.o)
                0x0000000008000150                __muldf3
                0x0000000008000150                __aeabi_dmul
 .text          0x00000000080003a4      0x378 c:/st/stm32cubeide_1.12.0/stm32cubeide/plugins/com.st.stm32cube.ide.mcu.externaltools.gnu-tools-for-stm32.10.3-2021.10.win32_1.0.200.202301161003/tools/bin/../lib/gcc/arm-none-eabi/10.3.1/thumb/v7-m/nofp\libgcc.a(_arm_addsubdf3.o)
                0x00000000080003a4                __aeabi_drsub
                0x00000000080003ac                __aeabi_dsub
                0x00000000080003ac                __subdf3
                0x00000000080003b0                __aeabi_dadd
                0x00000000080003b0                __adddf3
                0x0000000008000628                __floatunsidf
                0x0000000008000628                __aeabi_ui2d
                0x0000000008000648                __floatsidf
                0x0000000008000648                __aeabi_i2d
                0x000000000800066c                __aeabi_f2d
                0x000000000800066c                __extendsfdf2
                0x00000000080006b0                __floatundidf
                0x00000000080006b0                __aeabi_ul2d
                0x00000000080006c0                __floatdidf
                0x00000000080006c0                __aeabi_l2d
 .text          0x000000000800071c       0x40 c:/st/stm32cubeide_1.12.0/stm32cubeide/plugins/com.st.stm32cube.ide.mcu.externaltools.gnu-tools-for-stm32.10.3-2021.10.win32_1.0.200.202301161003/tools/bin/../lib/gcc/arm-none-eabi/10.3.1/thumb/v7-m/nofp\libgcc.a(_arm_fixunsdfsi.o)
                0x000000000800071c                __aeabi_d2uiz
                0x000000000800071c                __fixunsdfsi
 *(.text*)
 .text.analogInit
                0x000000000800075c       0x2c ./Core/Src/Analog.o
                0x000000000800075c                analogInit
 .text.JS_Init  0x0000000008000788       0x4e ./Core/Src/Analog.o
                0x0000000008000788                JS_Init
 *fill*         0x00000000080007d6        0x2 
 .text.JS_Aquisite
                0x00000000080007d8      0x290 ./Core/Src/Analog.o
                0x00000000080007d8                JS_Aquisite
 .text.JS_Calibrate
                0x0000000008000a68       0x50 ./Core/Src/Analog.o
                0x0000000008000a68                JS_Calibrate
 .text.map      0x0000000008000ab8       0x36 ./Core/Src/Analog.o
                0x0000000008000ab8                map
 *fill*         0x0000000008000aee        0x2 
 .text.NRF_CS_Select
                0x0000000008000af0       0x18 ./Core/Src/NRF24L01.o
                0x0000000008000af0                NRF_CS_Select
 .text.NRF_CS_Unselect
                0x0000000008000b08       0x18 ./Core/Src/NRF24L01.o
                0x0000000008000b08                NRF_CS_Unselect
 .text.NRF_CE_Enable
                0x0000000008000b20       0x18 ./Core/Src/NRF24L01.o
                0x0000000008000b20                NRF_CE_Enable
 .text.NRF_CE_Disable
                0x0000000008000b38       0x18 ./Core/Src/NRF24L01.o
                0x0000000008000b38                NRF_CE_Disable
 .text.NRF_WriteRegister
                0x0000000008000b50       0x44 ./Core/Src/NRF24L01.o
                0x0000000008000b50                NRF_WriteRegister
 .text.NRF_WriteRegisterMultiple
                0x0000000008000b94       0x4c ./Core/Src/NRF24L01.o
                0x0000000008000b94                NRF_WriteRegisterMultiple
 .text.NRF_ReadRegister
                0x0000000008000be0       0x40 ./Core/Src/NRF24L01.o
                0x0000000008000be0                NRF_ReadRegister
 .text.NRF_SendCommand
                0x0000000008000c20       0x2c ./Core/Src/NRF24L01.o
                0x0000000008000c20                NRF_SendCommand
 .text.NRF_Init
                0x0000000008000c4c       0x5c ./Core/Src/NRF24L01.o
                0x0000000008000c4c                NRF_Init
 .text.NRF_SetTxMode
                0x0000000008000ca8       0x4c ./Core/Src/NRF24L01.o
                0x0000000008000ca8                NRF_SetTxMode
 .text.NRF_Transmit
                0x0000000008000cf4       0x64 ./Core/Src/NRF24L01.o
                0x0000000008000cf4                NRF_Transmit
 .text.MX_ADC1_Init
                0x0000000008000d58       0xd4 ./Core/Src/adc.o
                0x0000000008000d58                MX_ADC1_Init
 .text.HAL_ADC_MspInit
                0x0000000008000e2c       0xd0 ./Core/Src/adc.o
                0x0000000008000e2c                HAL_ADC_MspInit
 .text.MX_DMA_Init
                0x0000000008000efc       0x3c ./Core/Src/dma.o
                0x0000000008000efc                MX_DMA_Init
 .text.MX_GPIO_Init
                0x0000000008000f38      0x148 ./Core/Src/gpio.o
                0x0000000008000f38                MX_GPIO_Init
 .text._write   0x0000000008001080       0x28 ./Core/Src/main.o
                0x0000000008001080                _write
 .text.main     0x00000000080010a8      0x160 ./Core/Src/main.o
                0x00000000080010a8                main
 .text.SystemClock_Config
                0x0000000008001208       0xba ./Core/Src/main.o
                0x0000000008001208                SystemClock_Config
 *fill*         0x00000000080012c2        0x2 
 .text.HAL_TIM_PeriodElapsedCallback
                0x00000000080012c4       0x40 ./Core/Src/main.o
                0x00000000080012c4                HAL_TIM_PeriodElapsedCallback
 .text.Error_Handler
                0x0000000008001304        0xa ./Core/Src/main.o
                0x0000000008001304                Error_Handler
 *fill*         0x000000000800130e        0x2 
 .text.MX_SPI1_Init
                0x0000000008001310       0x6c ./Core/Src/spi.o
                0x0000000008001310                MX_SPI1_Init
 .text.HAL_SPI_MspInit
                0x000000000800137c       0xc4 ./Core/Src/spi.o
                0x000000000800137c                HAL_SPI_MspInit
 .text.HAL_MspInit
                0x0000000008001440       0x44 ./Core/Src/stm32f1xx_hal_msp.o
                0x0000000008001440                HAL_MspInit
 .text.NMI_Handler
                0x0000000008001484        0xa ./Core/Src/stm32f1xx_it.o
                0x0000000008001484                NMI_Handler
 .text.HardFault_Handler
                0x000000000800148e        0x6 ./Core/Src/stm32f1xx_it.o
                0x000000000800148e                HardFault_Handler
 .text.MemManage_Handler
                0x0000000008001494        0x6 ./Core/Src/stm32f1xx_it.o
                0x0000000008001494                MemManage_Handler
 .text.BusFault_Handler
                0x000000000800149a        0x6 ./Core/Src/stm32f1xx_it.o
                0x000000000800149a                BusFault_Handler
 .text.UsageFault_Handler
                0x00000000080014a0        0x6 ./Core/Src/stm32f1xx_it.o
                0x00000000080014a0                UsageFault_Handler
 .text.SVC_Handler
                0x00000000080014a6        0xc ./Core/Src/stm32f1xx_it.o
                0x00000000080014a6                SVC_Handler
 .text.DebugMon_Handler
                0x00000000080014b2        0xc ./Core/Src/stm32f1xx_it.o
                0x00000000080014b2                DebugMon_Handler
 .text.PendSV_Handler
                0x00000000080014be        0xc ./Core/Src/stm32f1xx_it.o
                0x00000000080014be                PendSV_Handler
 .text.SysTick_Handler
                0x00000000080014ca        0xc ./Core/Src/stm32f1xx_it.o
                0x00000000080014ca                SysTick_Handler
 *fill*         0x00000000080014d6        0x2 
 .text.DMA1_Channel1_IRQHandler
                0x00000000080014d8       0x14 ./Core/Src/stm32f1xx_it.o
                0x00000000080014d8                DMA1_Channel1_IRQHandler
 .text.TIM1_BRK_IRQHandler
                0x00000000080014ec       0x14 ./Core/Src/stm32f1xx_it.o
                0x00000000080014ec                TIM1_BRK_IRQHandler
 .text.TIM1_UP_IRQHandler
                0x0000000008001500       0x14 ./Core/Src/stm32f1xx_it.o
                0x0000000008001500                TIM1_UP_IRQHandler
 .text.TIM1_TRG_COM_IRQHandler
                0x0000000008001514       0x14 ./Core/Src/stm32f1xx_it.o
                0x0000000008001514                TIM1_TRG_COM_IRQHandler
 .text.TIM1_CC_IRQHandler
                0x0000000008001528       0x14 ./Core/Src/stm32f1xx_it.o
                0x0000000008001528                TIM1_CC_IRQHandler
 .text.TIM2_IRQHandler
                0x000000000800153c       0x14 ./Core/Src/stm32f1xx_it.o
                0x000000000800153c                TIM2_IRQHandler
 .text.SPI1_IRQHandler
                0x0000000008001550       0x14 ./Core/Src/stm32f1xx_it.o
                0x0000000008001550                SPI1_IRQHandler
 .text._read    0x0000000008001564       0x3a ./Core/Src/syscalls.o
                0x0000000008001564                _read
 .text._close   0x000000000800159e       0x16 ./Core/Src/syscalls.o
                0x000000000800159e                _close
 .text._fstat   0x00000000080015b4       0x1e ./Core/Src/syscalls.o
                0x00000000080015b4                _fstat
 .text._isatty  0x00000000080015d2       0x14 ./Core/Src/syscalls.o
                0x00000000080015d2                _isatty
 .text._lseek   0x00000000080015e6       0x18 ./Core/Src/syscalls.o
                0x00000000080015e6                _lseek
 *fill*         0x00000000080015fe        0x2 
 .text._sbrk    0x0000000008001600       0x6c ./Core/Src/sysmem.o
                0x0000000008001600                _sbrk
 .text.SystemInit
                0x000000000800166c        0xc ./Core/Src/system_stm32f1xx.o
                0x000000000800166c                SystemInit
 .text.MX_TIM1_Init
                0x0000000008001678      0x104 ./Core/Src/tim.o
                0x0000000008001678                MX_TIM1_Init
 .text.MX_TIM2_Init
                0x000000000800177c       0xac ./Core/Src/tim.o
                0x000000000800177c                MX_TIM2_Init
 .text.HAL_TIM_OC_MspInit
                0x0000000008001828       0xb0 ./Core/Src/tim.o
                0x0000000008001828                HAL_TIM_OC_MspInit
 .text.MX_USART1_UART_Init
                0x00000000080018d8       0x54 ./Core/Src/usart.o
                0x00000000080018d8                MX_USART1_UART_Init
 .text.HAL_UART_MspInit
                0x000000000800192c       0x98 ./Core/Src/usart.o
                0x000000000800192c                HAL_UART_MspInit
 .text.Reset_Handler
                0x00000000080019c4       0x48 ./Core/Startup/startup_stm32f103c6tx.o
                0x00000000080019c4                Reset_Handler
 .text.Default_Handler
                0x0000000008001a0c        0x2 ./Core/Startup/startup_stm32f103c6tx.o
                0x0000000008001a0c                RTC_Alarm_IRQHandler
                0x0000000008001a0c                EXTI2_IRQHandler
                0x0000000008001a0c                PVD_IRQHandler
                0x0000000008001a0c                EXTI3_IRQHandler
                0x0000000008001a0c                EXTI0_IRQHandler
                0x0000000008001a0c                ADC1_2_IRQHandler
                0x0000000008001a0c                TAMPER_IRQHandler
                0x0000000008001a0c                DMA1_Channel4_IRQHandler
                0x0000000008001a0c                RTC_IRQHandler
                0x0000000008001a0c                DMA1_Channel7_IRQHandler
                0x0000000008001a0c                CAN1_RX1_IRQHandler
                0x0000000008001a0c                I2C1_EV_IRQHandler
                0x0000000008001a0c                DMA1_Channel6_IRQHandler
                0x0000000008001a0c                TIM3_IRQHandler
                0x0000000008001a0c                RCC_IRQHandler
                0x0000000008001a0c                Default_Handler
                0x0000000008001a0c                EXTI15_10_IRQHandler
                0x0000000008001a0c                EXTI9_5_IRQHandler
                0x0000000008001a0c                DMA1_Channel5_IRQHandler
                0x0000000008001a0c                EXTI4_IRQHandler
                0x0000000008001a0c                USB_LP_CAN1_RX0_IRQHandler
                0x0000000008001a0c                USB_HP_CAN1_TX_IRQHandler
                0x0000000008001a0c                DMA1_Channel3_IRQHandler
                0x0000000008001a0c                WWDG_IRQHandler
                0x0000000008001a0c                EXTI1_IRQHandler
                0x0000000008001a0c                USART2_IRQHandler
                0x0000000008001a0c                DMA1_Channel2_IRQHandler
                0x0000000008001a0c                CAN1_SCE_IRQHandler
                0x0000000008001a0c                FLASH_IRQHandler
                0x0000000008001a0c                USART1_IRQHandler
                0x0000000008001a0c                I2C1_ER_IRQHandler
                0x0000000008001a0c                USBWakeUp_IRQHandler
 *fill*         0x0000000008001a0e        0x2 
 .text.HAL_Init
                0x0000000008001a10       0x2c ./Drivers/STM32F1xx_HAL_Driver/Src/stm32f1xx_hal.o
                0x0000000008001a10                HAL_Init
 .text.HAL_InitTick
                0x0000000008001a3c       0x60 ./Drivers/STM32F1xx_HAL_Driver/Src/stm32f1xx_hal.o
                0x0000000008001a3c                HAL_InitTick
 .text.HAL_IncTick
                0x0000000008001a9c       0x24 ./Drivers/STM32F1xx_HAL_Driver/Src/stm32f1xx_hal.o
                0x0000000008001a9c                HAL_IncTick
 .text.HAL_GetTick
                0x0000000008001ac0       0x14 ./Drivers/STM32F1xx_HAL_Driver/Src/stm32f1xx_hal.o
                0x0000000008001ac0                HAL_GetTick
 .text.HAL_Delay
                0x0000000008001ad4       0x48 ./Drivers/STM32F1xx_HAL_Driver/Src/stm32f1xx_hal.o
                0x0000000008001ad4                HAL_Delay
 .text.HAL_ADC_Init
                0x0000000008001b1c      0x1b0 ./Drivers/STM32F1xx_HAL_Driver/Src/stm32f1xx_hal_adc.o
                0x0000000008001b1c                HAL_ADC_Init
 .text.HAL_ADC_Start_DMA
                0x0000000008001ccc      0x1bc ./Drivers/STM32F1xx_HAL_Driver/Src/stm32f1xx_hal_adc.o
                0x0000000008001ccc                HAL_ADC_Start_DMA
 .text.HAL_ADC_ConvCpltCallback
                0x0000000008001e88       0x12 ./Drivers/STM32F1xx_HAL_Driver/Src/stm32f1xx_hal_adc.o
                0x0000000008001e88                HAL_ADC_ConvCpltCallback
 .text.HAL_ADC_ConvHalfCpltCallback
                0x0000000008001e9a       0x12 ./Drivers/STM32F1xx_HAL_Driver/Src/stm32f1xx_hal_adc.o
                0x0000000008001e9a                HAL_ADC_ConvHalfCpltCallback
 .text.HAL_ADC_ErrorCallback
                0x0000000008001eac       0x12 ./Drivers/STM32F1xx_HAL_Driver/Src/stm32f1xx_hal_adc.o
                0x0000000008001eac                HAL_ADC_ErrorCallback
 *fill*         0x0000000008001ebe        0x2 
 .text.HAL_ADC_ConfigChannel
                0x0000000008001ec0      0x1f0 ./Drivers/STM32F1xx_HAL_Driver/Src/stm32f1xx_hal_adc.o
                0x0000000008001ec0                HAL_ADC_ConfigChannel
 .text.ADC_Enable
                0x00000000080020b0       0xb4 ./Drivers/STM32F1xx_HAL_Driver/Src/stm32f1xx_hal_adc.o
                0x00000000080020b0                ADC_Enable
 .text.ADC_ConversionStop_Disable
                0x0000000008002164       0x82 ./Drivers/STM32F1xx_HAL_Driver/Src/stm32f1xx_hal_adc.o
                0x0000000008002164                ADC_ConversionStop_Disable
 .text.ADC_DMAConvCplt
                0x00000000080021e6       0x7c ./Drivers/STM32F1xx_HAL_Driver/Src/stm32f1xx_hal_adc.o
                0x00000000080021e6                ADC_DMAConvCplt
 .text.ADC_DMAHalfConvCplt
                0x0000000008002262       0x1c ./Drivers/STM32F1xx_HAL_Driver/Src/stm32f1xx_hal_adc.o
                0x0000000008002262                ADC_DMAHalfConvCplt
 .text.ADC_DMAError
                0x000000000800227e       0x34 ./Drivers/STM32F1xx_HAL_Driver/Src/stm32f1xx_hal_adc.o
                0x000000000800227e                ADC_DMAError
 *fill*         0x00000000080022b2        0x2 
 .text.__NVIC_SetPriorityGrouping
                0x00000000080022b4       0x48 ./Drivers/STM32F1xx_HAL_Driver/Src/stm32f1xx_hal_cortex.o
 .text.__NVIC_GetPriorityGrouping
                0x00000000080022fc       0x1c ./Drivers/STM32F1xx_HAL_Driver/Src/stm32f1xx_hal_cortex.o
 .text.__NVIC_EnableIRQ
                0x0000000008002318       0x38 ./Drivers/STM32F1xx_HAL_Driver/Src/stm32f1xx_hal_cortex.o
 .text.__NVIC_SetPriority
                0x0000000008002350       0x54 ./Drivers/STM32F1xx_HAL_Driver/Src/stm32f1xx_hal_cortex.o
 .text.NVIC_EncodePriority
                0x00000000080023a4       0x64 ./Drivers/STM32F1xx_HAL_Driver/Src/stm32f1xx_hal_cortex.o
 .text.SysTick_Config
                0x0000000008002408       0x44 ./Drivers/STM32F1xx_HAL_Driver/Src/stm32f1xx_hal_cortex.o
 .text.HAL_NVIC_SetPriorityGrouping
                0x000000000800244c       0x16 ./Drivers/STM32F1xx_HAL_Driver/Src/stm32f1xx_hal_cortex.o
                0x000000000800244c                HAL_NVIC_SetPriorityGrouping
 .text.HAL_NVIC_SetPriority
                0x0000000008002462       0x38 ./Drivers/STM32F1xx_HAL_Driver/Src/stm32f1xx_hal_cortex.o
                0x0000000008002462                HAL_NVIC_SetPriority
 .text.HAL_NVIC_EnableIRQ
                0x000000000800249a       0x1c ./Drivers/STM32F1xx_HAL_Driver/Src/stm32f1xx_hal_cortex.o
                0x000000000800249a                HAL_NVIC_EnableIRQ
 .text.HAL_SYSTICK_Config
                0x00000000080024b6       0x18 ./Drivers/STM32F1xx_HAL_Driver/Src/stm32f1xx_hal_cortex.o
                0x00000000080024b6                HAL_SYSTICK_Config
 *fill*         0x00000000080024ce        0x2 
 .text.HAL_DMA_Init
                0x00000000080024d0       0xb4 ./Drivers/STM32F1xx_HAL_Driver/Src/stm32f1xx_hal_dma.o
                0x00000000080024d0                HAL_DMA_Init
 .text.HAL_DMA_Start_IT
                0x0000000008002584       0xbe ./Drivers/STM32F1xx_HAL_Driver/Src/stm32f1xx_hal_dma.o
                0x0000000008002584                HAL_DMA_Start_IT
 *fill*         0x0000000008002642        0x2 
 .text.HAL_DMA_Abort_IT
                0x0000000008002644       0xec ./Drivers/STM32F1xx_HAL_Driver/Src/stm32f1xx_hal_dma.o
                0x0000000008002644                HAL_DMA_Abort_IT
 .text.HAL_DMA_IRQHandler
                0x0000000008002730      0x20c ./Drivers/STM32F1xx_HAL_Driver/Src/stm32f1xx_hal_dma.o
                0x0000000008002730                HAL_DMA_IRQHandler
 .text.DMA_SetConfig
                0x000000000800293c       0x5a ./Drivers/STM32F1xx_HAL_Driver/Src/stm32f1xx_hal_dma.o
 *fill*         0x0000000008002996        0x2 
 .text.HAL_GPIO_Init
                0x0000000008002998      0x2f8 ./Drivers/STM32F1xx_HAL_Driver/Src/stm32f1xx_hal_gpio.o
                0x0000000008002998                HAL_GPIO_Init
 .text.HAL_GPIO_WritePin
                0x0000000008002c90       0x30 ./Drivers/STM32F1xx_HAL_Driver/Src/stm32f1xx_hal_gpio.o
                0x0000000008002c90                HAL_GPIO_WritePin
 .text.HAL_RCC_OscConfig
                0x0000000008002cc0      0x504 ./Drivers/STM32F1xx_HAL_Driver/Src/stm32f1xx_hal_rcc.o
                0x0000000008002cc0                HAL_RCC_OscConfig
 .text.HAL_RCC_ClockConfig
                0x00000000080031c4      0x1d4 ./Drivers/STM32F1xx_HAL_Driver/Src/stm32f1xx_hal_rcc.o
                0x00000000080031c4                HAL_RCC_ClockConfig
 .text.HAL_RCC_EnableCSS
                0x0000000008003398       0x18 ./Drivers/STM32F1xx_HAL_Driver/Src/stm32f1xx_hal_rcc.o
                0x0000000008003398                HAL_RCC_EnableCSS
 .text.HAL_RCC_GetSysClockFreq
                0x00000000080033b0       0xbc ./Drivers/STM32F1xx_HAL_Driver/Src/stm32f1xx_hal_rcc.o
                0x00000000080033b0                HAL_RCC_GetSysClockFreq
 .text.HAL_RCC_GetHCLKFreq
                0x000000000800346c       0x14 ./Drivers/STM32F1xx_HAL_Driver/Src/stm32f1xx_hal_rcc.o
                0x000000000800346c                HAL_RCC_GetHCLKFreq
 .text.HAL_RCC_GetPCLK1Freq
                0x0000000008003480       0x28 ./Drivers/STM32F1xx_HAL_Driver/Src/stm32f1xx_hal_rcc.o
                0x0000000008003480                HAL_RCC_GetPCLK1Freq
 .text.HAL_RCC_GetPCLK2Freq
                0x00000000080034a8       0x28 ./Drivers/STM32F1xx_HAL_Driver/Src/stm32f1xx_hal_rcc.o
                0x00000000080034a8                HAL_RCC_GetPCLK2Freq
 .text.HAL_RCC_NMI_IRQHandler
                0x00000000080034d0       0x28 ./Drivers/STM32F1xx_HAL_Driver/Src/stm32f1xx_hal_rcc.o
                0x00000000080034d0                HAL_RCC_NMI_IRQHandler
 .text.RCC_Delay
                0x00000000080034f8       0x3c ./Drivers/STM32F1xx_HAL_Driver/Src/stm32f1xx_hal_rcc.o
 .text.HAL_RCC_CSSCallback
                0x0000000008003534        0xc ./Drivers/STM32F1xx_HAL_Driver/Src/stm32f1xx_hal_rcc.o
                0x0000000008003534                HAL_RCC_CSSCallback
 .text.HAL_RCCEx_PeriphCLKConfig
                0x0000000008003540      0x16c ./Drivers/STM32F1xx_HAL_Driver/Src/stm32f1xx_hal_rcc_ex.o
                0x0000000008003540                HAL_RCCEx_PeriphCLKConfig
 .text.HAL_SPI_Init
                0x00000000080036ac      0x108 ./Drivers/STM32F1xx_HAL_Driver/Src/stm32f1xx_hal_spi.o
                0x00000000080036ac                HAL_SPI_Init
 .text.HAL_SPI_Transmit
                0x00000000080037b4      0x278 ./Drivers/STM32F1xx_HAL_Driver/Src/stm32f1xx_hal_spi.o
                0x00000000080037b4                HAL_SPI_Transmit
 .text.HAL_SPI_Receive
                0x0000000008003a2c      0x222 ./Drivers/STM32F1xx_HAL_Driver/Src/stm32f1xx_hal_spi.o
                0x0000000008003a2c                HAL_SPI_Receive
 .text.HAL_SPI_TransmitReceive
                0x0000000008003c4e      0x344 ./Drivers/STM32F1xx_HAL_Driver/Src/stm32f1xx_hal_spi.o
                0x0000000008003c4e                HAL_SPI_TransmitReceive
 *fill*         0x0000000008003f92        0x2 
 .text.HAL_SPI_IRQHandler
                0x0000000008003f94      0x1cc ./Drivers/STM32F1xx_HAL_Driver/Src/stm32f1xx_hal_spi.o
                0x0000000008003f94                HAL_SPI_IRQHandler
 .text.HAL_SPI_ErrorCallback
                0x0000000008004160       0x12 ./Drivers/STM32F1xx_HAL_Driver/Src/stm32f1xx_hal_spi.o
                0x0000000008004160                HAL_SPI_ErrorCallback
 .text.SPI_DMAAbortOnError
                0x0000000008004172       0x28 ./Drivers/STM32F1xx_HAL_Driver/Src/stm32f1xx_hal_spi.o
 *fill*         0x000000000800419a        0x2 
 .text.SPI_WaitFlagStateUntilTimeout
                0x000000000800419c      0x110 ./Drivers/STM32F1xx_HAL_Driver/Src/stm32f1xx_hal_spi.o
 .text.SPI_EndRxTransaction
                0x00000000080042ac       0xa4 ./Drivers/STM32F1xx_HAL_Driver/Src/stm32f1xx_hal_spi.o
 .text.SPI_EndRxTxTransaction
                0x0000000008004350       0x3c ./Drivers/STM32F1xx_HAL_Driver/Src/stm32f1xx_hal_spi.o
 .text.HAL_TIM_Base_Start_IT
                0x000000000800438c       0x98 ./Drivers/STM32F1xx_HAL_Driver/Src/stm32f1xx_hal_tim.o
                0x000000000800438c                HAL_TIM_Base_Start_IT
 .text.HAL_TIM_OC_Init
                0x0000000008004424       0x9e ./Drivers/STM32F1xx_HAL_Driver/Src/stm32f1xx_hal_tim.o
                0x0000000008004424                HAL_TIM_OC_Init
 .text.HAL_TIM_IRQHandler
                0x00000000080044c2      0x210 ./Drivers/STM32F1xx_HAL_Driver/Src/stm32f1xx_hal_tim.o
                0x00000000080044c2                HAL_TIM_IRQHandler
 *fill*         0x00000000080046d2        0x2 
 .text.HAL_TIM_OC_ConfigChannel
                0x00000000080046d4       0xb0 ./Drivers/STM32F1xx_HAL_Driver/Src/stm32f1xx_hal_tim.o
                0x00000000080046d4                HAL_TIM_OC_ConfigChannel
 .text.HAL_TIM_OC_DelayElapsedCallback
                0x0000000008004784       0x12 ./Drivers/STM32F1xx_HAL_Driver/Src/stm32f1xx_hal_tim.o
                0x0000000008004784                HAL_TIM_OC_DelayElapsedCallback
 .text.HAL_TIM_IC_CaptureCallback
                0x0000000008004796       0x12 ./Drivers/STM32F1xx_HAL_Driver/Src/stm32f1xx_hal_tim.o
                0x0000000008004796                HAL_TIM_IC_CaptureCallback
 .text.HAL_TIM_PWM_PulseFinishedCallback
                0x00000000080047a8       0x12 ./Drivers/STM32F1xx_HAL_Driver/Src/stm32f1xx_hal_tim.o
                0x00000000080047a8                HAL_TIM_PWM_PulseFinishedCallback
 .text.HAL_TIM_TriggerCallback
                0x00000000080047ba       0x12 ./Drivers/STM32F1xx_HAL_Driver/Src/stm32f1xx_hal_tim.o
                0x00000000080047ba                HAL_TIM_TriggerCallback
 .text.TIM_Base_SetConfig
                0x00000000080047cc       0xb0 ./Drivers/STM32F1xx_HAL_Driver/Src/stm32f1xx_hal_tim.o
                0x00000000080047cc                TIM_Base_SetConfig
 .text.TIM_OC1_SetConfig
                0x000000000800487c       0xcc ./Drivers/STM32F1xx_HAL_Driver/Src/stm32f1xx_hal_tim.o
 .text.TIM_OC2_SetConfig
                0x0000000008004948       0xd4 ./Drivers/STM32F1xx_HAL_Driver/Src/stm32f1xx_hal_tim.o
                0x0000000008004948                TIM_OC2_SetConfig
 .text.TIM_OC3_SetConfig
                0x0000000008004a1c       0xd4 ./Drivers/STM32F1xx_HAL_Driver/Src/stm32f1xx_hal_tim.o
 .text.TIM_OC4_SetConfig
                0x0000000008004af0       0x9c ./Drivers/STM32F1xx_HAL_Driver/Src/stm32f1xx_hal_tim.o
 .text.HAL_TIMEx_MasterConfigSynchronization
                0x0000000008004b8c       0xb0 ./Drivers/STM32F1xx_HAL_Driver/Src/stm32f1xx_hal_tim_ex.o
                0x0000000008004b8c                HAL_TIMEx_MasterConfigSynchronization
 .text.HAL_TIMEx_ConfigBreakDeadTime
                0x0000000008004c3c       0xa2 ./Drivers/STM32F1xx_HAL_Driver/Src/stm32f1xx_hal_tim_ex.o
                0x0000000008004c3c                HAL_TIMEx_ConfigBreakDeadTime
 .text.HAL_TIMEx_CommutCallback
                0x0000000008004cde       0x12 ./Drivers/STM32F1xx_HAL_Driver/Src/stm32f1xx_hal_tim_ex.o
                0x0000000008004cde                HAL_TIMEx_CommutCallback
 .text.HAL_TIMEx_BreakCallback
                0x0000000008004cf0       0x12 ./Drivers/STM32F1xx_HAL_Driver/Src/stm32f1xx_hal_tim_ex.o
                0x0000000008004cf0                HAL_TIMEx_BreakCallback
 .text.HAL_UART_Init
                0x0000000008004d02       0x9a ./Drivers/STM32F1xx_HAL_Driver/Src/stm32f1xx_hal_uart.o
                0x0000000008004d02                HAL_UART_Init
 .text.HAL_UART_Transmit
                0x0000000008004d9c      0x124 ./Drivers/STM32F1xx_HAL_Driver/Src/stm32f1xx_hal_uart.o
                0x0000000008004d9c                HAL_UART_Transmit
 .text.UART_WaitOnFlagUntilTimeout
                0x0000000008004ec0       0x94 ./Drivers/STM32F1xx_HAL_Driver/Src/stm32f1xx_hal_uart.o
 .text.UART_SetConfig
                0x0000000008004f54      0x11c ./Drivers/STM32F1xx_HAL_Driver/Src/stm32f1xx_hal_uart.o
 .text.__errno  0x0000000008005070        0xc c:/st/stm32cubeide_1.12.0/stm32cubeide/plugins/com.st.stm32cube.ide.mcu.externaltools.gnu-tools-for-stm32.10.3-2021.10.win32_1.0.200.202301161003/tools/bin/../lib/gcc/arm-none-eabi/10.3.1/../../../../arm-none-eabi/lib/thumb/v7-m/nofp\libc_nano.a(lib_a-errno.o)
                0x0000000008005070                __errno
 .text.__libc_init_array
                0x000000000800507c       0x48 c:/st/stm32cubeide_1.12.0/stm32cubeide/plugins/com.st.stm32cube.ide.mcu.externaltools.gnu-tools-for-stm32.10.3-2021.10.win32_1.0.200.202301161003/tools/bin/../lib/gcc/arm-none-eabi/10.3.1/../../../../arm-none-eabi/lib/thumb/v7-m/nofp\libc_nano.a(lib_a-init.o)
                0x000000000800507c                __libc_init_array
 .text.memset   0x00000000080050c4       0x10 c:/st/stm32cubeide_1.12.0/stm32cubeide/plugins/com.st.stm32cube.ide.mcu.externaltools.gnu-tools-for-stm32.10.3-2021.10.win32_1.0.200.202301161003/tools/bin/../lib/gcc/arm-none-eabi/10.3.1/../../../../arm-none-eabi/lib/thumb/v7-m/nofp\libc_nano.a(lib_a-memset.o)
                0x00000000080050c4                memset
 .text._puts_r  0x00000000080050d4       0xdc c:/st/stm32cubeide_1.12.0/stm32cubeide/plugins/com.st.stm32cube.ide.mcu.externaltools.gnu-tools-for-stm32.10.3-2021.10.win32_1.0.200.202301161003/tools/bin/../lib/gcc/arm-none-eabi/10.3.1/../../../../arm-none-eabi/lib/thumb/v7-m/nofp\libc_nano.a(lib_a-puts.o)
                0x00000000080050d4                _puts_r
 .text.puts     0x00000000080051b0       0x10 c:/st/stm32cubeide_1.12.0/stm32cubeide/plugins/com.st.stm32cube.ide.mcu.externaltools.gnu-tools-for-stm32.10.3-2021.10.win32_1.0.200.202301161003/tools/bin/../lib/gcc/arm-none-eabi/10.3.1/../../../../arm-none-eabi/lib/thumb/v7-m/nofp\libc_nano.a(lib_a-puts.o)
                0x00000000080051b0                puts
 .text.__swbuf_r
                0x00000000080051c0       0xa4 c:/st/stm32cubeide_1.12.0/stm32cubeide/plugins/com.st.stm32cube.ide.mcu.externaltools.gnu-tools-for-stm32.10.3-2021.10.win32_1.0.200.202301161003/tools/bin/../lib/gcc/arm-none-eabi/10.3.1/../../../../arm-none-eabi/lib/thumb/v7-m/nofp\libc_nano.a(lib_a-wbuf.o)
                0x00000000080051c0                __swbuf_r
 .text.__swsetup_r
                0x0000000008005264       0xdc c:/st/stm32cubeide_1.12.0/stm32cubeide/plugins/com.st.stm32cube.ide.mcu.externaltools.gnu-tools-for-stm32.10.3-2021.10.win32_1.0.200.202301161003/tools/bin/../lib/gcc/arm-none-eabi/10.3.1/../../../../arm-none-eabi/lib/thumb/v7-m/nofp\libc_nano.a(lib_a-wsetup.o)
                0x0000000008005264                __swsetup_r
 .text.__sflush_r
                0x0000000008005340      0x104 c:/st/stm32cubeide_1.12.0/stm32cubeide/plugins/com.st.stm32cube.ide.mcu.externaltools.gnu-tools-for-stm32.10.3-2021.10.win32_1.0.200.202301161003/tools/bin/../lib/gcc/arm-none-eabi/10.3.1/../../../../arm-none-eabi/lib/thumb/v7-m/nofp\libc_nano.a(lib_a-fflush.o)
                0x0000000008005340                __sflush_r
 .text._fflush_r
                0x0000000008005444       0x78 c:/st/stm32cubeide_1.12.0/stm32cubeide/plugins/com.st.stm32cube.ide.mcu.externaltools.gnu-tools-for-stm32.10.3-2021.10.win32_1.0.200.202301161003/tools/bin/../lib/gcc/arm-none-eabi/10.3.1/../../../../arm-none-eabi/lib/thumb/v7-m/nofp\libc_nano.a(lib_a-fflush.o)
                0x0000000008005444                _fflush_r
 .text.std      0x00000000080054bc       0x48 c:/st/stm32cubeide_1.12.0/stm32cubeide/plugins/com.st.stm32cube.ide.mcu.externaltools.gnu-tools-for-stm32.10.3-2021.10.win32_1.0.200.202301161003/tools/bin/../lib/gcc/arm-none-eabi/10.3.1/../../../../arm-none-eabi/lib/thumb/v7-m/nofp\libc_nano.a(lib_a-findfp.o)
 .text._cleanup_r
                0x0000000008005504        0xc c:/st/stm32cubeide_1.12.0/stm32cubeide/plugins/com.st.stm32cube.ide.mcu.externaltools.gnu-tools-for-stm32.10.3-2021.10.win32_1.0.200.202301161003/tools/bin/../lib/gcc/arm-none-eabi/10.3.1/../../../../arm-none-eabi/lib/thumb/v7-m/nofp\libc_nano.a(lib_a-findfp.o)
                0x0000000008005504                _cleanup_r
 .text.__sfmoreglue
                0x0000000008005510       0x2c c:/st/stm32cubeide_1.12.0/stm32cubeide/plugins/com.st.stm32cube.ide.mcu.externaltools.gnu-tools-for-stm32.10.3-2021.10.win32_1.0.200.202301161003/tools/bin/../lib/gcc/arm-none-eabi/10.3.1/../../../../arm-none-eabi/lib/thumb/v7-m/nofp\libc_nano.a(lib_a-findfp.o)
                0x0000000008005510                __sfmoreglue
 .text.__sfp_lock_acquire
                0x000000000800553c        0xc c:/st/stm32cubeide_1.12.0/stm32cubeide/plugins/com.st.stm32cube.ide.mcu.externaltools.gnu-tools-for-stm32.10.3-2021.10.win32_1.0.200.202301161003/tools/bin/../lib/gcc/arm-none-eabi/10.3.1/../../../../arm-none-eabi/lib/thumb/v7-m/nofp\libc_nano.a(lib_a-findfp.o)
                0x000000000800553c                __sfp_lock_acquire
 .text.__sfp_lock_release
                0x0000000008005548        0xc c:/st/stm32cubeide_1.12.0/stm32cubeide/plugins/com.st.stm32cube.ide.mcu.externaltools.gnu-tools-for-stm32.10.3-2021.10.win32_1.0.200.202301161003/tools/bin/../lib/gcc/arm-none-eabi/10.3.1/../../../../arm-none-eabi/lib/thumb/v7-m/nofp\libc_nano.a(lib_a-findfp.o)
                0x0000000008005548                __sfp_lock_release
 .text.__sinit_lock_acquire
                0x0000000008005554        0xc c:/st/stm32cubeide_1.12.0/stm32cubeide/plugins/com.st.stm32cube.ide.mcu.externaltools.gnu-tools-for-stm32.10.3-2021.10.win32_1.0.200.202301161003/tools/bin/../lib/gcc/arm-none-eabi/10.3.1/../../../../arm-none-eabi/lib/thumb/v7-m/nofp\libc_nano.a(lib_a-findfp.o)
                0x0000000008005554                __sinit_lock_acquire
 .text.__sinit_lock_release
                0x0000000008005560        0xc c:/st/stm32cubeide_1.12.0/stm32cubeide/plugins/com.st.stm32cube.ide.mcu.externaltools.gnu-tools-for-stm32.10.3-2021.10.win32_1.0.200.202301161003/tools/bin/../lib/gcc/arm-none-eabi/10.3.1/../../../../arm-none-eabi/lib/thumb/v7-m/nofp\libc_nano.a(lib_a-findfp.o)
                0x0000000008005560                __sinit_lock_release
 .text.__sinit  0x000000000800556c       0x70 c:/st/stm32cubeide_1.12.0/stm32cubeide/plugins/com.st.stm32cube.ide.mcu.externaltools.gnu-tools-for-stm32.10.3-2021.10.win32_1.0.200.202301161003/tools/bin/../lib/gcc/arm-none-eabi/10.3.1/../../../../arm-none-eabi/lib/thumb/v7-m/nofp\libc_nano.a(lib_a-findfp.o)
                0x000000000800556c                __sinit
 .text.__sfp    0x00000000080055dc       0x8c c:/st/stm32cubeide_1.12.0/stm32cubeide/plugins/com.st.stm32cube.ide.mcu.externaltools.gnu-tools-for-stm32.10.3-2021.10.win32_1.0.200.202301161003/tools/bin/../lib/gcc/arm-none-eabi/10.3.1/../../../../arm-none-eabi/lib/thumb/v7-m/nofp\libc_nano.a(lib_a-findfp.o)
                0x00000000080055dc                __sfp
 .text._fwalk_reent
                0x0000000008005668       0x3e c:/st/stm32cubeide_1.12.0/stm32cubeide/plugins/com.st.stm32cube.ide.mcu.externaltools.gnu-tools-for-stm32.10.3-2021.10.win32_1.0.200.202301161003/tools/bin/../lib/gcc/arm-none-eabi/10.3.1/../../../../arm-none-eabi/lib/thumb/v7-m/nofp\libc_nano.a(lib_a-fwalk.o)
                0x0000000008005668                _fwalk_reent
 .text.__retarget_lock_init_recursive
                0x00000000080056a6        0x2 c:/st/stm32cubeide_1.12.0/stm32cubeide/plugins/com.st.stm32cube.ide.mcu.externaltools.gnu-tools-for-stm32.10.3-2021.10.win32_1.0.200.202301161003/tools/bin/../lib/gcc/arm-none-eabi/10.3.1/../../../../arm-none-eabi/lib/thumb/v7-m/nofp\libc_nano.a(lib_a-lock.o)
                0x00000000080056a6                __retarget_lock_init_recursive
 .text.__retarget_lock_acquire_recursive
                0x00000000080056a8        0x2 c:/st/stm32cubeide_1.12.0/stm32cubeide/plugins/com.st.stm32cube.ide.mcu.externaltools.gnu-tools-for-stm32.10.3-2021.10.win32_1.0.200.202301161003/tools/bin/../lib/gcc/arm-none-eabi/10.3.1/../../../../arm-none-eabi/lib/thumb/v7-m/nofp\libc_nano.a(lib_a-lock.o)
                0x00000000080056a8                __retarget_lock_acquire_recursive
 .text.__retarget_lock_release_recursive
                0x00000000080056aa        0x2 c:/st/stm32cubeide_1.12.0/stm32cubeide/plugins/com.st.stm32cube.ide.mcu.externaltools.gnu-tools-for-stm32.10.3-2021.10.win32_1.0.200.202301161003/tools/bin/../lib/gcc/arm-none-eabi/10.3.1/../../../../arm-none-eabi/lib/thumb/v7-m/nofp\libc_nano.a(lib_a-lock.o)
                0x00000000080056aa                __retarget_lock_release_recursive
 .text.__swhatbuf_r
                0x00000000080056ac       0x4a c:/st/stm32cubeide_1.12.0/stm32cubeide/plugins/com.st.stm32cube.ide.mcu.externaltools.gnu-tools-for-stm32.10.3-2021.10.win32_1.0.200.202301161003/tools/bin/../lib/gcc/arm-none-eabi/10.3.1/../../../../arm-none-eabi/lib/thumb/v7-m/nofp\libc_nano.a(lib_a-makebuf.o)
                0x00000000080056ac                __swhatbuf_r
 *fill*         0x00000000080056f6        0x2 
 .text.__smakebuf_r
                0x00000000080056f8       0x80 c:/st/stm32cubeide_1.12.0/stm32cubeide/plugins/com.st.stm32cube.ide.mcu.externaltools.gnu-tools-for-stm32.10.3-2021.10.win32_1.0.200.202301161003/tools/bin/../lib/gcc/arm-none-eabi/10.3.1/../../../../arm-none-eabi/lib/thumb/v7-m/nofp\libc_nano.a(lib_a-makebuf.o)
                0x00000000080056f8                __smakebuf_r
 .text._free_r  0x0000000008005778       0x90 c:/st/stm32cubeide_1.12.0/stm32cubeide/plugins/com.st.stm32cube.ide.mcu.externaltools.gnu-tools-for-stm32.10.3-2021.10.win32_1.0.200.202301161003/tools/bin/../lib/gcc/arm-none-eabi/10.3.1/../../../../arm-none-eabi/lib/thumb/v7-m/nofp\libc_nano.a(lib_a-nano-freer.o)
                0x0000000008005778                _free_r
 .text.sbrk_aligned
                0x0000000008005808       0x40 c:/st/stm32cubeide_1.12.0/stm32cubeide/plugins/com.st.stm32cube.ide.mcu.externaltools.gnu-tools-for-stm32.10.3-2021.10.win32_1.0.200.202301161003/tools/bin/../lib/gcc/arm-none-eabi/10.3.1/../../../../arm-none-eabi/lib/thumb/v7-m/nofp\libc_nano.a(lib_a-nano-mallocr.o)
 .text._malloc_r
                0x0000000008005848       0xe8 c:/st/stm32cubeide_1.12.0/stm32cubeide/plugins/com.st.stm32cube.ide.mcu.externaltools.gnu-tools-for-stm32.10.3-2021.10.win32_1.0.200.202301161003/tools/bin/../lib/gcc/arm-none-eabi/10.3.1/../../../../arm-none-eabi/lib/thumb/v7-m/nofp\libc_nano.a(lib_a-nano-mallocr.o)
                0x0000000008005848                _malloc_r
 .text._sbrk_r  0x0000000008005930       0x20 c:/st/stm32cubeide_1.12.0/stm32cubeide/plugins/com.st.stm32cube.ide.mcu.externaltools.gnu-tools-for-stm32.10.3-2021.10.win32_1.0.200.202301161003/tools/bin/../lib/gcc/arm-none-eabi/10.3.1/../../../../arm-none-eabi/lib/thumb/v7-m/nofp\libc_nano.a(lib_a-sbrkr.o)
                0x0000000008005930                _sbrk_r
 .text.__sread  0x0000000008005950       0x22 c:/st/stm32cubeide_1.12.0/stm32cubeide/plugins/com.st.stm32cube.ide.mcu.externaltools.gnu-tools-for-stm32.10.3-2021.10.win32_1.0.200.202301161003/tools/bin/../lib/gcc/arm-none-eabi/10.3.1/../../../../arm-none-eabi/lib/thumb/v7-m/nofp\libc_nano.a(lib_a-stdio.o)
                0x0000000008005950                __sread
 .text.__swrite
                0x0000000008005972       0x38 c:/st/stm32cubeide_1.12.0/stm32cubeide/plugins/com.st.stm32cube.ide.mcu.externaltools.gnu-tools-for-stm32.10.3-2021.10.win32_1.0.200.202301161003/tools/bin/../lib/gcc/arm-none-eabi/10.3.1/../../../../arm-none-eabi/lib/thumb/v7-m/nofp\libc_nano.a(lib_a-stdio.o)
                0x0000000008005972                __swrite
 .text.__sseek  0x00000000080059aa       0x24 c:/st/stm32cubeide_1.12.0/stm32cubeide/plugins/com.st.stm32cube.ide.mcu.externaltools.gnu-tools-for-stm32.10.3-2021.10.win32_1.0.200.202301161003/tools/bin/../lib/gcc/arm-none-eabi/10.3.1/../../../../arm-none-eabi/lib/thumb/v7-m/nofp\libc_nano.a(lib_a-stdio.o)
                0x00000000080059aa                __sseek
 .text.__sclose
                0x00000000080059ce        0x8 c:/st/stm32cubeide_1.12.0/stm32cubeide/plugins/com.st.stm32cube.ide.mcu.externaltools.gnu-tools-for-stm32.10.3-2021.10.win32_1.0.200.202301161003/tools/bin/../lib/gcc/arm-none-eabi/10.3.1/../../../../arm-none-eabi/lib/thumb/v7-m/nofp\libc_nano.a(lib_a-stdio.o)
                0x00000000080059ce                __sclose
 *fill*         0x00000000080059d6        0x2 
 .text._write_r
                0x00000000080059d8       0x24 c:/st/stm32cubeide_1.12.0/stm32cubeide/plugins/com.st.stm32cube.ide.mcu.externaltools.gnu-tools-for-stm32.10.3-2021.10.win32_1.0.200.202301161003/tools/bin/../lib/gcc/arm-none-eabi/10.3.1/../../../../arm-none-eabi/lib/thumb/v7-m/nofp\libc_nano.a(lib_a-writer.o)
                0x00000000080059d8                _write_r
 .text._close_r
                0x00000000080059fc       0x20 c:/st/stm32cubeide_1.12.0/stm32cubeide/plugins/com.st.stm32cube.ide.mcu.externaltools.gnu-tools-for-stm32.10.3-2021.10.win32_1.0.200.202301161003/tools/bin/../lib/gcc/arm-none-eabi/10.3.1/../../../../arm-none-eabi/lib/thumb/v7-m/nofp\libc_nano.a(lib_a-closer.o)
                0x00000000080059fc                _close_r
 .text._fstat_r
                0x0000000008005a1c       0x24 c:/st/stm32cubeide_1.12.0/stm32cubeide/plugins/com.st.stm32cube.ide.mcu.externaltools.gnu-tools-for-stm32.10.3-2021.10.win32_1.0.200.202301161003/tools/bin/../lib/gcc/arm-none-eabi/10.3.1/../../../../arm-none-eabi/lib/thumb/v7-m/nofp\libc_nano.a(lib_a-fstatr.o)
                0x0000000008005a1c                _fstat_r
 .text._isatty_r
                0x0000000008005a40       0x20 c:/st/stm32cubeide_1.12.0/stm32cubeide/plugins/com.st.stm32cube.ide.mcu.externaltools.gnu-tools-for-stm32.10.3-2021.10.win32_1.0.200.202301161003/tools/bin/../lib/gcc/arm-none-eabi/10.3.1/../../../../arm-none-eabi/lib/thumb/v7-m/nofp\libc_nano.a(lib_a-isattyr.o)
                0x0000000008005a40                _isatty_r
 .text._lseek_r
                0x0000000008005a60       0x24 c:/st/stm32cubeide_1.12.0/stm32cubeide/plugins/com.st.stm32cube.ide.mcu.externaltools.gnu-tools-for-stm32.10.3-2021.10.win32_1.0.200.202301161003/tools/bin/../lib/gcc/arm-none-eabi/10.3.1/../../../../arm-none-eabi/lib/thumb/v7-m/nofp\libc_nano.a(lib_a-lseekr.o)
                0x0000000008005a60                _lseek_r
 .text.__malloc_lock
                0x0000000008005a84        0xc c:/st/stm32cubeide_1.12.0/stm32cubeide/plugins/com.st.stm32cube.ide.mcu.externaltools.gnu-tools-for-stm32.10.3-2021.10.win32_1.0.200.202301161003/tools/bin/../lib/gcc/arm-none-eabi/10.3.1/../../../../arm-none-eabi/lib/thumb/v7-m/nofp\libc_nano.a(lib_a-mlock.o)
                0x0000000008005a84                __malloc_lock
 .text.__malloc_unlock
                0x0000000008005a90        0xc c:/st/stm32cubeide_1.12.0/stm32cubeide/plugins/com.st.stm32cube.ide.mcu.externaltools.gnu-tools-for-stm32.10.3-2021.10.win32_1.0.200.202301161003/tools/bin/../lib/gcc/arm-none-eabi/10.3.1/../../../../arm-none-eabi/lib/thumb/v7-m/nofp\libc_nano.a(lib_a-mlock.o)
                0x0000000008005a90                __malloc_unlock
 .text._read_r  0x0000000008005a9c       0x24 c:/st/stm32cubeide_1.12.0/stm32cubeide/plugins/com.st.stm32cube.ide.mcu.externaltools.gnu-tools-for-stm32.10.3-2021.10.win32_1.0.200.202301161003/tools/bin/../lib/gcc/arm-none-eabi/10.3.1/../../../../arm-none-eabi/lib/thumb/v7-m/nofp\libc_nano.a(lib_a-readr.o)
                0x0000000008005a9c                _read_r
 *(.glue_7)
 .glue_7        0x0000000008005ac0        0x0 linker stubs
 *(.glue_7t)
 .glue_7t       0x0000000008005ac0        0x0 linker stubs
 *(.eh_frame)
 .eh_frame      0x0000000008005ac0        0x0 c:/st/stm32cubeide_1.12.0/stm32cubeide/plugins/com.st.stm32cube.ide.mcu.externaltools.gnu-tools-for-stm32.10.3-2021.10.win32_1.0.200.202301161003/tools/bin/../lib/gcc/arm-none-eabi/10.3.1/thumb/v7-m/nofp/crtbegin.o
 *(.init)
 .init          0x0000000008005ac0        0x4 c:/st/stm32cubeide_1.12.0/stm32cubeide/plugins/com.st.stm32cube.ide.mcu.externaltools.gnu-tools-for-stm32.10.3-2021.10.win32_1.0.200.202301161003/tools/bin/../lib/gcc/arm-none-eabi/10.3.1/thumb/v7-m/nofp/crti.o
                0x0000000008005ac0                _init
 .init          0x0000000008005ac4        0x8 c:/st/stm32cubeide_1.12.0/stm32cubeide/plugins/com.st.stm32cube.ide.mcu.externaltools.gnu-tools-for-stm32.10.3-2021.10.win32_1.0.200.202301161003/tools/bin/../lib/gcc/arm-none-eabi/10.3.1/thumb/v7-m/nofp/crtn.o
 *(.fini)
 .fini          0x0000000008005acc        0x4 c:/st/stm32cubeide_1.12.0/stm32cubeide/plugins/com.st.stm32cube.ide.mcu.externaltools.gnu-tools-for-stm32.10.3-2021.10.win32_1.0.200.202301161003/tools/bin/../lib/gcc/arm-none-eabi/10.3.1/thumb/v7-m/nofp/crti.o
                0x0000000008005acc                _fini
 .fini          0x0000000008005ad0        0x8 c:/st/stm32cubeide_1.12.0/stm32cubeide/plugins/com.st.stm32cube.ide.mcu.externaltools.gnu-tools-for-stm32.10.3-2021.10.win32_1.0.200.202301161003/tools/bin/../lib/gcc/arm-none-eabi/10.3.1/thumb/v7-m/nofp/crtn.o
                0x0000000008005ad8                . = ALIGN (0x4)
                0x0000000008005ad8                _etext = .

.vfp11_veneer   0x0000000008005ad8        0x0
 .vfp11_veneer  0x0000000008005ad8        0x0 linker stubs

.v4_bx          0x0000000008005ad8        0x0
 .v4_bx         0x0000000008005ad8        0x0 linker stubs

.iplt           0x0000000008005ad8        0x0
 .iplt          0x0000000008005ad8        0x0 c:/st/stm32cubeide_1.12.0/stm32cubeide/plugins/com.st.stm32cube.ide.mcu.externaltools.gnu-tools-for-stm32.10.3-2021.10.win32_1.0.200.202301161003/tools/bin/../lib/gcc/arm-none-eabi/10.3.1/thumb/v7-m/nofp/crtbegin.o

.rodata         0x0000000008005ad8       0xbc
                0x0000000008005ad8                . = ALIGN (0x4)
 *(.rodata)
 .rodata        0x0000000008005ad8       0x2f ./Core/Src/main.o
 *fill*         0x0000000008005b07        0x1 
 .rodata        0x0000000008005b08       0x10 ./Drivers/STM32F1xx_HAL_Driver/Src/stm32f1xx_hal_rcc.o
 *(.rodata*)
 .rodata.AHBPrescTable
                0x0000000008005b18       0x10 ./Core/Src/system_stm32f1xx.o
                0x0000000008005b18                AHBPrescTable
 .rodata.APBPrescTable
                0x0000000008005b28        0x8 ./Core/Src/system_stm32f1xx.o
                0x0000000008005b28                APBPrescTable
 .rodata._global_impure_ptr
                0x0000000008005b30        0x4 c:/st/stm32cubeide_1.12.0/stm32cubeide/plugins/com.st.stm32cube.ide.mcu.externaltools.gnu-tools-for-stm32.10.3-2021.10.win32_1.0.200.202301161003/tools/bin/../lib/gcc/arm-none-eabi/10.3.1/../../../../arm-none-eabi/lib/thumb/v7-m/nofp\libc_nano.a(lib_a-impure.o)
                0x0000000008005b30                _global_impure_ptr
 .rodata.__sf_fake_stderr
                0x0000000008005b34       0x20 c:/st/stm32cubeide_1.12.0/stm32cubeide/plugins/com.st.stm32cube.ide.mcu.externaltools.gnu-tools-for-stm32.10.3-2021.10.win32_1.0.200.202301161003/tools/bin/../lib/gcc/arm-none-eabi/10.3.1/../../../../arm-none-eabi/lib/thumb/v7-m/nofp\libc_nano.a(lib_a-findfp.o)
                0x0000000008005b34                __sf_fake_stderr
 .rodata.__sf_fake_stdin
                0x0000000008005b54       0x20 c:/st/stm32cubeide_1.12.0/stm32cubeide/plugins/com.st.stm32cube.ide.mcu.externaltools.gnu-tools-for-stm32.10.3-2021.10.win32_1.0.200.202301161003/tools/bin/../lib/gcc/arm-none-eabi/10.3.1/../../../../arm-none-eabi/lib/thumb/v7-m/nofp\libc_nano.a(lib_a-findfp.o)
                0x0000000008005b54                __sf_fake_stdin
 .rodata.__sf_fake_stdout
                0x0000000008005b74       0x20 c:/st/stm32cubeide_1.12.0/stm32cubeide/plugins/com.st.stm32cube.ide.mcu.externaltools.gnu-tools-for-stm32.10.3-2021.10.win32_1.0.200.202301161003/tools/bin/../lib/gcc/arm-none-eabi/10.3.1/../../../../arm-none-eabi/lib/thumb/v7-m/nofp\libc_nano.a(lib_a-findfp.o)
                0x0000000008005b74                __sf_fake_stdout
                0x0000000008005b94                . = ALIGN (0x4)

.rel.dyn        0x0000000008005b94        0x0
 .rel.iplt      0x0000000008005b94        0x0 c:/st/stm32cubeide_1.12.0/stm32cubeide/plugins/com.st.stm32cube.ide.mcu.externaltools.gnu-tools-for-stm32.10.3-2021.10.win32_1.0.200.202301161003/tools/bin/../lib/gcc/arm-none-eabi/10.3.1/thumb/v7-m/nofp/crtbegin.o

.ARM.extab      0x0000000008005b94        0x0
                0x0000000008005b94                . = ALIGN (0x4)
 *(.ARM.extab* .gnu.linkonce.armextab.*)
                0x0000000008005b94                . = ALIGN (0x4)

.ARM            0x0000000008005b94        0x0
                0x0000000008005b94                . = ALIGN (0x4)
                0x0000000008005b94                __exidx_start = .
 *(.ARM.exidx*)
                0x0000000008005b94                __exidx_end = .
                0x0000000008005b94                . = ALIGN (0x4)

.preinit_array  0x0000000008005b94        0x0
                0x0000000008005b94                . = ALIGN (0x4)
                0x0000000008005b94                PROVIDE (__preinit_array_start = .)
 *(.preinit_array*)
                0x0000000008005b94                PROVIDE (__preinit_array_end = .)
                0x0000000008005b94                . = ALIGN (0x4)

.init_array     0x0000000008005b94        0x4
                0x0000000008005b94                . = ALIGN (0x4)
                0x0000000008005b94                PROVIDE (__init_array_start = .)
 *(SORT_BY_NAME(.init_array.*))
 *(.init_array*)
 .init_array    0x0000000008005b94        0x4 c:/st/stm32cubeide_1.12.0/stm32cubeide/plugins/com.st.stm32cube.ide.mcu.externaltools.gnu-tools-for-stm32.10.3-2021.10.win32_1.0.200.202301161003/tools/bin/../lib/gcc/arm-none-eabi/10.3.1/thumb/v7-m/nofp/crtbegin.o
                0x0000000008005b98                PROVIDE (__init_array_end = .)
                0x0000000008005b98                . = ALIGN (0x4)

.fini_array     0x0000000008005b98        0x4
                0x0000000008005b98                . = ALIGN (0x4)
                [!provide]                        PROVIDE (__fini_array_start = .)
 *(SORT_BY_NAME(.fini_array.*))
 *(.fini_array*)
 .fini_array    0x0000000008005b98        0x4 c:/st/stm32cubeide_1.12.0/stm32cubeide/plugins/com.st.stm32cube.ide.mcu.externaltools.gnu-tools-for-stm32.10.3-2021.10.win32_1.0.200.202301161003/tools/bin/../lib/gcc/arm-none-eabi/10.3.1/thumb/v7-m/nofp/crtbegin.o
                [!provide]                        PROVIDE (__fini_array_end = .)
                0x0000000008005b9c                . = ALIGN (0x4)
                0x0000000008005b9c                _sidata = LOADADDR (.data)

.data           0x0000000020000000       0x88 load address 0x0000000008005b9c
                0x0000000020000000                . = ALIGN (0x4)
                0x0000000020000000                _sdata = .
 *(.data)
 *(.data*)
 .data.TxPipeAddress
                0x0000000020000000        0x5 ./Core/Src/main.o
                0x0000000020000000                TxPipeAddress
 *fill*         0x0000000020000005        0x3 
 .data.testMessage
                0x0000000020000008        0xe ./Core/Src/main.o
                0x0000000020000008                testMessage
 *fill*         0x0000000020000016        0x2 
 .data.SystemCoreClock
                0x0000000020000018        0x4 ./Core/Src/system_stm32f1xx.o
                0x0000000020000018                SystemCoreClock
 .data.uwTickPrio
                0x000000002000001c        0x4 ./Drivers/STM32F1xx_HAL_Driver/Src/stm32f1xx_hal.o
                0x000000002000001c                uwTickPrio
 .data.uwTickFreq
                0x0000000020000020        0x1 ./Drivers/STM32F1xx_HAL_Driver/Src/stm32f1xx_hal.o
                0x0000000020000020                uwTickFreq
 *fill*         0x0000000020000021        0x3 
 .data._impure_ptr
                0x0000000020000024        0x4 c:/st/stm32cubeide_1.12.0/stm32cubeide/plugins/com.st.stm32cube.ide.mcu.externaltools.gnu-tools-for-stm32.10.3-2021.10.win32_1.0.200.202301161003/tools/bin/../lib/gcc/arm-none-eabi/10.3.1/../../../../arm-none-eabi/lib/thumb/v7-m/nofp\libc_nano.a(lib_a-impure.o)
                0x0000000020000024                _impure_ptr
 .data.impure_data
                0x0000000020000028       0x60 c:/st/stm32cubeide_1.12.0/stm32cubeide/plugins/com.st.stm32cube.ide.mcu.externaltools.gnu-tools-for-stm32.10.3-2021.10.win32_1.0.200.202301161003/tools/bin/../lib/gcc/arm-none-eabi/10.3.1/../../../../arm-none-eabi/lib/thumb/v7-m/nofp\libc_nano.a(lib_a-impure.o)
 *(.RamFunc)
 *(.RamFunc*)
                0x0000000020000088                . = ALIGN (0x4)
                0x0000000020000088                _edata = .

.igot.plt       0x0000000020000088        0x0 load address 0x0000000008005c24
 .igot.plt      0x0000000020000088        0x0 c:/st/stm32cubeide_1.12.0/stm32cubeide/plugins/com.st.stm32cube.ide.mcu.externaltools.gnu-tools-for-stm32.10.3-2021.10.win32_1.0.200.202301161003/tools/bin/../lib/gcc/arm-none-eabi/10.3.1/thumb/v7-m/nofp/crtbegin.o
                0x0000000020000088                . = ALIGN (0x4)

.bss            0x0000000020000088      0x24c load address 0x0000000008005c24
                0x0000000020000088                _sbss = .
                0x0000000020000088                __bss_start__ = _sbss
 *(.bss)
 .bss           0x0000000020000088       0x1c c:/st/stm32cubeide_1.12.0/stm32cubeide/plugins/com.st.stm32cube.ide.mcu.externaltools.gnu-tools-for-stm32.10.3-2021.10.win32_1.0.200.202301161003/tools/bin/../lib/gcc/arm-none-eabi/10.3.1/thumb/v7-m/nofp/crtbegin.o
 *(.bss*)
 .bss.adc       0x00000000200000a4        0x4 ./Core/Src/Analog.o
                0x00000000200000a4                adc
 .bss.nrf_spi   0x00000000200000a8        0x4 ./Core/Src/NRF24L01.o
                0x00000000200000a8                nrf_spi
 .bss.hadc1     0x00000000200000ac       0x30 ./Core/Src/adc.o
                0x00000000200000ac                hadc1
 .bss.hdma_adc1
                0x00000000200000dc       0x44 ./Core/Src/adc.o
                0x00000000200000dc                hdma_adc1
 .bss.ticks1    0x0000000020000120        0x8 ./Core/Src/main.o
                0x0000000020000120                ticks1
 .bss.ticks2    0x0000000020000128        0x8 ./Core/Src/main.o
                0x0000000020000128                ticks2
 .bss.flag_uart
                0x0000000020000130        0x1 ./Core/Src/main.o
                0x0000000020000130                flag_uart
 .bss.flag_js   0x0000000020000131        0x1 ./Core/Src/main.o
                0x0000000020000131                flag_js
 *fill*         0x0000000020000132        0x2 
 .bss.DMA       0x0000000020000134        0xc ./Core/Src/main.o
                0x0000000020000134                DMA
 .bss.Joystick_R
                0x0000000020000140       0x26 ./Core/Src/main.o
                0x0000000020000140                Joystick_R
 *fill*         0x0000000020000166        0x2 
 .bss.Joystick_L
                0x0000000020000168       0x26 ./Core/Src/main.o
                0x0000000020000168                Joystick_L
 *fill*         0x000000002000018e        0x2 
 .bss.hspi1     0x0000000020000190       0x58 ./Core/Src/spi.o
                0x0000000020000190                hspi1
 .bss.__sbrk_heap_end
                0x00000000200001e8        0x4 ./Core/Src/sysmem.o
 .bss.htim1     0x00000000200001ec       0x48 ./Core/Src/tim.o
                0x00000000200001ec                htim1
 .bss.htim2     0x0000000020000234       0x48 ./Core/Src/tim.o
                0x0000000020000234                htim2
 .bss.huart1    0x000000002000027c       0x44 ./Core/Src/usart.o
                0x000000002000027c                huart1
 .bss.uwTick    0x00000000200002c0        0x4 ./Drivers/STM32F1xx_HAL_Driver/Src/stm32f1xx_hal.o
                0x00000000200002c0                uwTick
 .bss.__lock___malloc_recursive_mutex
                0x00000000200002c4        0x1 c:/st/stm32cubeide_1.12.0/stm32cubeide/plugins/com.st.stm32cube.ide.mcu.externaltools.gnu-tools-for-stm32.10.3-2021.10.win32_1.0.200.202301161003/tools/bin/../lib/gcc/arm-none-eabi/10.3.1/../../../../arm-none-eabi/lib/thumb/v7-m/nofp\libc_nano.a(lib_a-lock.o)
                0x00000000200002c4                __lock___malloc_recursive_mutex
 .bss.__lock___sfp_recursive_mutex
                0x00000000200002c5        0x1 c:/st/stm32cubeide_1.12.0/stm32cubeide/plugins/com.st.stm32cube.ide.mcu.externaltools.gnu-tools-for-stm32.10.3-2021.10.win32_1.0.200.202301161003/tools/bin/../lib/gcc/arm-none-eabi/10.3.1/../../../../arm-none-eabi/lib/thumb/v7-m/nofp\libc_nano.a(lib_a-lock.o)
                0x00000000200002c5                __lock___sfp_recursive_mutex
 .bss.__lock___sinit_recursive_mutex
                0x00000000200002c6        0x1 c:/st/stm32cubeide_1.12.0/stm32cubeide/plugins/com.st.stm32cube.ide.mcu.externaltools.gnu-tools-for-stm32.10.3-2021.10.win32_1.0.200.202301161003/tools/bin/../lib/gcc/arm-none-eabi/10.3.1/../../../../arm-none-eabi/lib/thumb/v7-m/nofp\libc_nano.a(lib_a-lock.o)
                0x00000000200002c6                __lock___sinit_recursive_mutex
 *fill*         0x00000000200002c7        0x1 
 .bss.__malloc_free_list
                0x00000000200002c8        0x4 c:/st/stm32cubeide_1.12.0/stm32cubeide/plugins/com.st.stm32cube.ide.mcu.externaltools.gnu-tools-for-stm32.10.3-2021.10.win32_1.0.200.202301161003/tools/bin/../lib/gcc/arm-none-eabi/10.3.1/../../../../arm-none-eabi/lib/thumb/v7-m/nofp\libc_nano.a(lib_a-nano-mallocr.o)
                0x00000000200002c8                __malloc_free_list
 .bss.__malloc_sbrk_start
                0x00000000200002cc        0x4 c:/st/stm32cubeide_1.12.0/stm32cubeide/plugins/com.st.stm32cube.ide.mcu.externaltools.gnu-tools-for-stm32.10.3-2021.10.win32_1.0.200.202301161003/tools/bin/../lib/gcc/arm-none-eabi/10.3.1/../../../../arm-none-eabi/lib/thumb/v7-m/nofp\libc_nano.a(lib_a-nano-mallocr.o)
                0x00000000200002cc                __malloc_sbrk_start
 .bss.errno     0x00000000200002d0        0x4 c:/st/stm32cubeide_1.12.0/stm32cubeide/plugins/com.st.stm32cube.ide.mcu.externaltools.gnu-tools-for-stm32.10.3-2021.10.win32_1.0.200.202301161003/tools/bin/../lib/gcc/arm-none-eabi/10.3.1/../../../../arm-none-eabi/lib/thumb/v7-m/nofp\libc_nano.a(lib_a-reent.o)
                0x00000000200002d0                errno
 *(COMMON)
                0x00000000200002d4                . = ALIGN (0x4)
                0x00000000200002d4                _ebss = .
                0x00000000200002d4                __bss_end__ = _ebss

._user_heap_stack
                0x00000000200002d4      0x604 load address 0x0000000008005c24
                0x00000000200002d8                . = ALIGN (0x8)
 *fill*         0x00000000200002d4        0x4 
                [!provide]                        PROVIDE (end = .)
                0x00000000200002d8                PROVIDE (_end = .)
                0x00000000200004d8                . = (. + _Min_Heap_Size)
 *fill*         0x00000000200002d8      0x200 
                0x00000000200008d8                . = (. + _Min_Stack_Size)
 *fill*         0x00000000200004d8      0x400 
                0x00000000200008d8                . = ALIGN (0x8)

/DISCARD/
 libc.a(*)
 libm.a(*)
 libgcc.a(*)

.ARM.attributes
                0x0000000000000000       0x29
 *(.ARM.attributes)
 .ARM.attributes
                0x0000000000000000       0x1d c:/st/stm32cubeide_1.12.0/stm32cubeide/plugins/com.st.stm32cube.ide.mcu.externaltools.gnu-tools-for-stm32.10.3-2021.10.win32_1.0.200.202301161003/tools/bin/../lib/gcc/arm-none-eabi/10.3.1/thumb/v7-m/nofp/crti.o
 .ARM.attributes
                0x000000000000001d       0x2d c:/st/stm32cubeide_1.12.0/stm32cubeide/plugins/com.st.stm32cube.ide.mcu.externaltools.gnu-tools-for-stm32.10.3-2021.10.win32_1.0.200.202301161003/tools/bin/../lib/gcc/arm-none-eabi/10.3.1/thumb/v7-m/nofp/crtbegin.o
 .ARM.attributes
                0x000000000000004a       0x2d ./Core/Src/Analog.o
 .ARM.attributes
                0x0000000000000077       0x2d ./Core/Src/NRF24L01.o
 .ARM.attributes
                0x00000000000000a4       0x2d ./Core/Src/adc.o
 .ARM.attributes
                0x00000000000000d1       0x2d ./Core/Src/dma.o
 .ARM.attributes
                0x00000000000000fe       0x2d ./Core/Src/gpio.o
 .ARM.attributes
                0x000000000000012b       0x2d ./Core/Src/main.o
 .ARM.attributes
                0x0000000000000158       0x2d ./Core/Src/spi.o
 .ARM.attributes
                0x0000000000000185       0x2d ./Core/Src/stm32f1xx_hal_msp.o
 .ARM.attributes
                0x00000000000001b2       0x2d ./Core/Src/stm32f1xx_it.o
 .ARM.attributes
                0x00000000000001df       0x2d ./Core/Src/syscalls.o
 .ARM.attributes
                0x000000000000020c       0x2d ./Core/Src/sysmem.o
 .ARM.attributes
                0x0000000000000239       0x2d ./Core/Src/system_stm32f1xx.o
 .ARM.attributes
                0x0000000000000266       0x2d ./Core/Src/tim.o
 .ARM.attributes
                0x0000000000000293       0x2d ./Core/Src/usart.o
 .ARM.attributes
                0x00000000000002c0       0x21 ./Core/Startup/startup_stm32f103c6tx.o
 .ARM.attributes
                0x00000000000002e1       0x2d ./Drivers/STM32F1xx_HAL_Driver/Src/stm32f1xx_hal.o
 .ARM.attributes
                0x000000000000030e       0x2d ./Drivers/STM32F1xx_HAL_Driver/Src/stm32f1xx_hal_adc.o
 .ARM.attributes
                0x000000000000033b       0x2d ./Drivers/STM32F1xx_HAL_Driver/Src/stm32f1xx_hal_cortex.o
 .ARM.attributes
                0x0000000000000368       0x2d ./Drivers/STM32F1xx_HAL_Driver/Src/stm32f1xx_hal_dma.o
 .ARM.attributes
                0x0000000000000395       0x2d ./Drivers/STM32F1xx_HAL_Driver/Src/stm32f1xx_hal_gpio.o
 .ARM.attributes
                0x00000000000003c2       0x2d ./Drivers/STM32F1xx_HAL_Driver/Src/stm32f1xx_hal_rcc.o
 .ARM.attributes
                0x00000000000003ef       0x2d ./Drivers/STM32F1xx_HAL_Driver/Src/stm32f1xx_hal_rcc_ex.o
 .ARM.attributes
                0x000000000000041c       0x2d ./Drivers/STM32F1xx_HAL_Driver/Src/stm32f1xx_hal_spi.o
 .ARM.attributes
                0x0000000000000449       0x2d ./Drivers/STM32F1xx_HAL_Driver/Src/stm32f1xx_hal_tim.o
 .ARM.attributes
                0x0000000000000476       0x2d ./Drivers/STM32F1xx_HAL_Driver/Src/stm32f1xx_hal_tim_ex.o
 .ARM.attributes
                0x00000000000004a3       0x2d ./Drivers/STM32F1xx_HAL_Driver/Src/stm32f1xx_hal_uart.o
 .ARM.attributes
                0x00000000000004d0       0x2d c:/st/stm32cubeide_1.12.0/stm32cubeide/plugins/com.st.stm32cube.ide.mcu.externaltools.gnu-tools-for-stm32.10.3-2021.10.win32_1.0.200.202301161003/tools/bin/../lib/gcc/arm-none-eabi/10.3.1/../../../../arm-none-eabi/lib/thumb/v7-m/nofp\libc_nano.a(lib_a-errno.o)
 .ARM.attributes
                0x00000000000004fd       0x2d c:/st/stm32cubeide_1.12.0/stm32cubeide/plugins/com.st.stm32cube.ide.mcu.externaltools.gnu-tools-for-stm32.10.3-2021.10.win32_1.0.200.202301161003/tools/bin/../lib/gcc/arm-none-eabi/10.3.1/../../../../arm-none-eabi/lib/thumb/v7-m/nofp\libc_nano.a(lib_a-impure.o)
 .ARM.attributes
                0x000000000000052a       0x2d c:/st/stm32cubeide_1.12.0/stm32cubeide/plugins/com.st.stm32cube.ide.mcu.externaltools.gnu-tools-for-stm32.10.3-2021.10.win32_1.0.200.202301161003/tools/bin/../lib/gcc/arm-none-eabi/10.3.1/../../../../arm-none-eabi/lib/thumb/v7-m/nofp\libc_nano.a(lib_a-init.o)
 .ARM.attributes
                0x0000000000000557       0x2d c:/st/stm32cubeide_1.12.0/stm32cubeide/plugins/com.st.stm32cube.ide.mcu.externaltools.gnu-tools-for-stm32.10.3-2021.10.win32_1.0.200.202301161003/tools/bin/../lib/gcc/arm-none-eabi/10.3.1/../../../../arm-none-eabi/lib/thumb/v7-m/nofp\libc_nano.a(lib_a-memset.o)
 .ARM.attributes
                0x0000000000000584       0x2d c:/st/stm32cubeide_1.12.0/stm32cubeide/plugins/com.st.stm32cube.ide.mcu.externaltools.gnu-tools-for-stm32.10.3-2021.10.win32_1.0.200.202301161003/tools/bin/../lib/gcc/arm-none-eabi/10.3.1/../../../../arm-none-eabi/lib/thumb/v7-m/nofp\libc_nano.a(lib_a-puts.o)
 .ARM.attributes
                0x00000000000005b1       0x2d c:/st/stm32cubeide_1.12.0/stm32cubeide/plugins/com.st.stm32cube.ide.mcu.externaltools.gnu-tools-for-stm32.10.3-2021.10.win32_1.0.200.202301161003/tools/bin/../lib/gcc/arm-none-eabi/10.3.1/../../../../arm-none-eabi/lib/thumb/v7-m/nofp\libc_nano.a(lib_a-wbuf.o)
 .ARM.attributes
                0x00000000000005de       0x2d c:/st/stm32cubeide_1.12.0/stm32cubeide/plugins/com.st.stm32cube.ide.mcu.externaltools.gnu-tools-for-stm32.10.3-2021.10.win32_1.0.200.202301161003/tools/bin/../lib/gcc/arm-none-eabi/10.3.1/../../../../arm-none-eabi/lib/thumb/v7-m/nofp\libc_nano.a(lib_a-wsetup.o)
 .ARM.attributes
                0x000000000000060b       0x2d c:/st/stm32cubeide_1.12.0/stm32cubeide/plugins/com.st.stm32cube.ide.mcu.externaltools.gnu-tools-for-stm32.10.3-2021.10.win32_1.0.200.202301161003/tools/bin/../lib/gcc/arm-none-eabi/10.3.1/../../../../arm-none-eabi/lib/thumb/v7-m/nofp\libc_nano.a(lib_a-fflush.o)
 .ARM.attributes
                0x0000000000000638       0x2d c:/st/stm32cubeide_1.12.0/stm32cubeide/plugins/com.st.stm32cube.ide.mcu.externaltools.gnu-tools-for-stm32.10.3-2021.10.win32_1.0.200.202301161003/tools/bin/../lib/gcc/arm-none-eabi/10.3.1/../../../../arm-none-eabi/lib/thumb/v7-m/nofp\libc_nano.a(lib_a-findfp.o)
 .ARM.attributes
                0x0000000000000665       0x2d c:/st/stm32cubeide_1.12.0/stm32cubeide/plugins/com.st.stm32cube.ide.mcu.externaltools.gnu-tools-for-stm32.10.3-2021.10.win32_1.0.200.202301161003/tools/bin/../lib/gcc/arm-none-eabi/10.3.1/../../../../arm-none-eabi/lib/thumb/v7-m/nofp\libc_nano.a(lib_a-fwalk.o)
 .ARM.attributes
                0x0000000000000692       0x2d c:/st/stm32cubeide_1.12.0/stm32cubeide/plugins/com.st.stm32cube.ide.mcu.externaltools.gnu-tools-for-stm32.10.3-2021.10.win32_1.0.200.202301161003/tools/bin/../lib/gcc/arm-none-eabi/10.3.1/../../../../arm-none-eabi/lib/thumb/v7-m/nofp\libc_nano.a(lib_a-lock.o)
 .ARM.attributes
                0x00000000000006bf       0x2d c:/st/stm32cubeide_1.12.0/stm32cubeide/plugins/com.st.stm32cube.ide.mcu.externaltools.gnu-tools-for-stm32.10.3-2021.10.win32_1.0.200.202301161003/tools/bin/../lib/gcc/arm-none-eabi/10.3.1/../../../../arm-none-eabi/lib/thumb/v7-m/nofp\libc_nano.a(lib_a-makebuf.o)
 .ARM.attributes
                0x00000000000006ec       0x2d c:/st/stm32cubeide_1.12.0/stm32cubeide/plugins/com.st.stm32cube.ide.mcu.externaltools.gnu-tools-for-stm32.10.3-2021.10.win32_1.0.200.202301161003/tools/bin/../lib/gcc/arm-none-eabi/10.3.1/../../../../arm-none-eabi/lib/thumb/v7-m/nofp\libc_nano.a(lib_a-nano-freer.o)
 .ARM.attributes
                0x0000000000000719       0x2d c:/st/stm32cubeide_1.12.0/stm32cubeide/plugins/com.st.stm32cube.ide.mcu.externaltools.gnu-tools-for-stm32.10.3-2021.10.win32_1.0.200.202301161003/tools/bin/../lib/gcc/arm-none-eabi/10.3.1/../../../../arm-none-eabi/lib/thumb/v7-m/nofp\libc_nano.a(lib_a-nano-mallocr.o)
 .ARM.attributes
                0x0000000000000746       0x2d c:/st/stm32cubeide_1.12.0/stm32cubeide/plugins/com.st.stm32cube.ide.mcu.externaltools.gnu-tools-for-stm32.10.3-2021.10.win32_1.0.200.202301161003/tools/bin/../lib/gcc/arm-none-eabi/10.3.1/../../../../arm-none-eabi/lib/thumb/v7-m/nofp\libc_nano.a(lib_a-sbrkr.o)
 .ARM.attributes
                0x0000000000000773       0x2d c:/st/stm32cubeide_1.12.0/stm32cubeide/plugins/com.st.stm32cube.ide.mcu.externaltools.gnu-tools-for-stm32.10.3-2021.10.win32_1.0.200.202301161003/tools/bin/../lib/gcc/arm-none-eabi/10.3.1/../../../../arm-none-eabi/lib/thumb/v7-m/nofp\libc_nano.a(lib_a-stdio.o)
 .ARM.attributes
                0x00000000000007a0       0x2d c:/st/stm32cubeide_1.12.0/stm32cubeide/plugins/com.st.stm32cube.ide.mcu.externaltools.gnu-tools-for-stm32.10.3-2021.10.win32_1.0.200.202301161003/tools/bin/../lib/gcc/arm-none-eabi/10.3.1/../../../../arm-none-eabi/lib/thumb/v7-m/nofp\libc_nano.a(lib_a-writer.o)
 .ARM.attributes
                0x00000000000007cd       0x2d c:/st/stm32cubeide_1.12.0/stm32cubeide/plugins/com.st.stm32cube.ide.mcu.externaltools.gnu-tools-for-stm32.10.3-2021.10.win32_1.0.200.202301161003/tools/bin/../lib/gcc/arm-none-eabi/10.3.1/../../../../arm-none-eabi/lib/thumb/v7-m/nofp\libc_nano.a(lib_a-closer.o)
 .ARM.attributes
                0x00000000000007fa       0x2d c:/st/stm32cubeide_1.12.0/stm32cubeide/plugins/com.st.stm32cube.ide.mcu.externaltools.gnu-tools-for-stm32.10.3-2021.10.win32_1.0.200.202301161003/tools/bin/../lib/gcc/arm-none-eabi/10.3.1/../../../../arm-none-eabi/lib/thumb/v7-m/nofp\libc_nano.a(lib_a-fstatr.o)
 .ARM.attributes
                0x0000000000000827       0x2d c:/st/stm32cubeide_1.12.0/stm32cubeide/plugins/com.st.stm32cube.ide.mcu.externaltools.gnu-tools-for-stm32.10.3-2021.10.win32_1.0.200.202301161003/tools/bin/../lib/gcc/arm-none-eabi/10.3.1/../../../../arm-none-eabi/lib/thumb/v7-m/nofp\libc_nano.a(lib_a-isattyr.o)
 .ARM.attributes
                0x0000000000000854       0x2d c:/st/stm32cubeide_1.12.0/stm32cubeide/plugins/com.st.stm32cube.ide.mcu.externaltools.gnu-tools-for-stm32.10.3-2021.10.win32_1.0.200.202301161003/tools/bin/../lib/gcc/arm-none-eabi/10.3.1/../../../../arm-none-eabi/lib/thumb/v7-m/nofp\libc_nano.a(lib_a-lseekr.o)
 .ARM.attributes
                0x0000000000000881       0x2d c:/st/stm32cubeide_1.12.0/stm32cubeide/plugins/com.st.stm32cube.ide.mcu.externaltools.gnu-tools-for-stm32.10.3-2021.10.win32_1.0.200.202301161003/tools/bin/../lib/gcc/arm-none-eabi/10.3.1/../../../../arm-none-eabi/lib/thumb/v7-m/nofp\libc_nano.a(lib_a-mlock.o)
 .ARM.attributes
                0x00000000000008ae       0x2d c:/st/stm32cubeide_1.12.0/stm32cubeide/plugins/com.st.stm32cube.ide.mcu.externaltools.gnu-tools-for-stm32.10.3-2021.10.win32_1.0.200.202301161003/tools/bin/../lib/gcc/arm-none-eabi/10.3.1/../../../../arm-none-eabi/lib/thumb/v7-m/nofp\libc_nano.a(lib_a-readr.o)
 .ARM.attributes
                0x00000000000008db       0x2d c:/st/stm32cubeide_1.12.0/stm32cubeide/plugins/com.st.stm32cube.ide.mcu.externaltools.gnu-tools-for-stm32.10.3-2021.10.win32_1.0.200.202301161003/tools/bin/../lib/gcc/arm-none-eabi/10.3.1/../../../../arm-none-eabi/lib/thumb/v7-m/nofp\libc_nano.a(lib_a-reent.o)
 .ARM.attributes
                0x0000000000000908       0x1d c:/st/stm32cubeide_1.12.0/stm32cubeide/plugins/com.st.stm32cube.ide.mcu.externaltools.gnu-tools-for-stm32.10.3-2021.10.win32_1.0.200.202301161003/tools/bin/../lib/gcc/arm-none-eabi/10.3.1/thumb/v7-m/nofp\libgcc.a(_arm_muldf3.o)
 .ARM.attributes
                0x0000000000000925       0x1d c:/st/stm32cubeide_1.12.0/stm32cubeide/plugins/com.st.stm32cube.ide.mcu.externaltools.gnu-tools-for-stm32.10.3-2021.10.win32_1.0.200.202301161003/tools/bin/../lib/gcc/arm-none-eabi/10.3.1/thumb/v7-m/nofp\libgcc.a(_arm_addsubdf3.o)
 .ARM.attributes
                0x0000000000000942       0x1d c:/st/stm32cubeide_1.12.0/stm32cubeide/plugins/com.st.stm32cube.ide.mcu.externaltools.gnu-tools-for-stm32.10.3-2021.10.win32_1.0.200.202301161003/tools/bin/../lib/gcc/arm-none-eabi/10.3.1/thumb/v7-m/nofp\libgcc.a(_arm_fixunsdfsi.o)
 .ARM.attributes
                0x000000000000095f       0x1d c:/st/stm32cubeide_1.12.0/stm32cubeide/plugins/com.st.stm32cube.ide.mcu.externaltools.gnu-tools-for-stm32.10.3-2021.10.win32_1.0.200.202301161003/tools/bin/../lib/gcc/arm-none-eabi/10.3.1/thumb/v7-m/nofp/crtn.o
OUTPUT(Scout_Robot_Remote_Firmware.elf elf32-littlearm)
LOAD linker stubs
LOAD c:/st/stm32cubeide_1.12.0/stm32cubeide/plugins/com.st.stm32cube.ide.mcu.externaltools.gnu-tools-for-stm32.10.3-2021.10.win32_1.0.200.202301161003/tools/bin/../lib/gcc/arm-none-eabi/10.3.1/../../../../arm-none-eabi/lib/thumb/v7-m/nofp\libc.a
LOAD c:/st/stm32cubeide_1.12.0/stm32cubeide/plugins/com.st.stm32cube.ide.mcu.externaltools.gnu-tools-for-stm32.10.3-2021.10.win32_1.0.200.202301161003/tools/bin/../lib/gcc/arm-none-eabi/10.3.1/../../../../arm-none-eabi/lib/thumb/v7-m/nofp\libm.a
LOAD c:/st/stm32cubeide_1.12.0/stm32cubeide/plugins/com.st.stm32cube.ide.mcu.externaltools.gnu-tools-for-stm32.10.3-2021.10.win32_1.0.200.202301161003/tools/bin/../lib/gcc/arm-none-eabi/10.3.1/thumb/v7-m/nofp\libgcc.a

.debug_info     0x0000000000000000    0x10b19
 .debug_info    0x0000000000000000      0x885 ./Core/Src/Analog.o
 .debug_info    0x0000000000000885      0x925 ./Core/Src/NRF24L01.o
 .debug_info    0x00000000000011aa      0x85f ./Core/Src/adc.o
 .debug_info    0x0000000000001a09      0x2c8 ./Core/Src/dma.o
 .debug_info    0x0000000000001cd1      0x30b ./Core/Src/gpio.o
 .debug_info    0x0000000000001fdc     0x13b8 ./Core/Src/main.o
 .debug_info    0x0000000000003394      0xa32 ./Core/Src/spi.o
 .debug_info    0x0000000000003dc6      0x180 ./Core/Src/stm32f1xx_hal_msp.o
 .debug_info    0x0000000000003f46      0xa62 ./Core/Src/stm32f1xx_it.o
 .debug_info    0x00000000000049a8      0x6e0 ./Core/Src/syscalls.o
 .debug_info    0x0000000000005088      0x171 ./Core/Src/sysmem.o
 .debug_info    0x00000000000051f9      0x23d ./Core/Src/system_stm32f1xx.o
 .debug_info    0x0000000000005436      0xb39 ./Core/Src/tim.o
 .debug_info    0x0000000000005f6f      0x7e2 ./Core/Src/usart.o
 .debug_info    0x0000000000006751       0x22 ./Core/Startup/startup_stm32f103c6tx.o
 .debug_info    0x0000000000006773      0x716 ./Drivers/STM32F1xx_HAL_Driver/Src/stm32f1xx_hal.o
 .debug_info    0x0000000000006e89      0xcd9 ./Drivers/STM32F1xx_HAL_Driver/Src/stm32f1xx_hal_adc.o
 .debug_info    0x0000000000007b62      0xb02 ./Drivers/STM32F1xx_HAL_Driver/Src/stm32f1xx_hal_cortex.o
 .debug_info    0x0000000000008664      0x73f ./Drivers/STM32F1xx_HAL_Driver/Src/stm32f1xx_hal_dma.o
 .debug_info    0x0000000000008da3      0x615 ./Drivers/STM32F1xx_HAL_Driver/Src/stm32f1xx_hal_gpio.o
 .debug_info    0x00000000000093b8      0x860 ./Drivers/STM32F1xx_HAL_Driver/Src/stm32f1xx_hal_rcc.o
 .debug_info    0x0000000000009c18      0x3e0 ./Drivers/STM32F1xx_HAL_Driver/Src/stm32f1xx_hal_rcc_ex.o
 .debug_info    0x0000000000009ff8     0x1658 ./Drivers/STM32F1xx_HAL_Driver/Src/stm32f1xx_hal_spi.o
 .debug_info    0x000000000000b650     0x29de ./Drivers/STM32F1xx_HAL_Driver/Src/stm32f1xx_hal_tim.o
 .debug_info    0x000000000000e02e     0x1513 ./Drivers/STM32F1xx_HAL_Driver/Src/stm32f1xx_hal_tim_ex.o
 .debug_info    0x000000000000f541     0x15d8 ./Drivers/STM32F1xx_HAL_Driver/Src/stm32f1xx_hal_uart.o

.debug_abbrev   0x0000000000000000     0x2f4b
 .debug_abbrev  0x0000000000000000      0x219 ./Core/Src/Analog.o
 .debug_abbrev  0x0000000000000219      0x1ec ./Core/Src/NRF24L01.o
 .debug_abbrev  0x0000000000000405      0x1e1 ./Core/Src/adc.o
 .debug_abbrev  0x00000000000005e6       0xf8 ./Core/Src/dma.o
 .debug_abbrev  0x00000000000006de      0x134 ./Core/Src/gpio.o
 .debug_abbrev  0x0000000000000812      0x2bc ./Core/Src/main.o
 .debug_abbrev  0x0000000000000ace      0x1fe ./Core/Src/spi.o
 .debug_abbrev  0x0000000000000ccc       0xc2 ./Core/Src/stm32f1xx_hal_msp.o
 .debug_abbrev  0x0000000000000d8e      0x1af ./Core/Src/stm32f1xx_it.o
 .debug_abbrev  0x0000000000000f3d      0x1b3 ./Core/Src/syscalls.o
 .debug_abbrev  0x00000000000010f0       0xbb ./Core/Src/sysmem.o
 .debug_abbrev  0x00000000000011ab      0x13b ./Core/Src/system_stm32f1xx.o
 .debug_abbrev  0x00000000000012e6      0x202 ./Core/Src/tim.o
 .debug_abbrev  0x00000000000014e8      0x1ce ./Core/Src/usart.o
 .debug_abbrev  0x00000000000016b6       0x12 ./Core/Startup/startup_stm32f103c6tx.o
 .debug_abbrev  0x00000000000016c8      0x1fb ./Drivers/STM32F1xx_HAL_Driver/Src/stm32f1xx_hal.o
 .debug_abbrev  0x00000000000018c3      0x210 ./Drivers/STM32F1xx_HAL_Driver/Src/stm32f1xx_hal_adc.o
 .debug_abbrev  0x0000000000001ad3      0x2ed ./Drivers/STM32F1xx_HAL_Driver/Src/stm32f1xx_hal_cortex.o
 .debug_abbrev  0x0000000000001dc0      0x1fe ./Drivers/STM32F1xx_HAL_Driver/Src/stm32f1xx_hal_dma.o
 .debug_abbrev  0x0000000000001fbe      0x1bb ./Drivers/STM32F1xx_HAL_Driver/Src/stm32f1xx_hal_gpio.o
 .debug_abbrev  0x0000000000002179      0x2a8 ./Drivers/STM32F1xx_HAL_Driver/Src/stm32f1xx_hal_rcc.o
 .debug_abbrev  0x0000000000002421      0x182 ./Drivers/STM32F1xx_HAL_Driver/Src/stm32f1xx_hal_rcc_ex.o
 .debug_abbrev  0x00000000000025a3      0x26e ./Drivers/STM32F1xx_HAL_Driver/Src/stm32f1xx_hal_spi.o
 .debug_abbrev  0x0000000000002811      0x25d ./Drivers/STM32F1xx_HAL_Driver/Src/stm32f1xx_hal_tim.o
 .debug_abbrev  0x0000000000002a6e      0x265 ./Drivers/STM32F1xx_HAL_Driver/Src/stm32f1xx_hal_tim_ex.o
 .debug_abbrev  0x0000000000002cd3      0x278 ./Drivers/STM32F1xx_HAL_Driver/Src/stm32f1xx_hal_uart.o

.debug_aranges  0x0000000000000000     0x1148
 .debug_aranges
                0x0000000000000000       0x40 ./Core/Src/Analog.o
 .debug_aranges
                0x0000000000000040       0x78 ./Core/Src/NRF24L01.o
 .debug_aranges
                0x00000000000000b8       0x30 ./Core/Src/adc.o
 .debug_aranges
                0x00000000000000e8       0x20 ./Core/Src/dma.o
 .debug_aranges
                0x0000000000000108       0x20 ./Core/Src/gpio.o
 .debug_aranges
                0x0000000000000128       0x48 ./Core/Src/main.o
 .debug_aranges
                0x0000000000000170       0x30 ./Core/Src/spi.o
 .debug_aranges
                0x00000000000001a0       0x20 ./Core/Src/stm32f1xx_hal_msp.o
 .debug_aranges
                0x00000000000001c0       0x98 ./Core/Src/stm32f1xx_it.o
 .debug_aranges
                0x0000000000000258       0xa8 ./Core/Src/syscalls.o
 .debug_aranges
                0x0000000000000300       0x20 ./Core/Src/sysmem.o
 .debug_aranges
                0x0000000000000320       0x28 ./Core/Src/system_stm32f1xx.o
 .debug_aranges
                0x0000000000000348       0x38 ./Core/Src/tim.o
 .debug_aranges
                0x0000000000000380       0x30 ./Core/Src/usart.o
 .debug_aranges
                0x00000000000003b0       0x28 ./Core/Startup/startup_stm32f103c6tx.o
 .debug_aranges
                0x00000000000003d8       0xe0 ./Drivers/STM32F1xx_HAL_Driver/Src/stm32f1xx_hal.o
 .debug_aranges
                0x00000000000004b8       0xf0 ./Drivers/STM32F1xx_HAL_Driver/Src/stm32f1xx_hal_adc.o
 .debug_aranges
                0x00000000000005a8      0x100 ./Drivers/STM32F1xx_HAL_Driver/Src/stm32f1xx_hal_cortex.o
 .debug_aranges
                0x00000000000006a8       0x80 ./Drivers/STM32F1xx_HAL_Driver/Src/stm32f1xx_hal_dma.o
 .debug_aranges
                0x0000000000000728       0x58 ./Drivers/STM32F1xx_HAL_Driver/Src/stm32f1xx_hal_gpio.o
 .debug_aranges
                0x0000000000000780       0x90 ./Drivers/STM32F1xx_HAL_Driver/Src/stm32f1xx_hal_rcc.o
 .debug_aranges
                0x0000000000000810       0x30 ./Drivers/STM32F1xx_HAL_Driver/Src/stm32f1xx_hal_rcc_ex.o
 .debug_aranges
                0x0000000000000840      0x1d0 ./Drivers/STM32F1xx_HAL_Driver/Src/stm32f1xx_hal_spi.o
 .debug_aranges
                0x0000000000000a10      0x3d0 ./Drivers/STM32F1xx_HAL_Driver/Src/stm32f1xx_hal_tim.o
 .debug_aranges
                0x0000000000000de0      0x168 ./Drivers/STM32F1xx_HAL_Driver/Src/stm32f1xx_hal_tim_ex.o
 .debug_aranges
                0x0000000000000f48      0x200 ./Drivers/STM32F1xx_HAL_Driver/Src/stm32f1xx_hal_uart.o

.debug_ranges   0x0000000000000000      0xfe0
 .debug_ranges  0x0000000000000000       0x30 ./Core/Src/Analog.o
 .debug_ranges  0x0000000000000030       0x68 ./Core/Src/NRF24L01.o
 .debug_ranges  0x0000000000000098       0x20 ./Core/Src/adc.o
 .debug_ranges  0x00000000000000b8       0x10 ./Core/Src/dma.o
 .debug_ranges  0x00000000000000c8       0x10 ./Core/Src/gpio.o
 .debug_ranges  0x00000000000000d8       0x38 ./Core/Src/main.o
 .debug_ranges  0x0000000000000110       0x20 ./Core/Src/spi.o
 .debug_ranges  0x0000000000000130       0x10 ./Core/Src/stm32f1xx_hal_msp.o
 .debug_ranges  0x0000000000000140       0x88 ./Core/Src/stm32f1xx_it.o
 .debug_ranges  0x00000000000001c8       0x98 ./Core/Src/syscalls.o
 .debug_ranges  0x0000000000000260       0x10 ./Core/Src/sysmem.o
 .debug_ranges  0x0000000000000270       0x18 ./Core/Src/system_stm32f1xx.o
 .debug_ranges  0x0000000000000288       0x28 ./Core/Src/tim.o
 .debug_ranges  0x00000000000002b0       0x20 ./Core/Src/usart.o
 .debug_ranges  0x00000000000002d0       0x20 ./Core/Startup/startup_stm32f103c6tx.o
 .debug_ranges  0x00000000000002f0       0xd0 ./Drivers/STM32F1xx_HAL_Driver/Src/stm32f1xx_hal.o
 .debug_ranges  0x00000000000003c0       0xe0 ./Drivers/STM32F1xx_HAL_Driver/Src/stm32f1xx_hal_adc.o
 .debug_ranges  0x00000000000004a0       0xf0 ./Drivers/STM32F1xx_HAL_Driver/Src/stm32f1xx_hal_cortex.o
 .debug_ranges  0x0000000000000590       0x70 ./Drivers/STM32F1xx_HAL_Driver/Src/stm32f1xx_hal_dma.o
 .debug_ranges  0x0000000000000600       0x48 ./Drivers/STM32F1xx_HAL_Driver/Src/stm32f1xx_hal_gpio.o
 .debug_ranges  0x0000000000000648       0x80 ./Drivers/STM32F1xx_HAL_Driver/Src/stm32f1xx_hal_rcc.o
 .debug_ranges  0x00000000000006c8       0x20 ./Drivers/STM32F1xx_HAL_Driver/Src/stm32f1xx_hal_rcc_ex.o
 .debug_ranges  0x00000000000006e8      0x1c0 ./Drivers/STM32F1xx_HAL_Driver/Src/stm32f1xx_hal_spi.o
 .debug_ranges  0x00000000000008a8      0x3c0 ./Drivers/STM32F1xx_HAL_Driver/Src/stm32f1xx_hal_tim.o
 .debug_ranges  0x0000000000000c68      0x158 ./Drivers/STM32F1xx_HAL_Driver/Src/stm32f1xx_hal_tim_ex.o
 .debug_ranges  0x0000000000000dc0      0x220 ./Drivers/STM32F1xx_HAL_Driver/Src/stm32f1xx_hal_uart.o

.debug_macro    0x0000000000000000    0x1a481
 .debug_macro   0x0000000000000000      0x27a ./Core/Src/Analog.o
 .debug_macro   0x000000000000027a      0xa6c ./Core/Src/Analog.o
 .debug_macro   0x0000000000000ce6      0x22d ./Core/Src/Analog.o
 .debug_macro   0x0000000000000f13       0x2e ./Core/Src/Analog.o
 .debug_macro   0x0000000000000f41       0x22 ./Core/Src/Analog.o
 .debug_macro   0x0000000000000f63       0x22 ./Core/Src/Analog.o
 .debug_macro   0x0000000000000f85       0x8e ./Core/Src/Analog.o
 .debug_macro   0x0000000000001013       0x51 ./Core/Src/Analog.o
 .debug_macro   0x0000000000001064      0x103 ./Core/Src/Analog.o
 .debug_macro   0x0000000000001167       0x6a ./Core/Src/Analog.o
 .debug_macro   0x00000000000011d1      0x1df ./Core/Src/Analog.o
 .debug_macro   0x00000000000013b0       0x1c ./Core/Src/Analog.o
 .debug_macro   0x00000000000013cc       0x22 ./Core/Src/Analog.o
 .debug_macro   0x00000000000013ee       0xbd ./Core/Src/Analog.o
 .debug_macro   0x00000000000014ab      0xd23 ./Core/Src/Analog.o
 .debug_macro   0x00000000000021ce     0xde75 ./Core/Src/Analog.o
 .debug_macro   0x0000000000010043       0x6d ./Core/Src/Analog.o
 .debug_macro   0x00000000000100b0     0x3468 ./Core/Src/Analog.o
 .debug_macro   0x0000000000013518      0x174 ./Core/Src/Analog.o
 .debug_macro   0x000000000001368c       0x5c ./Core/Src/Analog.o
 .debug_macro   0x00000000000136e8      0x5be ./Core/Src/Analog.o
 .debug_macro   0x0000000000013ca6      0x1b7 ./Core/Src/Analog.o
 .debug_macro   0x0000000000013e5d      0x1cb ./Core/Src/Analog.o
 .debug_macro   0x0000000000014028      0x114 ./Core/Src/Analog.o
 .debug_macro   0x000000000001413c      0x1b2 ./Core/Src/Analog.o
 .debug_macro   0x00000000000142ee       0x27 ./Core/Src/Analog.o
 .debug_macro   0x0000000000014315      0x12f ./Core/Src/Analog.o
 .debug_macro   0x0000000000014444      0x1bc ./Core/Src/Analog.o
 .debug_macro   0x0000000000014600       0x34 ./Core/Src/Analog.o
 .debug_macro   0x0000000000014634       0x3c ./Core/Src/Analog.o
 .debug_macro   0x0000000000014670       0x57 ./Core/Src/Analog.o
 .debug_macro   0x00000000000146c7      0x46a ./Core/Src/Analog.o
 .debug_macro   0x0000000000014b31      0x1b5 ./Core/Src/Analog.o
 .debug_macro   0x0000000000014ce6       0x88 ./Core/Src/Analog.o
 .debug_macro   0x0000000000014d6e      0x183 ./Core/Src/Analog.o
 .debug_macro   0x0000000000014ef1      0x141 ./Core/Src/Analog.o
 .debug_macro   0x0000000000015032      0x217 ./Core/Src/Analog.o
 .debug_macro   0x0000000000015249      0x8d1 ./Core/Src/Analog.o
 .debug_macro   0x0000000000015b1a      0x279 ./Core/Src/Analog.o
 .debug_macro   0x0000000000015d93       0x69 ./Core/Src/Analog.o
 .debug_macro   0x0000000000015dfc       0x52 ./Core/Src/Analog.o
 .debug_macro   0x0000000000015e4e       0x18 ./Core/Src/Analog.o
 .debug_macro   0x0000000000015e66       0x3c ./Core/Src/Analog.o
 .debug_macro   0x0000000000015ea2       0x34 ./Core/Src/Analog.o
 .debug_macro   0x0000000000015ed6       0x16 ./Core/Src/Analog.o
 .debug_macro   0x0000000000015eec       0x43 ./Core/Src/Analog.o
 .debug_macro   0x0000000000015f2f       0x34 ./Core/Src/Analog.o
 .debug_macro   0x0000000000015f63       0x10 ./Core/Src/Analog.o
 .debug_macro   0x0000000000015f73       0x58 ./Core/Src/Analog.o
 .debug_macro   0x0000000000015fcb       0x71 ./Core/Src/Analog.o
 .debug_macro   0x000000000001603c       0x1c ./Core/Src/Analog.o
 .debug_macro   0x0000000000016058      0x12a ./Core/Src/Analog.o
 .debug_macro   0x0000000000016182      0x341 ./Core/Src/Analog.o
 .debug_macro   0x00000000000164c3      0x19b ./Core/Src/Analog.o
 .debug_macro   0x000000000001665e       0x1c ./Core/Src/Analog.o
 .debug_macro   0x000000000001667a      0x1f3 ./Core/Src/NRF24L01.o
 .debug_macro   0x000000000001686d       0xe8 ./Core/Src/NRF24L01.o
 .debug_macro   0x0000000000016955      0x1d9 ./Core/Src/adc.o
 .debug_macro   0x0000000000016b2e       0xa0 ./Core/Src/adc.o
 .debug_macro   0x0000000000016bce      0x1d9 ./Core/Src/dma.o
 .debug_macro   0x0000000000016da7      0x1d9 ./Core/Src/gpio.o
 .debug_macro   0x0000000000016f80      0x3a5 ./Core/Src/main.o
 .debug_macro   0x0000000000017325       0x16 ./Core/Src/main.o
 .debug_macro   0x000000000001733b       0x35 ./Core/Src/main.o
 .debug_macro   0x0000000000017370       0x10 ./Core/Src/main.o
 .debug_macro   0x0000000000017380       0x10 ./Core/Src/main.o
 .debug_macro   0x0000000000017390       0x1c ./Core/Src/main.o
 .debug_macro   0x00000000000173ac       0x52 ./Core/Src/main.o
 .debug_macro   0x00000000000173fe       0x22 ./Core/Src/main.o
 .debug_macro   0x0000000000017420       0x10 ./Core/Src/main.o
 .debug_macro   0x0000000000017430       0x52 ./Core/Src/main.o
 .debug_macro   0x0000000000017482       0xd5 ./Core/Src/main.o
 .debug_macro   0x0000000000017557       0x1c ./Core/Src/main.o
 .debug_macro   0x0000000000017573       0x3d ./Core/Src/main.o
 .debug_macro   0x00000000000175b0       0x16 ./Core/Src/main.o
 .debug_macro   0x00000000000175c6      0x145 ./Core/Src/main.o
 .debug_macro   0x000000000001770b       0xee ./Core/Src/main.o
 .debug_macro   0x00000000000177f9      0x1d9 ./Core/Src/spi.o
 .debug_macro   0x00000000000179d2      0x1cf ./Core/Src/stm32f1xx_hal_msp.o
 .debug_macro   0x0000000000017ba1      0x1d9 ./Core/Src/stm32f1xx_it.o
 .debug_macro   0x0000000000017d7a      0x24c ./Core/Src/syscalls.o
 .debug_macro   0x0000000000017fc6       0x4c ./Core/Src/syscalls.o
 .debug_macro   0x0000000000018012       0x94 ./Core/Src/syscalls.o
 .debug_macro   0x00000000000180a6       0x57 ./Core/Src/syscalls.o
 .debug_macro   0x00000000000180fd       0x10 ./Core/Src/syscalls.o
 .debug_macro   0x000000000001810d       0x10 ./Core/Src/syscalls.o
 .debug_macro   0x000000000001811d       0x10 ./Core/Src/syscalls.o
 .debug_macro   0x000000000001812d       0x35 ./Core/Src/syscalls.o
 .debug_macro   0x0000000000018162      0x12c ./Core/Src/syscalls.o
 .debug_macro   0x000000000001828e       0x16 ./Core/Src/syscalls.o
 .debug_macro   0x00000000000182a4       0x16 ./Core/Src/syscalls.o
 .debug_macro   0x00000000000182ba       0x29 ./Core/Src/syscalls.o
 .debug_macro   0x00000000000182e3       0x10 ./Core/Src/syscalls.o
 .debug_macro   0x00000000000182f3      0x241 ./Core/Src/syscalls.o
 .debug_macro   0x0000000000018534       0x1c ./Core/Src/syscalls.o
 .debug_macro   0x0000000000018550       0x10 ./Core/Src/syscalls.o
 .debug_macro   0x0000000000018560      0x189 ./Core/Src/syscalls.o
 .debug_macro   0x00000000000186e9       0x16 ./Core/Src/syscalls.o
 .debug_macro   0x00000000000186ff       0xce ./Core/Src/syscalls.o
 .debug_macro   0x00000000000187cd       0xff ./Core/Src/sysmem.o
 .debug_macro   0x00000000000188cc      0x23b ./Core/Src/sysmem.o
 .debug_macro   0x0000000000018b07      0x1c0 ./Core/Src/system_stm32f1xx.o
 .debug_macro   0x0000000000018cc7      0x1d9 ./Core/Src/tim.o
 .debug_macro   0x0000000000018ea0      0x1d9 ./Core/Src/usart.o
 .debug_macro   0x0000000000019079      0x1e4 ./Drivers/STM32F1xx_HAL_Driver/Src/stm32f1xx_hal.o
 .debug_macro   0x000000000001925d      0x1dd ./Drivers/STM32F1xx_HAL_Driver/Src/stm32f1xx_hal_adc.o
 .debug_macro   0x000000000001943a      0x1c0 ./Drivers/STM32F1xx_HAL_Driver/Src/stm32f1xx_hal_cortex.o
 .debug_macro   0x00000000000195fa      0x1c0 ./Drivers/STM32F1xx_HAL_Driver/Src/stm32f1xx_hal_dma.o
 .debug_macro   0x00000000000197ba      0x22b ./Drivers/STM32F1xx_HAL_Driver/Src/stm32f1xx_hal_gpio.o
 .debug_macro   0x00000000000199e5      0x1d2 ./Drivers/STM32F1xx_HAL_Driver/Src/stm32f1xx_hal_rcc.o
 .debug_macro   0x0000000000019bb7      0x1c0 ./Drivers/STM32F1xx_HAL_Driver/Src/stm32f1xx_hal_rcc_ex.o
 .debug_macro   0x0000000000019d77      0x1c8 ./Drivers/STM32F1xx_HAL_Driver/Src/stm32f1xx_hal_spi.o
 .debug_macro   0x0000000000019f3f      0x1c1 ./Drivers/STM32F1xx_HAL_Driver/Src/stm32f1xx_hal_tim.o