../Core/Src/NRF24L01.c:15:6:NRF_CS_Select	8	static
../Core/Src/NRF24L01.c:19:6:NRF_CS_Unselect	8	static
../Core/Src/NRF24L01.c:23:6:NRF_CE_Enable	8	static
../Core/Src/NRF24L01.c:27:6:NRF_CE_Disable	8	static
../Core/Src/NRF24L01.c:32:6:NRF_WriteRegister	24	static
../Core/Src/NRF24L01.c:48:6:NRF_WriteRegisterMultiple	24	static
../Core/Src/NRF24L01.c:66:9:NRF_ReadRegister	24	static
../Core/Src/NRF24L01.c:84:6:NRF_ReadRegisterMultiple	16	static
../Core/Src/NRF24L01.c:100:6:NRF_SendCommand	16	static
../Core/Src/NRF24L01.c:111:6:NRF_Init	16	static
../Core/Src/NRF24L01.c:145:6:NRF_SetTxMode	24	static
../Core/Src/NRF24L01.c:168:9:NRF_Transmit	24	static
