../Core/Src/main.c:81:5:_write	24	static
../Core/Src/main.c:86:6:sendint16	48	static
../Core/Src/main.c:108:5:main	32	static
../Core/Src/main.c:250:6:SystemClock_Config	88	static
../Core/Src/main.c:301:13:MX_ADC1_Init	24	static
../Core/Src/main.c:393:13:MX_SPI2_Init	8	static
../Core/Src/main.c:431:13:MX_TIM1_Init	80	static
../Core/Src/main.c:495:13:MX_TIM2_Init	48	static
../Core/Src/main.c:543:13:MX_USART1_UART_Init	8	static
../Core/Src/main.c:574:13:MX_DMA_Init	16	static
../Core/Src/main.c:592:13:MX_GPIO_Init	40	static
../Core/Src/main.c:653:6:HAL_TIM_PeriodElapsedCallback	16	static
../Core/Src/main.c:670:6:Error_Handler	4	static,ignoring_inline_asm
