../Core/Src/NRF24L01.c:23:6:NRF_CS_Select	8	static
../Core/Src/NRF24L01.c:27:6:NRF_CS_Unselect	8	static
../Core/Src/NRF24L01.c:31:6:NRF_CE_Enable	8	static
../Core/Src/NRF24L01.c:35:6:NRF_CE_Disable	8	static
../Core/Src/NRF24L01.c:40:6:NRF_WriteRegister	24	static
../Core/Src/NRF24L01.c:56:6:NRF_WriteRegisterMultiple	24	static
../Core/Src/NRF24L01.c:74:9:NRF_ReadRegister	24	static
../Core/Src/NRF24L01.c:92:6:NRF_ReadRegisterMultiple	16	static
../Core/Src/NRF24L01.c:108:6:NRF_SendCommand	16	static
../Core/Src/NRF24L01.c:119:6:NRF_Init	32	static
../Core/Src/NRF24L01.c:170:6:NRF_SetTxMode	24	static
../Core/Src/NRF24L01.c:204:9:NRF_Transmit	24	static
../Core/Src/NRF24L01.c:240:6:NRF_SetRxMode	24	static
../Core/Src/NRF24L01.c:282:9:NRF_dataAvailable	24	static
../Core/Src/NRF24L01.c:297:6:NRF_Receive	24	static
../Core/Src/NRF24L01.c:327:6:NRF_ResetReg	40	static
