../Core/Src/main.c:91:5:_write	24	static
../Core/Src/main.c:101:5:main	24	static
../Core/Src/main.c:177:6:SystemClock_Config	96	static
../Core/Src/main.c:229:6:PeriphCommonClock_Config	144	static
../Core/Src/main.c:255:13:MX_ADC1_Init	48	static
../Core/Src/main.c:349:13:MX_ADC2_Init	32	static
../Core/Src/main.c:440:13:MX_I2C1_Init	8	static
../Core/Src/main.c:488:13:MX_I2C2_Init	8	static
../Core/Src/main.c:536:13:MX_SPI2_Init	8	static
../Core/Src/main.c:576:13:MX_TIM1_Init	56	static
../Core/Src/main.c:645:13:MX_TIM3_Init	48	static
../Core/Src/main.c:706:13:MX_USART1_UART_Init	8	static
../Core/Src/main.c:741:13:MX_USART2_UART_Init	8	static
../Core/Src/main.c:774:13:MX_DMA_Init	16	static
../Core/Src/main.c:795:13:MX_GPIO_Init	48	static
../Core/Src/main.c:875:6:Error_Handler	4	static,ignoring_inline_asm
