Archive member included to satisfy reference by file (symbol)

c:/st/stm32cubeide_1.12.0/stm32cubeide/plugins/com.st.stm32cube.ide.mcu.externaltools.gnu-tools-for-stm32.10.3-2021.10.win32_1.0.200.202301161003/tools/bin/../lib/gcc/arm-none-eabi/10.3.1/../../../../arm-none-eabi/lib/thumb/v7e-m+fp/hard\libc_nano.a(lib_a-errno.o)
                              ./Core/Src/syscalls.o (__errno)
c:/st/stm32cubeide_1.12.0/stm32cubeide/plugins/com.st.stm32cube.ide.mcu.externaltools.gnu-tools-for-stm32.10.3-2021.10.win32_1.0.200.202301161003/tools/bin/../lib/gcc/arm-none-eabi/10.3.1/../../../../arm-none-eabi/lib/thumb/v7e-m+fp/hard\libc_nano.a(lib_a-exit.o)
                              c:/st/stm32cubeide_1.12.0/stm32cubeide/plugins/com.st.stm32cube.ide.mcu.externaltools.gnu-tools-for-stm32.10.3-2021.10.win32_1.0.200.202301161003/tools/bin/../lib/gcc/arm-none-eabi/10.3.1/../../../../arm-none-eabi/lib/thumb/v7e-m+fp/hard/crt0.o (exit)
c:/st/stm32cubeide_1.12.0/stm32cubeide/plugins/com.st.stm32cube.ide.mcu.externaltools.gnu-tools-for-stm32.10.3-2021.10.win32_1.0.200.202301161003/tools/bin/../lib/gcc/arm-none-eabi/10.3.1/../../../../arm-none-eabi/lib/thumb/v7e-m+fp/hard\libc_nano.a(lib_a-impure.o)
                              c:/st/stm32cubeide_1.12.0/stm32cubeide/plugins/com.st.stm32cube.ide.mcu.externaltools.gnu-tools-for-stm32.10.3-2021.10.win32_1.0.200.202301161003/tools/bin/../lib/gcc/arm-none-eabi/10.3.1/../../../../arm-none-eabi/lib/thumb/v7e-m+fp/hard\libc_nano.a(lib_a-exit.o) (_global_impure_ptr)
c:/st/stm32cubeide_1.12.0/stm32cubeide/plugins/com.st.stm32cube.ide.mcu.externaltools.gnu-tools-for-stm32.10.3-2021.10.win32_1.0.200.202301161003/tools/bin/../lib/gcc/arm-none-eabi/10.3.1/../../../../arm-none-eabi/lib/thumb/v7e-m+fp/hard\libc_nano.a(lib_a-init.o)
                              c:/st/stm32cubeide_1.12.0/stm32cubeide/plugins/com.st.stm32cube.ide.mcu.externaltools.gnu-tools-for-stm32.10.3-2021.10.win32_1.0.200.202301161003/tools/bin/../lib/gcc/arm-none-eabi/10.3.1/../../../../arm-none-eabi/lib/thumb/v7e-m+fp/hard/crt0.o (__libc_init_array)
c:/st/stm32cubeide_1.12.0/stm32cubeide/plugins/com.st.stm32cube.ide.mcu.externaltools.gnu-tools-for-stm32.10.3-2021.10.win32_1.0.200.202301161003/tools/bin/../lib/gcc/arm-none-eabi/10.3.1/../../../../arm-none-eabi/lib/thumb/v7e-m+fp/hard\libc_nano.a(lib_a-memset.o)
                              c:/st/stm32cubeide_1.12.0/stm32cubeide/plugins/com.st.stm32cube.ide.mcu.externaltools.gnu-tools-for-stm32.10.3-2021.10.win32_1.0.200.202301161003/tools/bin/../lib/gcc/arm-none-eabi/10.3.1/../../../../arm-none-eabi/lib/thumb/v7e-m+fp/hard/crt0.o (memset)
c:/st/stm32cubeide_1.12.0/stm32cubeide/plugins/com.st.stm32cube.ide.mcu.externaltools.gnu-tools-for-stm32.10.3-2021.10.win32_1.0.200.202301161003/tools/bin/../lib/gcc/arm-none-eabi/10.3.1/thumb/v7e-m+fp/hard\libgcc.a(_arm_muldf3.o)
                              ./Core/Lib/Analog/Analog.o (__aeabi_dmul)
c:/st/stm32cubeide_1.12.0/stm32cubeide/plugins/com.st.stm32cube.ide.mcu.externaltools.gnu-tools-for-stm32.10.3-2021.10.win32_1.0.200.202301161003/tools/bin/../lib/gcc/arm-none-eabi/10.3.1/thumb/v7e-m+fp/hard\libgcc.a(_arm_addsubdf3.o)
                              ./Core/Lib/Analog/Analog.o (__aeabi_dadd)
c:/st/stm32cubeide_1.12.0/stm32cubeide/plugins/com.st.stm32cube.ide.mcu.externaltools.gnu-tools-for-stm32.10.3-2021.10.win32_1.0.200.202301161003/tools/bin/../lib/gcc/arm-none-eabi/10.3.1/thumb/v7e-m+fp/hard\libgcc.a(_arm_fixunsdfsi.o)
                              ./Core/Lib/Analog/Analog.o (__aeabi_d2uiz)
c:/st/stm32cubeide_1.12.0/stm32cubeide/plugins/com.st.stm32cube.ide.mcu.externaltools.gnu-tools-for-stm32.10.3-2021.10.win32_1.0.200.202301161003/tools/bin/../lib/gcc/arm-none-eabi/10.3.1/thumb/v7e-m+fp/hard\libgcc.a(_aeabi_uldivmod.o)
                              ./Drivers/STM32L4xx_HAL_Driver/Src/stm32l4xx_hal_uart.o (__aeabi_uldivmod)
c:/st/stm32cubeide_1.12.0/stm32cubeide/plugins/com.st.stm32cube.ide.mcu.externaltools.gnu-tools-for-stm32.10.3-2021.10.win32_1.0.200.202301161003/tools/bin/../lib/gcc/arm-none-eabi/10.3.1/thumb/v7e-m+fp/hard\libgcc.a(_udivmoddi4.o)
                              c:/st/stm32cubeide_1.12.0/stm32cubeide/plugins/com.st.stm32cube.ide.mcu.externaltools.gnu-tools-for-stm32.10.3-2021.10.win32_1.0.200.202301161003/tools/bin/../lib/gcc/arm-none-eabi/10.3.1/thumb/v7e-m+fp/hard\libgcc.a(_aeabi_uldivmod.o) (__udivmoddi4)
c:/st/stm32cubeide_1.12.0/stm32cubeide/plugins/com.st.stm32cube.ide.mcu.externaltools.gnu-tools-for-stm32.10.3-2021.10.win32_1.0.200.202301161003/tools/bin/../lib/gcc/arm-none-eabi/10.3.1/thumb/v7e-m+fp/hard\libgcc.a(_dvmd_tls.o)
                              c:/st/stm32cubeide_1.12.0/stm32cubeide/plugins/com.st.stm32cube.ide.mcu.externaltools.gnu-tools-for-stm32.10.3-2021.10.win32_1.0.200.202301161003/tools/bin/../lib/gcc/arm-none-eabi/10.3.1/thumb/v7e-m+fp/hard\libgcc.a(_aeabi_uldivmod.o) (__aeabi_ldiv0)

Discarded input sections

[...]
Memory Configuration

Name             Origin             Length             Attributes
RAM              0x0000000020000000 0x0000000000018000 xrw
RAM2             0x0000000010000000 0x0000000000008000 xrw
FLASH            0x0000000008000000 0x0000000000100000 xr
*default*        0x0000000000000000 0xffffffffffffffff

Linker script and memory map

LOAD c:/st/stm32cubeide_1.12.0/stm32cubeide/plugins/com.st.stm32cube.ide.mcu.externaltools.gnu-tools-for-stm32.10.3-2021.10.win32_1.0.200.202301161003/tools/bin/../lib/gcc/arm-none-eabi/10.3.1/thumb/v7e-m+fp/hard/crti.o
LOAD c:/st/stm32cubeide_1.12.0/stm32cubeide/plugins/com.st.stm32cube.ide.mcu.externaltools.gnu-tools-for-stm32.10.3-2021.10.win32_1.0.200.202301161003/tools/bin/../lib/gcc/arm-none-eabi/10.3.1/thumb/v7e-m+fp/hard/crtbegin.o
LOAD c:/st/stm32cubeide_1.12.0/stm32cubeide/plugins/com.st.stm32cube.ide.mcu.externaltools.gnu-tools-for-stm32.10.3-2021.10.win32_1.0.200.202301161003/tools/bin/../lib/gcc/arm-none-eabi/10.3.1/../../../../arm-none-eabi/lib/thumb/v7e-m+fp/hard/crt0.o
LOAD ./Core/Lib/Analog/Analog.o
LOAD ./Core/Lib/BMP280/BMP280.o
LOAD ./Core/Lib/Motors/motors.o
LOAD ./Core/Lib/NRF24L01/NRF24L01.o
LOAD ./Core/Lib/TEMT6000/TEMPT6000.o
LOAD ./Core/Src/main.o
LOAD ./Core/Src/stm32l4xx_hal_msp.o
LOAD ./Core/Src/stm32l4xx_it.o
LOAD ./Core/Src/syscalls.o
LOAD ./Core/Src/sysmem.o
LOAD ./Core/Src/system_stm32l4xx.o
LOAD ./Core/Startup/startup_stm32l476rgtx.o
LOAD ./Drivers/STM32L4xx_HAL_Driver/Src/stm32l4xx_hal.o
LOAD ./Drivers/STM32L4xx_HAL_Driver/Src/stm32l4xx_hal_adc.o
LOAD ./Drivers/STM32L4xx_HAL_Driver/Src/stm32l4xx_hal_adc_ex.o
LOAD ./Drivers/STM32L4xx_HAL_Driver/Src/stm32l4xx_hal_cortex.o
LOAD ./Drivers/STM32L4xx_HAL_Driver/Src/stm32l4xx_hal_dma.o
LOAD ./Drivers/STM32L4xx_HAL_Driver/Src/stm32l4xx_hal_dma_ex.o
LOAD ./Drivers/STM32L4xx_HAL_Driver/Src/stm32l4xx_hal_exti.o
LOAD ./Drivers/STM32L4xx_HAL_Driver/Src/stm32l4xx_hal_flash.o
LOAD ./Drivers/STM32L4xx_HAL_Driver/Src/stm32l4xx_hal_flash_ex.o
LOAD ./Drivers/STM32L4xx_HAL_Driver/Src/stm32l4xx_hal_flash_ramfunc.o
LOAD ./Drivers/STM32L4xx_HAL_Driver/Src/stm32l4xx_hal_gpio.o
LOAD ./Drivers/STM32L4xx_HAL_Driver/Src/stm32l4xx_hal_i2c.o
LOAD ./Drivers/STM32L4xx_HAL_Driver/Src/stm32l4xx_hal_i2c_ex.o
LOAD ./Drivers/STM32L4xx_HAL_Driver/Src/stm32l4xx_hal_pwr.o
LOAD ./Drivers/STM32L4xx_HAL_Driver/Src/stm32l4xx_hal_pwr_ex.o
LOAD ./Drivers/STM32L4xx_HAL_Driver/Src/stm32l4xx_hal_rcc.o
LOAD ./Drivers/STM32L4xx_HAL_Driver/Src/stm32l4xx_hal_rcc_ex.o
LOAD ./Drivers/STM32L4xx_HAL_Driver/Src/stm32l4xx_hal_spi.o
LOAD ./Drivers/STM32L4xx_HAL_Driver/Src/stm32l4xx_hal_spi_ex.o
LOAD ./Drivers/STM32L4xx_HAL_Driver/Src/stm32l4xx_hal_tim.o
LOAD ./Drivers/STM32L4xx_HAL_Driver/Src/stm32l4xx_hal_tim_ex.o
LOAD ./Drivers/STM32L4xx_HAL_Driver/Src/stm32l4xx_hal_uart.o
LOAD ./Drivers/STM32L4xx_HAL_Driver/Src/stm32l4xx_hal_uart_ex.o
START GROUP
LOAD c:/st/stm32cubeide_1.12.0/stm32cubeide/plugins/com.st.stm32cube.ide.mcu.externaltools.gnu-tools-for-stm32.10.3-2021.10.win32_1.0.200.202301161003/tools/bin/../lib/gcc/arm-none-eabi/10.3.1/../../../../arm-none-eabi/lib/thumb/v7e-m+fp/hard\libc_nano.a
LOAD c:/st/stm32cubeide_1.12.0/stm32cubeide/plugins/com.st.stm32cube.ide.mcu.externaltools.gnu-tools-for-stm32.10.3-2021.10.win32_1.0.200.202301161003/tools/bin/../lib/gcc/arm-none-eabi/10.3.1/../../../../arm-none-eabi/lib/thumb/v7e-m+fp/hard\libm.a
END GROUP
START GROUP
LOAD c:/st/stm32cubeide_1.12.0/stm32cubeide/plugins/com.st.stm32cube.ide.mcu.externaltools.gnu-tools-for-stm32.10.3-2021.10.win32_1.0.200.202301161003/tools/bin/../lib/gcc/arm-none-eabi/10.3.1/thumb/v7e-m+fp/hard\libgcc.a
LOAD c:/st/stm32cubeide_1.12.0/stm32cubeide/plugins/com.st.stm32cube.ide.mcu.externaltools.gnu-tools-for-stm32.10.3-2021.10.win32_1.0.200.202301161003/tools/bin/../lib/gcc/arm-none-eabi/10.3.1/../../../../arm-none-eabi/lib/thumb/v7e-m+fp/hard\libc_nano.a
END GROUP
START GROUP
LOAD c:/st/stm32cubeide_1.12.0/stm32cubeide/plugins/com.st.stm32cube.ide.mcu.externaltools.gnu-tools-for-stm32.10.3-2021.10.win32_1.0.200.202301161003/tools/bin/../lib/gcc/arm-none-eabi/10.3.1/thumb/v7e-m+fp/hard\libgcc.a
LOAD c:/st/stm32cubeide_1.12.0/stm32cubeide/plugins/com.st.stm32cube.ide.mcu.externaltools.gnu-tools-for-stm32.10.3-2021.10.win32_1.0.200.202301161003/tools/bin/../lib/gcc/arm-none-eabi/10.3.1/../../../../arm-none-eabi/lib/thumb/v7e-m+fp/hard\libc_nano.a
LOAD c:/st/stm32cubeide_1.12.0/stm32cubeide/plugins/com.st.stm32cube.ide.mcu.externaltools.gnu-tools-for-stm32.10.3-2021.10.win32_1.0.200.202301161003/tools/bin/../lib/gcc/arm-none-eabi/10.3.1/../../../../arm-none-eabi/lib/thumb/v7e-m+fp/hard\libnosys.a
END GROUP
START GROUP
LOAD c:/st/stm32cubeide_1.12.0/stm32cubeide/plugins/com.st.stm32cube.ide.mcu.externaltools.gnu-tools-for-stm32.10.3-2021.10.win32_1.0.200.202301161003/tools/bin/../lib/gcc/arm-none-eabi/10.3.1/thumb/v7e-m+fp/hard\libgcc.a
LOAD c:/st/stm32cubeide_1.12.0/stm32cubeide/plugins/com.st.stm32cube.ide.mcu.externaltools.gnu-tools-for-stm32.10.3-2021.10.win32_1.0.200.202301161003/tools/bin/../lib/gcc/arm-none-eabi/10.3.1/../../../../arm-none-eabi/lib/thumb/v7e-m+fp/hard\libc_nano.a
LOAD c:/st/stm32cubeide_1.12.0/stm32cubeide/plugins/com.st.stm32cube.ide.mcu.externaltools.gnu-tools-for-stm32.10.3-2021.10.win32_1.0.200.202301161003/tools/bin/../lib/gcc/arm-none-eabi/10.3.1/../../../../arm-none-eabi/lib/thumb/v7e-m+fp/hard\libnosys.a
END GROUP
LOAD c:/st/stm32cubeide_1.12.0/stm32cubeide/plugins/com.st.stm32cube.ide.mcu.externaltools.gnu-tools-for-stm32.10.3-2021.10.win32_1.0.200.202301161003/tools/bin/../lib/gcc/arm-none-eabi/10.3.1/thumb/v7e-m+fp/hard/crtend.o
LOAD c:/st/stm32cubeide_1.12.0/stm32cubeide/plugins/com.st.stm32cube.ide.mcu.externaltools.gnu-tools-for-stm32.10.3-2021.10.win32_1.0.200.202301161003/tools/bin/../lib/gcc/arm-none-eabi/10.3.1/thumb/v7e-m+fp/hard/crtn.o
                0x0000000020018000                _estack = (ORIGIN (RAM) + LENGTH (RAM))
                0x0000000000000200                _Min_Heap_Size = 0x200
                0x0000000000000400                _Min_Stack_Size = 0x400

.isr_vector     0x0000000008000000      0x188
                0x0000000008000000                . = ALIGN (0x4)
 *(.isr_vector)
 .isr_vector    0x0000000008000000      0x188 ./Core/Startup/startup_stm32l476rgtx.o
                0x0000000008000000                g_pfnVectors
                0x0000000008000188                . = ALIGN (0x4)

.text           0x0000000008000188     0x7fac
                0x0000000008000188                . = ALIGN (0x4)
 *(.text)
 .text          0x0000000008000188       0x40 c:/st/stm32cubeide_1.12.0/stm32cubeide/plugins/com.st.stm32cube.ide.mcu.externaltools.gnu-tools-for-stm32.10.3-2021.10.win32_1.0.200.202301161003/tools/bin/../lib/gcc/arm-none-eabi/10.3.1/thumb/v7e-m+fp/hard/crtbegin.o
 .text          0x00000000080001c8       0x30 c:/st/stm32cubeide_1.12.0/stm32cubeide/plugins/com.st.stm32cube.ide.mcu.externaltools.gnu-tools-for-stm32.10.3-2021.10.win32_1.0.200.202301161003/tools/bin/../lib/gcc/arm-none-eabi/10.3.1/thumb/v7e-m+fp/hard\libgcc.a(_aeabi_uldivmod.o)
                0x00000000080001c8                __aeabi_uldivmod
 .text          0x00000000080001f8      0x2d0 c:/st/stm32cubeide_1.12.0/stm32cubeide/plugins/com.st.stm32cube.ide.mcu.externaltools.gnu-tools-for-stm32.10.3-2021.10.win32_1.0.200.202301161003/tools/bin/../lib/gcc/arm-none-eabi/10.3.1/thumb/v7e-m+fp/hard\libgcc.a(_udivmoddi4.o)
                0x00000000080001f8                __udivmoddi4
 .text          0x00000000080004c8        0x4 c:/st/stm32cubeide_1.12.0/stm32cubeide/plugins/com.st.stm32cube.ide.mcu.externaltools.gnu-tools-for-stm32.10.3-2021.10.win32_1.0.200.202301161003/tools/bin/../lib/gcc/arm-none-eabi/10.3.1/thumb/v7e-m+fp/hard\libgcc.a(_dvmd_tls.o)
                0x00000000080004c8                __aeabi_idiv0
                0x00000000080004c8                __aeabi_ldiv0
 *(.text*)
 .text.BMP280_Read8
                0x00000000080004cc       0x3c ./Core/Lib/BMP280/BMP280.o
                0x00000000080004cc                BMP280_Read8
 .text.BMP280_Read16
                0x0000000008000508       0x44 ./Core/Lib/BMP280/BMP280.o
                0x0000000008000508                BMP280_Read16
 .text.BMP280_Read16LE
                0x000000000800054c       0x32 ./Core/Lib/BMP280/BMP280.o
                0x000000000800054c                BMP280_Read16LE
 *fill*         0x000000000800057e        0x2 
 .text.BMP280_Write8
                0x0000000008000580       0x38 ./Core/Lib/BMP280/BMP280.o
                0x0000000008000580                BMP280_Write8
 .text.BMP280_Read24
                0x00000000080005b8       0x44 ./Core/Lib/BMP280/BMP280.o
                0x00000000080005b8                BMP280_Read24
 .text.BMP280_Init
                0x00000000080005fc       0xb0 ./Core/Lib/BMP280/BMP280.o
                0x00000000080005fc                BMP280_Init
 .text.BMP280_ReadTemperature
                0x00000000080006ac      0x118 ./Core/Lib/BMP280/BMP280.o
                0x00000000080006ac                BMP280_ReadTemperature
 .text.BMP280_Read_Temperature
                0x00000000080007c4       0x3c ./Core/Lib/BMP280/BMP280.o
                0x00000000080007c4                BMP280_Read_Temperature
 .text.TEMT6000_Init
                0x0000000008000800       0x38 ./Core/Lib/TEMT6000/TEMPT6000.o
                0x0000000008000800                TEMT6000_Init
 .text.TEMT6000_ReadLight
                0x0000000008000838       0x88 ./Core/Lib/TEMT6000/TEMPT6000.o
                0x0000000008000838                TEMT6000_ReadLight
 .text.main     0x00000000080008c0       0xd0 ./Core/Src/main.o
                0x00000000080008c0                main
 .text.SystemClock_Config
                0x0000000008000990       0xa2 ./Core/Src/main.o
                0x0000000008000990                SystemClock_Config
 .text.PeriphCommonClock_Config
                0x0000000008000a32       0x56 ./Core/Src/main.o
                0x0000000008000a32                PeriphCommonClock_Config
 .text.MX_ADC1_Init
                0x0000000008000a88      0x14c ./Core/Src/main.o
 .text.MX_ADC2_Init
                0x0000000008000bd4      0x130 ./Core/Src/main.o
 .text.MX_I2C1_Init
                0x0000000008000d04       0x80 ./Core/Src/main.o
 .text.MX_I2C2_Init
                0x0000000008000d84       0x80 ./Core/Src/main.o
 .text.MX_SPI2_Init
                0x0000000008000e04       0x7c ./Core/Src/main.o
 .text.MX_TIM1_Init
                0x0000000008000e80      0x11c ./Core/Src/main.o
 .text.MX_TIM3_Init
                0x0000000008000f9c       0xf8 ./Core/Src/main.o
 .text.MX_USART1_UART_Init
                0x0000000008001094       0x60 ./Core/Src/main.o
 .text.MX_USART2_UART_Init
                0x00000000080010f4       0x60 ./Core/Src/main.o
 .text.MX_DMA_Init
                0x0000000008001154       0x4c ./Core/Src/main.o
 .text.MX_GPIO_Init
                0x00000000080011a0      0x184 ./Core/Src/main.o
 .text.Error_Handler
                0x0000000008001324        0xa ./Core/Src/main.o
                0x0000000008001324                Error_Handler
 *fill*         0x000000000800132e        0x2 
 .text.HAL_MspInit
                0x0000000008001330       0x48 ./Core/Src/stm32l4xx_hal_msp.o
                0x0000000008001330                HAL_MspInit
 .text.HAL_ADC_MspInit
                0x0000000008001378      0x1ec ./Core/Src/stm32l4xx_hal_msp.o
                0x0000000008001378                HAL_ADC_MspInit
 .text.HAL_I2C_MspInit
                0x0000000008001564      0x144 ./Core/Src/stm32l4xx_hal_msp.o
                0x0000000008001564                HAL_I2C_MspInit
 .text.HAL_SPI_MspInit
                0x00000000080016a8       0x88 ./Core/Src/stm32l4xx_hal_msp.o
                0x00000000080016a8                HAL_SPI_MspInit
 .text.HAL_TIM_Base_MspInit
                0x0000000008001730       0x88 ./Core/Src/stm32l4xx_hal_msp.o
                0x0000000008001730                HAL_TIM_Base_MspInit
 .text.HAL_TIM_PWM_MspInit
                0x00000000080017b8       0x4c ./Core/Src/stm32l4xx_hal_msp.o
                0x00000000080017b8                HAL_TIM_PWM_MspInit
 .text.HAL_TIM_MspPostInit
                0x0000000008001804       0x70 ./Core/Src/stm32l4xx_hal_msp.o
                0x0000000008001804                HAL_TIM_MspPostInit
 .text.HAL_UART_MspInit
                0x0000000008001874      0x144 ./Core/Src/stm32l4xx_hal_msp.o
                0x0000000008001874                HAL_UART_MspInit
 .text.NMI_Handler
                0x00000000080019b8        0xa ./Core/Src/stm32l4xx_it.o
                0x00000000080019b8                NMI_Handler
 .text.HardFault_Handler
                0x00000000080019c2        0x6 ./Core/Src/stm32l4xx_it.o
                0x00000000080019c2                HardFault_Handler
 .text.MemManage_Handler
                0x00000000080019c8        0x6 ./Core/Src/stm32l4xx_it.o
                0x00000000080019c8                MemManage_Handler
 .text.BusFault_Handler
                0x00000000080019ce        0x6 ./Core/Src/stm32l4xx_it.o
                0x00000000080019ce                BusFault_Handler
 .text.UsageFault_Handler
                0x00000000080019d4        0x6 ./Core/Src/stm32l4xx_it.o
                0x00000000080019d4                UsageFault_Handler
 .text.SVC_Handler
                0x00000000080019da        0xe ./Core/Src/stm32l4xx_it.o
                0x00000000080019da                SVC_Handler
 .text.DebugMon_Handler
                0x00000000080019e8        0xe ./Core/Src/stm32l4xx_it.o
                0x00000000080019e8                DebugMon_Handler
 .text.PendSV_Handler
                0x00000000080019f6        0xe ./Core/Src/stm32l4xx_it.o
                0x00000000080019f6                PendSV_Handler
 .text.SysTick_Handler
                0x0000000008001a04        0xc ./Core/Src/stm32l4xx_it.o
                0x0000000008001a04                SysTick_Handler
 .text.DMA1_Channel1_IRQHandler
                0x0000000008001a10       0x14 ./Core/Src/stm32l4xx_it.o
                0x0000000008001a10                DMA1_Channel1_IRQHandler
 .text.DMA1_Channel2_IRQHandler
                0x0000000008001a24       0x14 ./Core/Src/stm32l4xx_it.o
                0x0000000008001a24                DMA1_Channel2_IRQHandler
 .text.TIM3_IRQHandler
                0x0000000008001a38       0x14 ./Core/Src/stm32l4xx_it.o
                0x0000000008001a38                TIM3_IRQHandler
 .text.SystemInit
                0x0000000008001a4c       0x24 ./Core/Src/system_stm32l4xx.o
                0x0000000008001a4c                SystemInit
 .text.Reset_Handler
                0x0000000008001a70       0x50 ./Core/Startup/startup_stm32l476rgtx.o
                0x0000000008001a70                Reset_Handler
 .text.Default_Handler
                0x0000000008001ac0        0x2 ./Core/Startup/startup_stm32l476rgtx.o
                0x0000000008001ac0                RTC_Alarm_IRQHandler
                0x0000000008001ac0                EXTI2_IRQHandler
                0x0000000008001ac0                TIM8_TRG_COM_IRQHandler
                0x0000000008001ac0                TIM8_CC_IRQHandler
                0x0000000008001ac0                TIM1_CC_IRQHandler
                0x0000000008001ac0                TSC_IRQHandler
                0x0000000008001ac0                TAMP_STAMP_IRQHandler
                0x0000000008001ac0                EXTI3_IRQHandler
                0x0000000008001ac0                LPTIM2_IRQHandler
                0x0000000008001ac0                DFSDM1_FLT1_IRQHandler
                0x0000000008001ac0                I2C3_ER_IRQHandler
                0x0000000008001ac0                DFSDM1_FLT2_IRQHandler
                0x0000000008001ac0                EXTI0_IRQHandler
                0x0000000008001ac0                I2C2_EV_IRQHandler
                0x0000000008001ac0                CAN1_RX0_IRQHandler
                0x0000000008001ac0                FPU_IRQHandler
                0x0000000008001ac0                TIM1_UP_TIM16_IRQHandler
                0x0000000008001ac0                ADC1_2_IRQHandler
                0x0000000008001ac0                SPI1_IRQHandler
                0x0000000008001ac0                TIM6_DAC_IRQHandler
                0x0000000008001ac0                TIM8_UP_IRQHandler
                0x0000000008001ac0                DMA2_Channel2_IRQHandler
                0x0000000008001ac0                DMA1_Channel4_IRQHandler
                0x0000000008001ac0                SAI2_IRQHandler
                0x0000000008001ac0                DFSDM1_FLT3_IRQHandler
                0x0000000008001ac0                USART3_IRQHandler
                0x0000000008001ac0                DMA1_Channel7_IRQHandler
                0x0000000008001ac0                CAN1_RX1_IRQHandler
                0x0000000008001ac0                LCD_IRQHandler
                0x0000000008001ac0                UART5_IRQHandler
                0x0000000008001ac0                ADC3_IRQHandler
                0x0000000008001ac0                TIM4_IRQHandler
                0x0000000008001ac0                DMA2_Channel1_IRQHandler
                0x0000000008001ac0                QUADSPI_IRQHandler
                0x0000000008001ac0                I2C1_EV_IRQHandler
                0x0000000008001ac0                DMA1_Channel6_IRQHandler
                0x0000000008001ac0                UART4_IRQHandler
                0x0000000008001ac0                DMA2_Channel4_IRQHandler
                0x0000000008001ac0                RCC_IRQHandler
                0x0000000008001ac0                Default_Handler
                0x0000000008001ac0                DMA2_Channel7_IRQHandler
                0x0000000008001ac0                EXTI15_10_IRQHandler
                0x0000000008001ac0                TIM7_IRQHandler
                0x0000000008001ac0                SDMMC1_IRQHandler
                0x0000000008001ac0                TIM5_IRQHandler
                0x0000000008001ac0                I2C3_EV_IRQHandler
                0x0000000008001ac0                EXTI9_5_IRQHandler
                0x0000000008001ac0                RTC_WKUP_IRQHandler
                0x0000000008001ac0                PVD_PVM_IRQHandler
                0x0000000008001ac0                SPI2_IRQHandler
                0x0000000008001ac0                CAN1_TX_IRQHandler
                0x0000000008001ac0                DMA2_Channel5_IRQHandler
                0x0000000008001ac0                DMA1_Channel5_IRQHandler
                0x0000000008001ac0                EXTI4_IRQHandler
                0x0000000008001ac0                RNG_IRQHandler
                0x0000000008001ac0                TIM1_TRG_COM_TIM17_IRQHandler
                0x0000000008001ac0                DMA1_Channel3_IRQHandler
                0x0000000008001ac0                COMP_IRQHandler
                0x0000000008001ac0                WWDG_IRQHandler
                0x0000000008001ac0                LPUART1_IRQHandler
                0x0000000008001ac0                DMA2_Channel6_IRQHandler
                0x0000000008001ac0                TIM2_IRQHandler
                0x0000000008001ac0                EXTI1_IRQHandler
                0x0000000008001ac0                USART2_IRQHandler
                0x0000000008001ac0                DFSDM1_FLT0_IRQHandler
                0x0000000008001ac0                I2C2_ER_IRQHandler
                0x0000000008001ac0                TIM8_BRK_IRQHandler
                0x0000000008001ac0                CAN1_SCE_IRQHandler
                0x0000000008001ac0                FLASH_IRQHandler
                0x0000000008001ac0                USART1_IRQHandler
                0x0000000008001ac0                OTG_FS_IRQHandler
                0x0000000008001ac0                SPI3_IRQHandler
                0x0000000008001ac0                I2C1_ER_IRQHandler
                0x0000000008001ac0                FMC_IRQHandler
                0x0000000008001ac0                SWPMI1_IRQHandler
                0x0000000008001ac0                LPTIM1_IRQHandler
                0x0000000008001ac0                SAI1_IRQHandler
                0x0000000008001ac0                DMA2_Channel3_IRQHandler
                0x0000000008001ac0                TIM1_BRK_TIM15_IRQHandler
 *fill*         0x0000000008001ac2        0x2 
 .text.HAL_Init
                0x0000000008001ac4       0x40 ./Drivers/STM32L4xx_HAL_Driver/Src/stm32l4xx_hal.o
                0x0000000008001ac4                HAL_Init
 .text.HAL_InitTick
                0x0000000008001b04       0x78 ./Drivers/STM32L4xx_HAL_Driver/Src/stm32l4xx_hal.o
                0x0000000008001b04                HAL_InitTick
 .text.HAL_IncTick
                0x0000000008001b7c       0x28 ./Drivers/STM32L4xx_HAL_Driver/Src/stm32l4xx_hal.o
                0x0000000008001b7c                HAL_IncTick
 .text.HAL_GetTick
                0x0000000008001ba4       0x18 ./Drivers/STM32L4xx_HAL_Driver/Src/stm32l4xx_hal.o
                0x0000000008001ba4                HAL_GetTick
 .text.HAL_Delay
                0x0000000008001bbc       0x48 ./Drivers/STM32L4xx_HAL_Driver/Src/stm32l4xx_hal.o
                0x0000000008001bbc                HAL_Delay
 .text.LL_ADC_SetCommonClock
                0x0000000008001c04       0x26 ./Drivers/STM32L4xx_HAL_Driver/Src/stm32l4xx_hal_adc.o
 .text.LL_ADC_SetCommonPathInternalCh
                0x0000000008001c2a       0x26 ./Drivers/STM32L4xx_HAL_Driver/Src/stm32l4xx_hal_adc.o
 .text.LL_ADC_GetCommonPathInternalCh
                0x0000000008001c50       0x1c ./Drivers/STM32L4xx_HAL_Driver/Src/stm32l4xx_hal_adc.o
 .text.LL_ADC_SetOffset
                0x0000000008001c6c       0x48 ./Drivers/STM32L4xx_HAL_Driver/Src/stm32l4xx_hal_adc.o
 .text.LL_ADC_GetOffsetChannel
                0x0000000008001cb4       0x2c ./Drivers/STM32L4xx_HAL_Driver/Src/stm32l4xx_hal_adc.o
 .text.LL_ADC_SetOffsetState
                0x0000000008001ce0       0x36 ./Drivers/STM32L4xx_HAL_Driver/Src/stm32l4xx_hal_adc.o
 .text.LL_ADC_REG_IsTriggerSourceSWStart
                0x0000000008001d16       0x26 ./Drivers/STM32L4xx_HAL_Driver/Src/stm32l4xx_hal_adc.o
 .text.LL_ADC_REG_SetSequencerRanks
                0x0000000008001d3c       0x58 ./Drivers/STM32L4xx_HAL_Driver/Src/stm32l4xx_hal_adc.o
 .text.LL_ADC_SetChannelSamplingTime
                0x0000000008001d94       0x56 ./Drivers/STM32L4xx_HAL_Driver/Src/stm32l4xx_hal_adc.o
 *fill*         0x0000000008001dea        0x2 
 .text.LL_ADC_SetChannelSingleDiff
                0x0000000008001dec       0x48 ./Drivers/STM32L4xx_HAL_Driver/Src/stm32l4xx_hal_adc.o
 .text.LL_ADC_GetMultimode
                0x0000000008001e34       0x1c ./Drivers/STM32L4xx_HAL_Driver/Src/stm32l4xx_hal_adc.o
 .text.LL_ADC_DisableDeepPowerDown
                0x0000000008001e50       0x24 ./Drivers/STM32L4xx_HAL_Driver/Src/stm32l4xx_hal_adc.o
 .text.LL_ADC_IsDeepPowerDownEnabled
                0x0000000008001e74       0x28 ./Drivers/STM32L4xx_HAL_Driver/Src/stm32l4xx_hal_adc.o
 .text.LL_ADC_EnableInternalRegulator
                0x0000000008001e9c       0x28 ./Drivers/STM32L4xx_HAL_Driver/Src/stm32l4xx_hal_adc.o
 .text.LL_ADC_IsInternalRegulatorEnabled
                0x0000000008001ec4       0x28 ./Drivers/STM32L4xx_HAL_Driver/Src/stm32l4xx_hal_adc.o
 .text.LL_ADC_Enable
                0x0000000008001eec       0x28 ./Drivers/STM32L4xx_HAL_Driver/Src/stm32l4xx_hal_adc.o
 .text.LL_ADC_IsEnabled
                0x0000000008001f14       0x26 ./Drivers/STM32L4xx_HAL_Driver/Src/stm32l4xx_hal_adc.o
 .text.LL_ADC_REG_StartConversion
                0x0000000008001f3a       0x28 ./Drivers/STM32L4xx_HAL_Driver/Src/stm32l4xx_hal_adc.o
 .text.LL_ADC_REG_IsConversionOngoing
                0x0000000008001f62       0x26 ./Drivers/STM32L4xx_HAL_Driver/Src/stm32l4xx_hal_adc.o
 .text.LL_ADC_INJ_IsConversionOngoing
                0x0000000008001f88       0x26 ./Drivers/STM32L4xx_HAL_Driver/Src/stm32l4xx_hal_adc.o
 *fill*         0x0000000008001fae        0x2 
 .text.HAL_ADC_Init
                0x0000000008001fb0      0x2ac ./Drivers/STM32L4xx_HAL_Driver/Src/stm32l4xx_hal_adc.o
                0x0000000008001fb0                HAL_ADC_Init
 .text.HAL_ADC_Start_DMA
                0x000000000800225c      0x178 ./Drivers/STM32L4xx_HAL_Driver/Src/stm32l4xx_hal_adc.o
                0x000000000800225c                HAL_ADC_Start_DMA
 .text.HAL_ADC_ConvCpltCallback
                0x00000000080023d4       0x14 ./Drivers/STM32L4xx_HAL_Driver/Src/stm32l4xx_hal_adc.o
                0x00000000080023d4                HAL_ADC_ConvCpltCallback
 .text.HAL_ADC_ConvHalfCpltCallback
                0x00000000080023e8       0x14 ./Drivers/STM32L4xx_HAL_Driver/Src/stm32l4xx_hal_adc.o
                0x00000000080023e8                HAL_ADC_ConvHalfCpltCallback
 .text.HAL_ADC_ErrorCallback
                0x00000000080023fc       0x14 ./Drivers/STM32L4xx_HAL_Driver/Src/stm32l4xx_hal_adc.o
                0x00000000080023fc                HAL_ADC_ErrorCallback
 .text.HAL_ADC_ConfigChannel
                0x0000000008002410      0x7e0 ./Drivers/STM32L4xx_HAL_Driver/Src/stm32l4xx_hal_adc.o
                0x0000000008002410                HAL_ADC_ConfigChannel
 .text.ADC_Enable
                0x0000000008002bf0      0x10c ./Drivers/STM32L4xx_HAL_Driver/Src/stm32l4xx_hal_adc.o
                0x0000000008002bf0                ADC_Enable
 .text.ADC_DMAConvCplt
                0x0000000008002cfc       0xd8 ./Drivers/STM32L4xx_HAL_Driver/Src/stm32l4xx_hal_adc.o
                0x0000000008002cfc                ADC_DMAConvCplt
 .text.ADC_DMAHalfConvCplt
                0x0000000008002dd4       0x1c ./Drivers/STM32L4xx_HAL_Driver/Src/stm32l4xx_hal_adc.o
                0x0000000008002dd4                ADC_DMAHalfConvCplt
 .text.ADC_DMAError
                0x0000000008002df0       0x34 ./Drivers/STM32L4xx_HAL_Driver/Src/stm32l4xx_hal_adc.o
                0x0000000008002df0                ADC_DMAError
 .text.LL_ADC_IsEnabled
                0x0000000008002e24       0x26 ./Drivers/STM32L4xx_HAL_Driver/Src/stm32l4xx_hal_adc_ex.o
 .text.LL_ADC_REG_IsConversionOngoing
                0x0000000008002e4a       0x26 ./Drivers/STM32L4xx_HAL_Driver/Src/stm32l4xx_hal_adc_ex.o
 .text.HAL_ADCEx_MultiModeConfigChannel
                0x0000000008002e70      0x160 ./Drivers/STM32L4xx_HAL_Driver/Src/stm32l4xx_hal_adc_ex.o
                0x0000000008002e70                HAL_ADCEx_MultiModeConfigChannel
 .text.__NVIC_SetPriorityGrouping
                0x0000000008002fd0       0x48 ./Drivers/STM32L4xx_HAL_Driver/Src/stm32l4xx_hal_cortex.o
 .text.__NVIC_GetPriorityGrouping
                0x0000000008003018       0x1c ./Drivers/STM32L4xx_HAL_Driver/Src/stm32l4xx_hal_cortex.o
 .text.__NVIC_EnableIRQ
                0x0000000008003034       0x3c ./Drivers/STM32L4xx_HAL_Driver/Src/stm32l4xx_hal_cortex.o
 .text.__NVIC_SetPriority
                0x0000000008003070       0x54 ./Drivers/STM32L4xx_HAL_Driver/Src/stm32l4xx_hal_cortex.o
 .text.NVIC_EncodePriority
                0x00000000080030c4       0x66 ./Drivers/STM32L4xx_HAL_Driver/Src/stm32l4xx_hal_cortex.o
 *fill*         0x000000000800312a        0x2 
 .text.SysTick_Config
                0x000000000800312c       0x44 ./Drivers/STM32L4xx_HAL_Driver/Src/stm32l4xx_hal_cortex.o
 .text.HAL_NVIC_SetPriorityGrouping
                0x0000000008003170       0x16 ./Drivers/STM32L4xx_HAL_Driver/Src/stm32l4xx_hal_cortex.o
                0x0000000008003170                HAL_NVIC_SetPriorityGrouping
 .text.HAL_NVIC_SetPriority
                0x0000000008003186       0x38 ./Drivers/STM32L4xx_HAL_Driver/Src/stm32l4xx_hal_cortex.o
                0x0000000008003186                HAL_NVIC_SetPriority
 .text.HAL_NVIC_EnableIRQ
                0x00000000080031be       0x1c ./Drivers/STM32L4xx_HAL_Driver/Src/stm32l4xx_hal_cortex.o
                0x00000000080031be                HAL_NVIC_EnableIRQ
 .text.HAL_SYSTICK_Config
                0x00000000080031da       0x18 ./Drivers/STM32L4xx_HAL_Driver/Src/stm32l4xx_hal_cortex.o
                0x00000000080031da                HAL_SYSTICK_Config
 *fill*         0x00000000080031f2        0x2 
 .text.HAL_DMA_Init
                0x00000000080031f4      0x170 ./Drivers/STM32L4xx_HAL_Driver/Src/stm32l4xx_hal_dma.o
                0x00000000080031f4                HAL_DMA_Init
 .text.HAL_DMA_Start_IT
                0x0000000008003364       0xc0 ./Drivers/STM32L4xx_HAL_Driver/Src/stm32l4xx_hal_dma.o
                0x0000000008003364                HAL_DMA_Start_IT
 .text.HAL_DMA_IRQHandler
                0x0000000008003424      0x15e ./Drivers/STM32L4xx_HAL_Driver/Src/stm32l4xx_hal_dma.o
                0x0000000008003424                HAL_DMA_IRQHandler
 .text.DMA_SetConfig
                0x0000000008003582       0x60 ./Drivers/STM32L4xx_HAL_Driver/Src/stm32l4xx_hal_dma.o
 *fill*         0x00000000080035e2        0x2 
 .text.HAL_GPIO_Init
                0x00000000080035e4      0x354 ./Drivers/STM32L4xx_HAL_Driver/Src/stm32l4xx_hal_gpio.o
                0x00000000080035e4                HAL_GPIO_Init
 .text.HAL_GPIO_WritePin
                0x0000000008003938       0x30 ./Drivers/STM32L4xx_HAL_Driver/Src/stm32l4xx_hal_gpio.o
                0x0000000008003938                HAL_GPIO_WritePin
 .text.HAL_I2C_Init
                0x0000000008003968      0x11e ./Drivers/STM32L4xx_HAL_Driver/Src/stm32l4xx_hal_i2c.o
                0x0000000008003968                HAL_I2C_Init
 *fill*         0x0000000008003a86        0x2 
 .text.HAL_I2C_Mem_Write
                0x0000000008003a88      0x228 ./Drivers/STM32L4xx_HAL_Driver/Src/stm32l4xx_hal_i2c.o
                0x0000000008003a88                HAL_I2C_Mem_Write
 .text.HAL_I2C_Mem_Read
                0x0000000008003cb0      0x234 ./Drivers/STM32L4xx_HAL_Driver/Src/stm32l4xx_hal_i2c.o
                0x0000000008003cb0                HAL_I2C_Mem_Read
 .text.I2C_RequestMemoryWrite
                0x0000000008003ee4       0xa8 ./Drivers/STM32L4xx_HAL_Driver/Src/stm32l4xx_hal_i2c.o
 .text.I2C_RequestMemoryRead
                0x0000000008003f8c       0xa8 ./Drivers/STM32L4xx_HAL_Driver/Src/stm32l4xx_hal_i2c.o
 .text.I2C_Flush_TXDR
                0x0000000008004034       0x48 ./Drivers/STM32L4xx_HAL_Driver/Src/stm32l4xx_hal_i2c.o
 .text.I2C_WaitOnFlagUntilTimeout
                0x000000000800407c       0x80 ./Drivers/STM32L4xx_HAL_Driver/Src/stm32l4xx_hal_i2c.o
 .text.I2C_WaitOnTXISFlagUntilTimeout
                0x00000000080040fc       0x80 ./Drivers/STM32L4xx_HAL_Driver/Src/stm32l4xx_hal_i2c.o
 .text.I2C_WaitOnSTOPFlagUntilTimeout
                0x000000000800417c       0x78 ./Drivers/STM32L4xx_HAL_Driver/Src/stm32l4xx_hal_i2c.o
 .text.I2C_IsErrorOccurred
                0x00000000080041f4      0x1d8 ./Drivers/STM32L4xx_HAL_Driver/Src/stm32l4xx_hal_i2c.o
 .text.I2C_TransferConfig
                0x00000000080043cc       0x64 ./Drivers/STM32L4xx_HAL_Driver/Src/stm32l4xx_hal_i2c.o
 .text.HAL_I2CEx_ConfigAnalogFilter
                0x0000000008004430       0x96 ./Drivers/STM32L4xx_HAL_Driver/Src/stm32l4xx_hal_i2c_ex.o
                0x0000000008004430                HAL_I2CEx_ConfigAnalogFilter
 .text.HAL_I2CEx_ConfigDigitalFilter
                0x00000000080044c6       0x98 ./Drivers/STM32L4xx_HAL_Driver/Src/stm32l4xx_hal_i2c_ex.o
                0x00000000080044c6                HAL_I2CEx_ConfigDigitalFilter
 *fill*         0x000000000800455e        0x2 
 .text.HAL_PWREx_GetVoltageRange
                0x0000000008004560       0x1c ./Drivers/STM32L4xx_HAL_Driver/Src/stm32l4xx_hal_pwr_ex.o
                0x0000000008004560                HAL_PWREx_GetVoltageRange
 .text.HAL_PWREx_ControlVoltageScaling
                0x000000000800457c       0xac ./Drivers/STM32L4xx_HAL_Driver/Src/stm32l4xx_hal_pwr_ex.o
                0x000000000800457c                HAL_PWREx_ControlVoltageScaling
 .text.HAL_RCC_OscConfig
                0x0000000008004628      0x7b8 ./Drivers/STM32L4xx_HAL_Driver/Src/stm32l4xx_hal_rcc.o
                0x0000000008004628                HAL_RCC_OscConfig
 .text.HAL_RCC_ClockConfig
                0x0000000008004de0      0x200 ./Drivers/STM32L4xx_HAL_Driver/Src/stm32l4xx_hal_rcc.o
                0x0000000008004de0                HAL_RCC_ClockConfig
 .text.HAL_RCC_GetSysClockFreq
                0x0000000008004fe0      0x118 ./Drivers/STM32L4xx_HAL_Driver/Src/stm32l4xx_hal_rcc.o
                0x0000000008004fe0                HAL_RCC_GetSysClockFreq
 .text.HAL_RCC_GetHCLKFreq
                0x00000000080050f8       0x18 ./Drivers/STM32L4xx_HAL_Driver/Src/stm32l4xx_hal_rcc.o
                0x00000000080050f8                HAL_RCC_GetHCLKFreq
 .text.HAL_RCC_GetPCLK1Freq
                0x0000000008005110       0x2c ./Drivers/STM32L4xx_HAL_Driver/Src/stm32l4xx_hal_rcc.o
                0x0000000008005110                HAL_RCC_GetPCLK1Freq
 .text.HAL_RCC_GetPCLK2Freq
                0x000000000800513c       0x2c ./Drivers/STM32L4xx_HAL_Driver/Src/stm32l4xx_hal_rcc.o
                0x000000000800513c                HAL_RCC_GetPCLK2Freq
 .text.HAL_RCC_EnableCSS
                0x0000000008005168       0x20 ./Drivers/STM32L4xx_HAL_Driver/Src/stm32l4xx_hal_rcc.o
                0x0000000008005168                HAL_RCC_EnableCSS
 .text.HAL_RCC_NMI_IRQHandler
                0x0000000008005188       0x28 ./Drivers/STM32L4xx_HAL_Driver/Src/stm32l4xx_hal_rcc.o
                0x0000000008005188                HAL_RCC_NMI_IRQHandler
 .text.HAL_RCC_CSSCallback
                0x00000000080051b0        0xe ./Drivers/STM32L4xx_HAL_Driver/Src/stm32l4xx_hal_rcc.o
                0x00000000080051b0                HAL_RCC_CSSCallback
 *fill*         0x00000000080051be        0x2 
 .text.RCC_SetFlashLatencyFromMSIRange
                0x00000000080051c0       0xc0 ./Drivers/STM32L4xx_HAL_Driver/Src/stm32l4xx_hal_rcc.o
 .text.HAL_RCCEx_PeriphCLKConfig
                0x0000000008005280      0x5d4 ./Drivers/STM32L4xx_HAL_Driver/Src/stm32l4xx_hal_rcc_ex.o
                0x0000000008005280                HAL_RCCEx_PeriphCLKConfig
 .text.RCCEx_PLLSAI1_Config
                0x0000000008005854      0x1e8 ./Drivers/STM32L4xx_HAL_Driver/Src/stm32l4xx_hal_rcc_ex.o
 .text.RCCEx_PLLSAI2_Config
                0x0000000008005a3c      0x1bc ./Drivers/STM32L4xx_HAL_Driver/Src/stm32l4xx_hal_rcc_ex.o
 .text.HAL_SPI_Init
                0x0000000008005bf8      0x146 ./Drivers/STM32L4xx_HAL_Driver/Src/stm32l4xx_hal_spi.o
                0x0000000008005bf8                HAL_SPI_Init
 .text.HAL_TIM_Base_Init
                0x0000000008005d3e       0xae ./Drivers/STM32L4xx_HAL_Driver/Src/stm32l4xx_hal_tim.o
                0x0000000008005d3e                HAL_TIM_Base_Init
 .text.HAL_TIM_PWM_Init
                0x0000000008005dec       0xae ./Drivers/STM32L4xx_HAL_Driver/Src/stm32l4xx_hal_tim.o
                0x0000000008005dec                HAL_TIM_PWM_Init
 *fill*         0x0000000008005e9a        0x2 
 .text.HAL_TIM_PWM_Start
                0x0000000008005e9c      0x20c ./Drivers/STM32L4xx_HAL_Driver/Src/stm32l4xx_hal_tim.o
                0x0000000008005e9c                HAL_TIM_PWM_Start
 .text.HAL_TIM_IC_Init
                0x00000000080060a8       0xae ./Drivers/STM32L4xx_HAL_Driver/Src/stm32l4xx_hal_tim.o
                0x00000000080060a8                HAL_TIM_IC_Init
 .text.HAL_TIM_IC_MspInit
                0x0000000008006156       0x14 ./Drivers/STM32L4xx_HAL_Driver/Src/stm32l4xx_hal_tim.o
                0x0000000008006156                HAL_TIM_IC_MspInit
 *fill*         0x000000000800616a        0x2 
 .text.HAL_TIM_IC_Start
                0x000000000800616c      0x1f8 ./Drivers/STM32L4xx_HAL_Driver/Src/stm32l4xx_hal_tim.o
                0x000000000800616c                HAL_TIM_IC_Start
 .text.HAL_TIM_IRQHandler
                0x0000000008006364      0x23e ./Drivers/STM32L4xx_HAL_Driver/Src/stm32l4xx_hal_tim.o
                0x0000000008006364                HAL_TIM_IRQHandler
 .text.HAL_TIM_IC_ConfigChannel
                0x00000000080065a2      0x138 ./Drivers/STM32L4xx_HAL_Driver/Src/stm32l4xx_hal_tim.o
                0x00000000080065a2                HAL_TIM_IC_ConfigChannel
 *fill*         0x00000000080066da        0x2 
 .text.HAL_TIM_PWM_ConfigChannel
                0x00000000080066dc      0x228 ./Drivers/STM32L4xx_HAL_Driver/Src/stm32l4xx_hal_tim.o
                0x00000000080066dc                HAL_TIM_PWM_ConfigChannel
 .text.HAL_TIM_SlaveConfigSynchro
                0x0000000008006904       0x84 ./Drivers/STM32L4xx_HAL_Driver/Src/stm32l4xx_hal_tim.o
                0x0000000008006904                HAL_TIM_SlaveConfigSynchro
 .text.HAL_TIM_ReadCapturedValue
                0x0000000008006988       0x88 ./Drivers/STM32L4xx_HAL_Driver/Src/stm32l4xx_hal_tim.o
                0x0000000008006988                HAL_TIM_ReadCapturedValue
 .text.HAL_TIM_PeriodElapsedCallback
                0x0000000008006a10       0x14 ./Drivers/STM32L4xx_HAL_Driver/Src/stm32l4xx_hal_tim.o
                0x0000000008006a10                HAL_TIM_PeriodElapsedCallback
 .text.HAL_TIM_OC_DelayElapsedCallback
                0x0000000008006a24       0x14 ./Drivers/STM32L4xx_HAL_Driver/Src/stm32l4xx_hal_tim.o
                0x0000000008006a24                HAL_TIM_OC_DelayElapsedCallback
 .text.HAL_TIM_IC_CaptureCallback
                0x0000000008006a38       0x14 ./Drivers/STM32L4xx_HAL_Driver/Src/stm32l4xx_hal_tim.o
                0x0000000008006a38                HAL_TIM_IC_CaptureCallback
 .text.HAL_TIM_PWM_PulseFinishedCallback
                0x0000000008006a4c       0x14 ./Drivers/STM32L4xx_HAL_Driver/Src/stm32l4xx_hal_tim.o
                0x0000000008006a4c                HAL_TIM_PWM_PulseFinishedCallback
 .text.HAL_TIM_TriggerCallback
                0x0000000008006a60       0x14 ./Drivers/STM32L4xx_HAL_Driver/Src/stm32l4xx_hal_tim.o
                0x0000000008006a60                HAL_TIM_TriggerCallback
 .text.TIM_Base_SetConfig
                0x0000000008006a74      0x134 ./Drivers/STM32L4xx_HAL_Driver/Src/stm32l4xx_hal_tim.o
                0x0000000008006a74                TIM_Base_SetConfig
 .text.TIM_OC1_SetConfig
                0x0000000008006ba8      0x120 ./Drivers/STM32L4xx_HAL_Driver/Src/stm32l4xx_hal_tim.o
 .text.TIM_OC2_SetConfig
                0x0000000008006cc8      0x114 ./Drivers/STM32L4xx_HAL_Driver/Src/stm32l4xx_hal_tim.o
                0x0000000008006cc8                TIM_OC2_SetConfig
 .text.TIM_OC3_SetConfig
                0x0000000008006ddc      0x110 ./Drivers/STM32L4xx_HAL_Driver/Src/stm32l4xx_hal_tim.o
 .text.TIM_OC4_SetConfig
                0x0000000008006eec       0xd4 ./Drivers/STM32L4xx_HAL_Driver/Src/stm32l4xx_hal_tim.o
 .text.TIM_OC5_SetConfig
                0x0000000008006fc0       0xc8 ./Drivers/STM32L4xx_HAL_Driver/Src/stm32l4xx_hal_tim.o
 .text.TIM_OC6_SetConfig
                0x0000000008007088       0xcc ./Drivers/STM32L4xx_HAL_Driver/Src/stm32l4xx_hal_tim.o
 .text.TIM_SlaveTimer_SetConfig
                0x0000000008007154      0x126 ./Drivers/STM32L4xx_HAL_Driver/Src/stm32l4xx_hal_tim.o
 *fill*         0x000000000800727a        0x2 
 .text.TIM_TI1_SetConfig
                0x000000000800727c       0xdc ./Drivers/STM32L4xx_HAL_Driver/Src/stm32l4xx_hal_tim.o
                0x000000000800727c                TIM_TI1_SetConfig
 .text.TIM_TI1_ConfigInputStage
                0x0000000008007358       0x5e ./Drivers/STM32L4xx_HAL_Driver/Src/stm32l4xx_hal_tim.o
 .text.TIM_TI2_SetConfig
                0x00000000080073b6       0x7a ./Drivers/STM32L4xx_HAL_Driver/Src/stm32l4xx_hal_tim.o
 .text.TIM_TI2_ConfigInputStage
                0x0000000008007430       0x60 ./Drivers/STM32L4xx_HAL_Driver/Src/stm32l4xx_hal_tim.o
 .text.TIM_TI3_SetConfig
                0x0000000008007490       0x78 ./Drivers/STM32L4xx_HAL_Driver/Src/stm32l4xx_hal_tim.o
 .text.TIM_TI4_SetConfig
                0x0000000008007508       0x7a ./Drivers/STM32L4xx_HAL_Driver/Src/stm32l4xx_hal_tim.o
 .text.TIM_ETR_SetConfig
                0x0000000008007582       0x40 ./Drivers/STM32L4xx_HAL_Driver/Src/stm32l4xx_hal_tim.o
                0x0000000008007582                TIM_ETR_SetConfig
 .text.TIM_CCxChannelCmd
                0x00000000080075c2       0x4a ./Drivers/STM32L4xx_HAL_Driver/Src/stm32l4xx_hal_tim.o
                0x00000000080075c2                TIM_CCxChannelCmd
 .text.HAL_TIMEx_MasterConfigSynchronization
                0x000000000800760c      0x110 ./Drivers/STM32L4xx_HAL_Driver/Src/stm32l4xx_hal_tim_ex.o
                0x000000000800760c                HAL_TIMEx_MasterConfigSynchronization
 .text.HAL_TIMEx_CommutCallback
                0x000000000800771c       0x14 ./Drivers/STM32L4xx_HAL_Driver/Src/stm32l4xx_hal_tim_ex.o
                0x000000000800771c                HAL_TIMEx_CommutCallback
 .text.HAL_TIMEx_BreakCallback
                0x0000000008007730       0x14 ./Drivers/STM32L4xx_HAL_Driver/Src/stm32l4xx_hal_tim_ex.o
                0x0000000008007730                HAL_TIMEx_BreakCallback
 .text.HAL_TIMEx_Break2Callback
                0x0000000008007744       0x14 ./Drivers/STM32L4xx_HAL_Driver/Src/stm32l4xx_hal_tim_ex.o
                0x0000000008007744                HAL_TIMEx_Break2Callback
 .text.HAL_UART_Init
                0x0000000008007758       0x9c ./Drivers/STM32L4xx_HAL_Driver/Src/stm32l4xx_hal_uart.o
                0x0000000008007758                HAL_UART_Init
 .text.UART_SetConfig
                0x00000000080077f4      0x570 ./Drivers/STM32L4xx_HAL_Driver/Src/stm32l4xx_hal_uart.o
                0x00000000080077f4                UART_SetConfig
 .text.UART_AdvFeatureConfig
                0x0000000008007d64      0x144 ./Drivers/STM32L4xx_HAL_Driver/Src/stm32l4xx_hal_uart.o
                0x0000000008007d64                UART_AdvFeatureConfig
 .text.UART_CheckIdleState
                0x0000000008007ea8       0x92 ./Drivers/STM32L4xx_HAL_Driver/Src/stm32l4xx_hal_uart.o
                0x0000000008007ea8                UART_CheckIdleState
 .text.UART_WaitOnFlagUntilTimeout
                0x0000000008007f3a      0x188 ./Drivers/STM32L4xx_HAL_Driver/Src/stm32l4xx_hal_uart.o
                0x0000000008007f3a                UART_WaitOnFlagUntilTimeout
 *fill*         0x00000000080080c2        0x2 
 .text.__libc_init_array
                0x00000000080080c4       0x48 c:/st/stm32cubeide_1.12.0/stm32cubeide/plugins/com.st.stm32cube.ide.mcu.externaltools.gnu-tools-for-stm32.10.3-2021.10.win32_1.0.200.202301161003/tools/bin/../lib/gcc/arm-none-eabi/10.3.1/../../../../arm-none-eabi/lib/thumb/v7e-m+fp/hard\libc_nano.a(lib_a-init.o)
                0x00000000080080c4                __libc_init_array
 .text.memset   0x000000000800810c       0x10 c:/st/stm32cubeide_1.12.0/stm32cubeide/plugins/com.st.stm32cube.ide.mcu.externaltools.gnu-tools-for-stm32.10.3-2021.10.win32_1.0.200.202301161003/tools/bin/../lib/gcc/arm-none-eabi/10.3.1/../../../../arm-none-eabi/lib/thumb/v7e-m+fp/hard\libc_nano.a(lib_a-memset.o)
                0x000000000800810c                memset
 *(.glue_7)
 .glue_7        0x000000000800811c        0x0 linker stubs
 *(.glue_7t)
 .glue_7t       0x000000000800811c        0x0 linker stubs
 *(.eh_frame)
 .eh_frame      0x000000000800811c        0x0 c:/st/stm32cubeide_1.12.0/stm32cubeide/plugins/com.st.stm32cube.ide.mcu.externaltools.gnu-tools-for-stm32.10.3-2021.10.win32_1.0.200.202301161003/tools/bin/../lib/gcc/arm-none-eabi/10.3.1/thumb/v7e-m+fp/hard/crtbegin.o
 *(.init)
 .init          0x000000000800811c        0x4 c:/st/stm32cubeide_1.12.0/stm32cubeide/plugins/com.st.stm32cube.ide.mcu.externaltools.gnu-tools-for-stm32.10.3-2021.10.win32_1.0.200.202301161003/tools/bin/../lib/gcc/arm-none-eabi/10.3.1/thumb/v7e-m+fp/hard/crti.o
                0x000000000800811c                _init
 .init          0x0000000008008120        0x8 c:/st/stm32cubeide_1.12.0/stm32cubeide/plugins/com.st.stm32cube.ide.mcu.externaltools.gnu-tools-for-stm32.10.3-2021.10.win32_1.0.200.202301161003/tools/bin/../lib/gcc/arm-none-eabi/10.3.1/thumb/v7e-m+fp/hard/crtn.o
 *(.fini)
 .fini          0x0000000008008128        0x4 c:/st/stm32cubeide_1.12.0/stm32cubeide/plugins/com.st.stm32cube.ide.mcu.externaltools.gnu-tools-for-stm32.10.3-2021.10.win32_1.0.200.202301161003/tools/bin/../lib/gcc/arm-none-eabi/10.3.1/thumb/v7e-m+fp/hard/crti.o
                0x0000000008008128                _fini
 .fini          0x000000000800812c        0x8 c:/st/stm32cubeide_1.12.0/stm32cubeide/plugins/com.st.stm32cube.ide.mcu.externaltools.gnu-tools-for-stm32.10.3-2021.10.win32_1.0.200.202301161003/tools/bin/../lib/gcc/arm-none-eabi/10.3.1/thumb/v7e-m+fp/hard/crtn.o
                0x0000000008008134                . = ALIGN (0x4)
                0x0000000008008134                _etext = .

.vfp11_veneer   0x0000000008008134        0x0
 .vfp11_veneer  0x0000000008008134        0x0 linker stubs

.v4_bx          0x0000000008008134        0x0
 .v4_bx         0x0000000008008134        0x0 linker stubs

.iplt           0x0000000008008134        0x0
 .iplt          0x0000000008008134        0x0 c:/st/stm32cubeide_1.12.0/stm32cubeide/plugins/com.st.stm32cube.ide.mcu.externaltools.gnu-tools-for-stm32.10.3-2021.10.win32_1.0.200.202301161003/tools/bin/../lib/gcc/arm-none-eabi/10.3.1/thumb/v7e-m+fp/hard/crtbegin.o

.rodata         0x0000000008008134       0x48
                0x0000000008008134                . = ALIGN (0x4)
 *(.rodata)
 *(.rodata*)
 .rodata.AHBPrescTable
                0x0000000008008134       0x10 ./Core/Src/system_stm32l4xx.o
                0x0000000008008134                AHBPrescTable
 .rodata.APBPrescTable
                0x0000000008008144        0x8 ./Core/Src/system_stm32l4xx.o
                0x0000000008008144                APBPrescTable
 .rodata.MSIRangeTable
                0x000000000800814c       0x30 ./Core/Src/system_stm32l4xx.o
                0x000000000800814c                MSIRangeTable
                0x000000000800817c                . = ALIGN (0x4)

.ARM.extab      0x000000000800817c        0x0
                0x000000000800817c                . = ALIGN (0x4)
 *(.ARM.extab* .gnu.linkonce.armextab.*)
                0x000000000800817c                . = ALIGN (0x4)

.ARM            0x000000000800817c        0x8
                0x000000000800817c                . = ALIGN (0x4)
                0x000000000800817c                __exidx_start = .
 *(.ARM.exidx*)
 .ARM.exidx     0x000000000800817c        0x8 c:/st/stm32cubeide_1.12.0/stm32cubeide/plugins/com.st.stm32cube.ide.mcu.externaltools.gnu-tools-for-stm32.10.3-2021.10.win32_1.0.200.202301161003/tools/bin/../lib/gcc/arm-none-eabi/10.3.1/thumb/v7e-m+fp/hard\libgcc.a(_udivmoddi4.o)
                0x0000000008008184                __exidx_end = .
                0x0000000008008184                . = ALIGN (0x4)

.rel.dyn        0x0000000008008184        0x0
 .rel.iplt      0x0000000008008184        0x0 c:/st/stm32cubeide_1.12.0/stm32cubeide/plugins/com.st.stm32cube.ide.mcu.externaltools.gnu-tools-for-stm32.10.3-2021.10.win32_1.0.200.202301161003/tools/bin/../lib/gcc/arm-none-eabi/10.3.1/thumb/v7e-m+fp/hard/crtbegin.o

.preinit_array  0x0000000008008184        0x0
                0x0000000008008184                . = ALIGN (0x4)
                0x0000000008008184                PROVIDE (__preinit_array_start = .)
 *(.preinit_array*)
                0x0000000008008184                PROVIDE (__preinit_array_end = .)
                0x0000000008008184                . = ALIGN (0x4)

.init_array     0x0000000008008184        0x4
                0x0000000008008184                . = ALIGN (0x4)
                0x0000000008008184                PROVIDE (__init_array_start = .)
 *(SORT_BY_NAME(.init_array.*))
 *(.init_array*)
 .init_array    0x0000000008008184        0x4 c:/st/stm32cubeide_1.12.0/stm32cubeide/plugins/com.st.stm32cube.ide.mcu.externaltools.gnu-tools-for-stm32.10.3-2021.10.win32_1.0.200.202301161003/tools/bin/../lib/gcc/arm-none-eabi/10.3.1/thumb/v7e-m+fp/hard/crtbegin.o
                0x0000000008008188                PROVIDE (__init_array_end = .)
                0x0000000008008188                . = ALIGN (0x4)

.fini_array     0x0000000008008188        0x4
                0x0000000008008188                . = ALIGN (0x4)
                [!provide]                        PROVIDE (__fini_array_start = .)
 *(SORT_BY_NAME(.fini_array.*))
 *(.fini_array*)
 .fini_array    0x0000000008008188        0x4 c:/st/stm32cubeide_1.12.0/stm32cubeide/plugins/com.st.stm32cube.ide.mcu.externaltools.gnu-tools-for-stm32.10.3-2021.10.win32_1.0.200.202301161003/tools/bin/../lib/gcc/arm-none-eabi/10.3.1/thumb/v7e-m+fp/hard/crtbegin.o
                [!provide]                        PROVIDE (__fini_array_end = .)
                0x000000000800818c                . = ALIGN (0x4)
                0x000000000800818c                _sidata = LOADADDR (.data)

.data           0x0000000020000000        0xc load address 0x000000000800818c
                0x0000000020000000                . = ALIGN (0x4)
                0x0000000020000000                _sdata = .
 *(.data)
 *(.data*)
 .data.SystemCoreClock
                0x0000000020000000        0x4 ./Core/Src/system_stm32l4xx.o
                0x0000000020000000                SystemCoreClock
 .data.uwTickPrio
                0x0000000020000004        0x4 ./Drivers/STM32L4xx_HAL_Driver/Src/stm32l4xx_hal.o
                0x0000000020000004                uwTickPrio
 .data.uwTickFreq
                0x0000000020000008        0x1 ./Drivers/STM32L4xx_HAL_Driver/Src/stm32l4xx_hal.o
                0x0000000020000008                uwTickFreq
 *(.RamFunc)
 *(.RamFunc*)
                0x000000002000000c                . = ALIGN (0x4)
 *fill*         0x0000000020000009        0x3 
                0x000000002000000c                _edata = .

.igot.plt       0x000000002000000c        0x0 load address 0x0000000008008198
 .igot.plt      0x000000002000000c        0x0 c:/st/stm32cubeide_1.12.0/stm32cubeide/plugins/com.st.stm32cube.ide.mcu.externaltools.gnu-tools-for-stm32.10.3-2021.10.win32_1.0.200.202301161003/tools/bin/../lib/gcc/arm-none-eabi/10.3.1/thumb/v7e-m+fp/hard/crtbegin.o
                0x000000002000000c                . = ALIGN (0x4)

.bss            0x000000002000000c      0x454 load address 0x0000000008008198
                0x000000002000000c                _sbss = .
                0x000000002000000c                __bss_start__ = _sbss
 *(.bss)
 .bss           0x000000002000000c       0x1c c:/st/stm32cubeide_1.12.0/stm32cubeide/plugins/com.st.stm32cube.ide.mcu.externaltools.gnu-tools-for-stm32.10.3-2021.10.win32_1.0.200.202301161003/tools/bin/../lib/gcc/arm-none-eabi/10.3.1/thumb/v7e-m+fp/hard/crtbegin.o
 *(.bss*)
 .bss.i2c_h     0x0000000020000028        0x4 ./Core/Lib/BMP280/BMP280.o
                0x0000000020000028                i2c_h
 .bss._temperature_res
                0x000000002000002c        0x1 ./Core/Lib/BMP280/BMP280.o
                0x000000002000002c                _temperature_res
 .bss._mode     0x000000002000002d        0x1 ./Core/Lib/BMP280/BMP280.o
                0x000000002000002d                _mode
 .bss.t2        0x000000002000002e        0x2 ./Core/Lib/BMP280/BMP280.o
                0x000000002000002e                t2
 .bss.t3        0x0000000020000030        0x2 ./Core/Lib/BMP280/BMP280.o
                0x0000000020000030                t3
 .bss.t1        0x0000000020000032        0x2 ./Core/Lib/BMP280/BMP280.o
                0x0000000020000032                t1
 .bss.t_fine    0x0000000020000034        0x4 ./Core/Lib/BMP280/BMP280.o
                0x0000000020000034                t_fine
 .bss.temt6000_adc
                0x0000000020000038        0x4 ./Core/Lib/TEMT6000/TEMPT6000.o
                0x0000000020000038                temt6000_adc
 .bss.AdcValue  0x000000002000003c       0x10 ./Core/Lib/TEMT6000/TEMPT6000.o
                0x000000002000003c                AdcValue
 .bss.hadc1     0x000000002000004c       0x64 ./Core/Src/main.o
                0x000000002000004c                hadc1
 .bss.hadc2     0x00000000200000b0       0x64 ./Core/Src/main.o
                0x00000000200000b0                hadc2
 .bss.hdma_adc1
                0x0000000020000114       0x48 ./Core/Src/main.o
                0x0000000020000114                hdma_adc1
 .bss.hdma_adc2
                0x000000002000015c       0x48 ./Core/Src/main.o
                0x000000002000015c                hdma_adc2
 .bss.hi2c1     0x00000000200001a4       0x54 ./Core/Src/main.o
                0x00000000200001a4                hi2c1
 .bss.hi2c2     0x00000000200001f8       0x54 ./Core/Src/main.o
                0x00000000200001f8                hi2c2
 .bss.hspi2     0x000000002000024c       0x64 ./Core/Src/main.o
                0x000000002000024c                hspi2
 .bss.htim1     0x00000000200002b0       0x4c ./Core/Src/main.o
                0x00000000200002b0                htim1
 .bss.htim3     0x00000000200002fc       0x4c ./Core/Src/main.o
                0x00000000200002fc                htim3
 .bss.huart1    0x0000000020000348       0x84 ./Core/Src/main.o
                0x0000000020000348                huart1
 .bss.huart2    0x00000000200003cc       0x84 ./Core/Src/main.o
                0x00000000200003cc                huart2
 .bss.temperature
                0x0000000020000450        0x4 ./Core/Src/main.o
                0x0000000020000450                temperature
 .bss.TEMT6000_lux
                0x0000000020000454        0x4 ./Core/Src/main.o
                0x0000000020000454                TEMT6000_lux
 .bss.HAL_RCC_ADC_CLK_ENABLED
                0x0000000020000458        0x4 ./Core/Src/stm32l4xx_hal_msp.o
 .bss.uwTick    0x000000002000045c        0x4 ./Drivers/STM32L4xx_HAL_Driver/Src/stm32l4xx_hal.o
                0x000000002000045c                uwTick
 *(COMMON)
                0x0000000020000460                . = ALIGN (0x4)
                0x0000000020000460                _ebss = .
                0x0000000020000460                __bss_end__ = _ebss

._user_heap_stack
                0x0000000020000460      0x600 load address 0x0000000008008198
                0x0000000020000460                . = ALIGN (0x8)
                [!provide]                        PROVIDE (end = .)
                0x0000000020000460                PROVIDE (_end = .)
                0x0000000020000660                . = (. + _Min_Heap_Size)
 *fill*         0x0000000020000460      0x200 
                0x0000000020000a60                . = (. + _Min_Stack_Size)
 *fill*         0x0000000020000660      0x400 
                0x0000000020000a60                . = ALIGN (0x8)

/DISCARD/
 libc.a(*)
 libm.a(*)
 libgcc.a(*)

.ARM.attributes
                0x0000000000000000       0x30
 *(.ARM.attributes)
 .ARM.attributes
                0x0000000000000000       0x1e c:/st/stm32cubeide_1.12.0/stm32cubeide/plugins/com.st.stm32cube.ide.mcu.externaltools.gnu-tools-for-stm32.10.3-2021.10.win32_1.0.200.202301161003/tools/bin/../lib/gcc/arm-none-eabi/10.3.1/thumb/v7e-m+fp/hard/crti.o
 .ARM.attributes
                0x000000000000001e       0x34 c:/st/stm32cubeide_1.12.0/stm32cubeide/plugins/com.st.stm32cube.ide.mcu.externaltools.gnu-tools-for-stm32.10.3-2021.10.win32_1.0.200.202301161003/tools/bin/../lib/gcc/arm-none-eabi/10.3.1/thumb/v7e-m+fp/hard/crtbegin.o
 .ARM.attributes
                0x0000000000000052       0x34 ./Core/Lib/BMP280/BMP280.o
 .ARM.attributes
                0x0000000000000086       0x34 ./Core/Lib/TEMT6000/TEMPT6000.o
 .ARM.attributes
                0x00000000000000ba       0x34 ./Core/Src/main.o
 .ARM.attributes
                0x00000000000000ee       0x34 ./Core/Src/stm32l4xx_hal_msp.o
 .ARM.attributes
                0x0000000000000122       0x34 ./Core/Src/stm32l4xx_it.o
 .ARM.attributes
                0x0000000000000156       0x34 ./Core/Src/system_stm32l4xx.o
 .ARM.attributes
                0x000000000000018a       0x21 ./Core/Startup/startup_stm32l476rgtx.o
 .ARM.attributes
                0x00000000000001ab       0x34 ./Drivers/STM32L4xx_HAL_Driver/Src/stm32l4xx_hal.o
 .ARM.attributes
                0x00000000000001df       0x34 ./Drivers/STM32L4xx_HAL_Driver/Src/stm32l4xx_hal_adc.o
 .ARM.attributes
                0x0000000000000213       0x34 ./Drivers/STM32L4xx_HAL_Driver/Src/stm32l4xx_hal_adc_ex.o
 .ARM.attributes
                0x0000000000000247       0x34 ./Drivers/STM32L4xx_HAL_Driver/Src/stm32l4xx_hal_cortex.o
 .ARM.attributes
                0x000000000000027b       0x34 ./Drivers/STM32L4xx_HAL_Driver/Src/stm32l4xx_hal_dma.o
 .ARM.attributes
                0x00000000000002af       0x34 ./Drivers/STM32L4xx_HAL_Driver/Src/stm32l4xx_hal_gpio.o
 .ARM.attributes
                0x00000000000002e3       0x34 ./Drivers/STM32L4xx_HAL_Driver/Src/stm32l4xx_hal_i2c.o
 .ARM.attributes
                0x0000000000000317       0x34 ./Drivers/STM32L4xx_HAL_Driver/Src/stm32l4xx_hal_i2c_ex.o
 .ARM.attributes
                0x000000000000034b       0x34 ./Drivers/STM32L4xx_HAL_Driver/Src/stm32l4xx_hal_pwr_ex.o
 .ARM.attributes
                0x000000000000037f       0x34 ./Drivers/STM32L4xx_HAL_Driver/Src/stm32l4xx_hal_rcc.o
 .ARM.attributes
                0x00000000000003b3       0x34 ./Drivers/STM32L4xx_HAL_Driver/Src/stm32l4xx_hal_rcc_ex.o
 .ARM.attributes
                0x00000000000003e7       0x34 ./Drivers/STM32L4xx_HAL_Driver/Src/stm32l4xx_hal_spi.o
 .ARM.attributes
                0x000000000000041b       0x34 ./Drivers/STM32L4xx_HAL_Driver/Src/stm32l4xx_hal_tim.o
 .ARM.attributes
                0x000000000000044f       0x34 ./Drivers/STM32L4xx_HAL_Driver/Src/stm32l4xx_hal_tim_ex.o
 .ARM.attributes
                0x0000000000000483       0x34 ./Drivers/STM32L4xx_HAL_Driver/Src/stm32l4xx_hal_uart.o
 .ARM.attributes
                0x00000000000004b7       0x34 c:/st/stm32cubeide_1.12.0/stm32cubeide/plugins/com.st.stm32cube.ide.mcu.externaltools.gnu-tools-for-stm32.10.3-2021.10.win32_1.0.200.202301161003/tools/bin/../lib/gcc/arm-none-eabi/10.3.1/../../../../arm-none-eabi/lib/thumb/v7e-m+fp/hard\libc_nano.a(lib_a-init.o)
 .ARM.attributes
                0x00000000000004eb       0x34 c:/st/stm32cubeide_1.12.0/stm32cubeide/plugins/com.st.stm32cube.ide.mcu.externaltools.gnu-tools-for-stm32.10.3-2021.10.win32_1.0.200.202301161003/tools/bin/../lib/gcc/arm-none-eabi/10.3.1/../../../../arm-none-eabi/lib/thumb/v7e-m+fp/hard\libc_nano.a(lib_a-memset.o)
 .ARM.attributes
                0x000000000000051f       0x1e c:/st/stm32cubeide_1.12.0/stm32cubeide/plugins/com.st.stm32cube.ide.mcu.externaltools.gnu-tools-for-stm32.10.3-2021.10.win32_1.0.200.202301161003/tools/bin/../lib/gcc/arm-none-eabi/10.3.1/thumb/v7e-m+fp/hard\libgcc.a(_aeabi_uldivmod.o)
 .ARM.attributes
                0x000000000000053d       0x34 c:/st/stm32cubeide_1.12.0/stm32cubeide/plugins/com.st.stm32cube.ide.mcu.externaltools.gnu-tools-for-stm32.10.3-2021.10.win32_1.0.200.202301161003/tools/bin/../lib/gcc/arm-none-eabi/10.3.1/thumb/v7e-m+fp/hard\libgcc.a(_udivmoddi4.o)
 .ARM.attributes
                0x0000000000000571       0x1e c:/st/stm32cubeide_1.12.0/stm32cubeide/plugins/com.st.stm32cube.ide.mcu.externaltools.gnu-tools-for-stm32.10.3-2021.10.win32_1.0.200.202301161003/tools/bin/../lib/gcc/arm-none-eabi/10.3.1/thumb/v7e-m+fp/hard\libgcc.a(_dvmd_tls.o)
 .ARM.attributes
                0x000000000000058f       0x1e c:/st/stm32cubeide_1.12.0/stm32cubeide/plugins/com.st.stm32cube.ide.mcu.externaltools.gnu-tools-for-stm32.10.3-2021.10.win32_1.0.200.202301161003/tools/bin/../lib/gcc/arm-none-eabi/10.3.1/thumb/v7e-m+fp/hard/crtn.o
OUTPUT(Scout_Robot_Firmware.elf elf32-littlearm)
LOAD linker stubs
LOAD c:/st/stm32cubeide_1.12.0/stm32cubeide/plugins/com.st.stm32cube.ide.mcu.externaltools.gnu-tools-for-stm32.10.3-2021.10.win32_1.0.200.202301161003/tools/bin/../lib/gcc/arm-none-eabi/10.3.1/../../../../arm-none-eabi/lib/thumb/v7e-m+fp/hard\libc.a
LOAD c:/st/stm32cubeide_1.12.0/stm32cubeide/plugins/com.st.stm32cube.ide.mcu.externaltools.gnu-tools-for-stm32.10.3-2021.10.win32_1.0.200.202301161003/tools/bin/../lib/gcc/arm-none-eabi/10.3.1/../../../../arm-none-eabi/lib/thumb/v7e-m+fp/hard\libm.a
LOAD c:/st/stm32cubeide_1.12.0/stm32cubeide/plugins/com.st.stm32cube.ide.mcu.externaltools.gnu-tools-for-stm32.10.3-2021.10.win32_1.0.200.202301161003/tools/bin/../lib/gcc/arm-none-eabi/10.3.1/thumb/v7e-m+fp/hard\libgcc.a

.debug_info     0x0000000000000000    0x1b839
 .debug_info    0x0000000000000000      0x990 ./Core/Lib/BMP280/BMP280.o
 .debug_info    0x0000000000000990      0x854 ./Core/Lib/TEMT6000/TEMPT6000.o
 .debug_info    0x00000000000011e4     0x275f ./Core/Src/main.o
 .debug_info    0x0000000000003943     0x217b ./Core/Src/stm32l4xx_hal_msp.o
 .debug_info    0x0000000000005abe      0x7bc ./Core/Src/stm32l4xx_it.o
 .debug_info    0x000000000000627a      0x5c6 ./Core/Src/system_stm32l4xx.o
 .debug_info    0x0000000000006840       0x22 ./Core/Startup/startup_stm32l476rgtx.o
 .debug_info    0x0000000000006862      0xc57 ./Drivers/STM32L4xx_HAL_Driver/Src/stm32l4xx_hal.o
 .debug_info    0x00000000000074b9     0x1e84 ./Drivers/STM32L4xx_HAL_Driver/Src/stm32l4xx_hal_adc.o
 .debug_info    0x000000000000933d     0x1beb ./Drivers/STM32L4xx_HAL_Driver/Src/stm32l4xx_hal_adc_ex.o
 .debug_info    0x000000000000af28      0xe21 ./Drivers/STM32L4xx_HAL_Driver/Src/stm32l4xx_hal_cortex.o
 .debug_info    0x000000000000bd49      0x76a ./Drivers/STM32L4xx_HAL_Driver/Src/stm32l4xx_hal_dma.o
 .debug_info    0x000000000000c4b3      0x821 ./Drivers/STM32L4xx_HAL_Driver/Src/stm32l4xx_hal_gpio.o
 .debug_info    0x000000000000ccd4     0x2232 ./Drivers/STM32L4xx_HAL_Driver/Src/stm32l4xx_hal_i2c.o
 .debug_info    0x000000000000ef06      0xa45 ./Drivers/STM32L4xx_HAL_Driver/Src/stm32l4xx_hal_i2c_ex.o
 .debug_info    0x000000000000f94b      0x9f0 ./Drivers/STM32L4xx_HAL_Driver/Src/stm32l4xx_hal_pwr_ex.o
 .debug_info    0x000000000001033b      0xced ./Drivers/STM32L4xx_HAL_Driver/Src/stm32l4xx_hal_rcc.o
 .debug_info    0x0000000000011028      0xe92 ./Drivers/STM32L4xx_HAL_Driver/Src/stm32l4xx_hal_rcc_ex.o
 .debug_info    0x0000000000011eba     0x1782 ./Drivers/STM32L4xx_HAL_Driver/Src/stm32l4xx_hal_spi.o
 .debug_info    0x000000000001363c     0x2d04 ./Drivers/STM32L4xx_HAL_Driver/Src/stm32l4xx_hal_tim.o
 .debug_info    0x0000000000016340     0x17eb ./Drivers/STM32L4xx_HAL_Driver/Src/stm32l4xx_hal_tim_ex.o
 .debug_info    0x0000000000017b2b     0x3d0e ./Drivers/STM32L4xx_HAL_Driver/Src/stm32l4xx_hal_uart.o

.debug_abbrev   0x0000000000000000     0x2ef6
 .debug_abbrev  0x0000000000000000      0x1dc ./Core/Lib/BMP280/BMP280.o
 .debug_abbrev  0x00000000000001dc      0x1aa ./Core/Lib/TEMT6000/TEMPT6000.o
 .debug_abbrev  0x0000000000000386      0x2f0 ./Core/Src/main.o
 .debug_abbrev  0x0000000000000676      0x23d ./Core/Src/stm32l4xx_hal_msp.o
 .debug_abbrev  0x00000000000008b3      0x184 ./Core/Src/stm32l4xx_it.o
 .debug_abbrev  0x0000000000000a37      0x116 ./Core/Src/system_stm32l4xx.o
 .debug_abbrev  0x0000000000000b4d       0x12 ./Core/Startup/startup_stm32l476rgtx.o
 .debug_abbrev  0x0000000000000b5f      0x23a ./Drivers/STM32L4xx_HAL_Driver/Src/stm32l4xx_hal.o
 .debug_abbrev  0x0000000000000d99      0x2bf ./Drivers/STM32L4xx_HAL_Driver/Src/stm32l4xx_hal_adc.o
 .debug_abbrev  0x0000000000001058      0x2da ./Drivers/STM32L4xx_HAL_Driver/Src/stm32l4xx_hal_adc_ex.o
 .debug_abbrev  0x0000000000001332      0x316 ./Drivers/STM32L4xx_HAL_Driver/Src/stm32l4xx_hal_cortex.o
 .debug_abbrev  0x0000000000001648      0x1d7 ./Drivers/STM32L4xx_HAL_Driver/Src/stm32l4xx_hal_dma.o
 .debug_abbrev  0x000000000000181f      0x1bb ./Drivers/STM32L4xx_HAL_Driver/Src/stm32l4xx_hal_gpio.o
 .debug_abbrev  0x00000000000019da      0x243 ./Drivers/STM32L4xx_HAL_Driver/Src/stm32l4xx_hal_i2c.o
 .debug_abbrev  0x0000000000001c1d      0x1b0 ./Drivers/STM32L4xx_HAL_Driver/Src/stm32l4xx_hal_i2c_ex.o
 .debug_abbrev  0x0000000000001dcd      0x1f3 ./Drivers/STM32L4xx_HAL_Driver/Src/stm32l4xx_hal_pwr_ex.o
 .debug_abbrev  0x0000000000001fc0      0x2bd ./Drivers/STM32L4xx_HAL_Driver/Src/stm32l4xx_hal_rcc.o
 .debug_abbrev  0x000000000000227d      0x299 ./Drivers/STM32L4xx_HAL_Driver/Src/stm32l4xx_hal_rcc_ex.o
 .debug_abbrev  0x0000000000002516      0x254 ./Drivers/STM32L4xx_HAL_Driver/Src/stm32l4xx_hal_spi.o
 .debug_abbrev  0x000000000000276a      0x264 ./Drivers/STM32L4xx_HAL_Driver/Src/stm32l4xx_hal_tim.o
 .debug_abbrev  0x00000000000029ce      0x26c ./Drivers/STM32L4xx_HAL_Driver/Src/stm32l4xx_hal_tim_ex.o
 .debug_abbrev  0x0000000000002c3a      0x2bc ./Drivers/STM32L4xx_HAL_Driver/Src/stm32l4xx_hal_uart.o

.debug_aranges  0x0000000000000000     0x1848
 .debug_aranges
                0x0000000000000000       0x58 ./Core/Lib/BMP280/BMP280.o
 .debug_aranges
                0x0000000000000058       0x28 ./Core/Lib/TEMT6000/TEMPT6000.o
 .debug_aranges
                0x0000000000000080       0x98 ./Core/Src/main.o
 .debug_aranges
                0x0000000000000118       0x88 ./Core/Src/stm32l4xx_hal_msp.o
 .debug_aranges
                0x00000000000001a0       0x78 ./Core/Src/stm32l4xx_it.o
 .debug_aranges
                0x0000000000000218       0x28 ./Core/Src/system_stm32l4xx.o
 .debug_aranges
                0x0000000000000240       0x28 ./Core/Startup/startup_stm32l476rgtx.o
 .debug_aranges
                0x0000000000000268      0x130 ./Drivers/STM32L4xx_HAL_Driver/Src/stm32l4xx_hal.o
 .debug_aranges
                0x0000000000000398      0x220 ./Drivers/STM32L4xx_HAL_Driver/Src/stm32l4xx_hal_adc.o
 .debug_aranges
                0x00000000000005b8      0x1a8 ./Drivers/STM32L4xx_HAL_Driver/Src/stm32l4xx_hal_adc_ex.o
 .debug_aranges
                0x0000000000000760      0x118 ./Drivers/STM32L4xx_HAL_Driver/Src/stm32l4xx_hal_cortex.o
 .debug_aranges
                0x0000000000000878       0x80 ./Drivers/STM32L4xx_HAL_Driver/Src/stm32l4xx_hal_dma.o
 .debug_aranges
                0x00000000000008f8       0x58 ./Drivers/STM32L4xx_HAL_Driver/Src/stm32l4xx_hal_gpio.o
 .debug_aranges
                0x0000000000000950      0x2a0 ./Drivers/STM32L4xx_HAL_Driver/Src/stm32l4xx_hal_i2c.o
 .debug_aranges
                0x0000000000000bf0       0x48 ./Drivers/STM32L4xx_HAL_Driver/Src/stm32l4xx_hal_i2c_ex.o
 .debug_aranges
                0x0000000000000c38      0x160 ./Drivers/STM32L4xx_HAL_Driver/Src/stm32l4xx_hal_pwr_ex.o
 .debug_aranges
                0x0000000000000d98       0x90 ./Drivers/STM32L4xx_HAL_Driver/Src/stm32l4xx_hal_rcc.o
 .debug_aranges
                0x0000000000000e28       0xc0 ./Drivers/STM32L4xx_HAL_Driver/Src/stm32l4xx_hal_rcc_ex.o
 .debug_aranges
                0x0000000000000ee8      0x1d8 ./Drivers/STM32L4xx_HAL_Driver/Src/stm32l4xx_hal_spi.o
 .debug_aranges
                0x00000000000010c0      0x3e0 ./Drivers/STM32L4xx_HAL_Driver/Src/stm32l4xx_hal_tim.o
 .debug_aranges
                0x00000000000014a0      0x180 ./Drivers/STM32L4xx_HAL_Driver/Src/stm32l4xx_hal_tim_ex.o
 .debug_aranges
                0x0000000000001620      0x228 ./Drivers/STM32L4xx_HAL_Driver/Src/stm32l4xx_hal_uart.o

.debug_ranges   0x0000000000000000     0x1720
 .debug_ranges  0x0000000000000000       0x48 ./Core/Lib/BMP280/BMP280.o
 .debug_ranges  0x0000000000000048       0x18 ./Core/Lib/TEMT6000/TEMPT6000.o
 .debug_ranges  0x0000000000000060       0x88 ./Core/Src/main.o
 .debug_ranges  0x00000000000000e8       0x78 ./Core/Src/stm32l4xx_hal_msp.o
 .debug_ranges  0x0000000000000160       0x68 ./Core/Src/stm32l4xx_it.o
 .debug_ranges  0x00000000000001c8       0x18 ./Core/Src/system_stm32l4xx.o
 .debug_ranges  0x00000000000001e0       0x20 ./Core/Startup/startup_stm32l476rgtx.o
 .debug_ranges  0x0000000000000200      0x120 ./Drivers/STM32L4xx_HAL_Driver/Src/stm32l4xx_hal.o
 .debug_ranges  0x0000000000000320      0x210 ./Drivers/STM32L4xx_HAL_Driver/Src/stm32l4xx_hal_adc.o
 .debug_ranges  0x0000000000000530      0x198 ./Drivers/STM32L4xx_HAL_Driver/Src/stm32l4xx_hal_adc_ex.o
 .debug_ranges  0x00000000000006c8      0x108 ./Drivers/STM32L4xx_HAL_Driver/Src/stm32l4xx_hal_cortex.o
 .debug_ranges  0x00000000000007d0       0x70 ./Drivers/STM32L4xx_HAL_Driver/Src/stm32l4xx_hal_dma.o
 .debug_ranges  0x0000000000000840       0x48 ./Drivers/STM32L4xx_HAL_Driver/Src/stm32l4xx_hal_gpio.o
 .debug_ranges  0x0000000000000888      0x290 ./Drivers/STM32L4xx_HAL_Driver/Src/stm32l4xx_hal_i2c.o
 .debug_ranges  0x0000000000000b18       0x38 ./Drivers/STM32L4xx_HAL_Driver/Src/stm32l4xx_hal_i2c_ex.o
 .debug_ranges  0x0000000000000b50      0x150 ./Drivers/STM32L4xx_HAL_Driver/Src/stm32l4xx_hal_pwr_ex.o
 .debug_ranges  0x0000000000000ca0       0x80 ./Drivers/STM32L4xx_HAL_Driver/Src/stm32l4xx_hal_rcc.o
 .debug_ranges  0x0000000000000d20       0xb0 ./Drivers/STM32L4xx_HAL_Driver/Src/stm32l4xx_hal_rcc_ex.o
 .debug_ranges  0x0000000000000dd0      0x1c8 ./Drivers/STM32L4xx_HAL_Driver/Src/stm32l4xx_hal_spi.o
 .debug_ranges  0x0000000000000f98      0x3d0 ./Drivers/STM32L4xx_HAL_Driver/Src/stm32l4xx_hal_tim.o
 .debug_ranges  0x0000000000001368      0x170 ./Drivers/STM32L4xx_HAL_Driver/Src/stm32l4xx_hal_tim_ex.o
 .debug_ranges  0x00000000000014d8      0x248 ./Drivers/STM32L4xx_HAL_Driver/Src/stm32l4xx_hal_uart.o

.debug_macro    0x0000000000000000     0x3781
 .debug_macro   0x0000000000000000      0x2d4 ./Core/Lib/BMP280/BMP280.o
 .debug_macro   0x00000000000002d4      0x1c8 ./Core/Lib/BMP280/BMP280.o
 .debug_macro   0x000000000000049c       0x70 ./Core/Lib/BMP280/BMP280.o
 .debug_macro   0x000000000000050c      0x229 ./Core/Lib/TEMT6000/TEMPT6000.o
 .debug_macro   0x0000000000000735       0x22 ./Core/Lib/TEMT6000/TEMPT6000.o
 .debug_macro   0x0000000000000757      0x3c0 ./Core/Src/main.o
 .debug_macro   0x0000000000000b17       0x16 ./Core/Src/main.o
 .debug_macro   0x0000000000000b2d       0x35 ./Core/Src/main.o
 .debug_macro   0x0000000000000b62       0x10 ./Core/Src/main.o
 .debug_macro   0x0000000000000b72       0x10 ./Core/Src/main.o
 .debug_macro   0x0000000000000b82       0x1c ./Core/Src/main.o
 .debug_macro   0x0000000000000b9e       0x52 ./Core/Src/main.o
 .debug_macro   0x0000000000000bf0       0x22 ./Core/Src/main.o
 .debug_macro   0x0000000000000c12       0x10 ./Core/Src/main.o
 .debug_macro   0x0000000000000c22       0x52 ./Core/Src/main.o
 .debug_macro   0x0000000000000c74       0xd5 ./Core/Src/main.o
 .debug_macro   0x0000000000000d49       0x1c ./Core/Src/main.o
 .debug_macro   0x0000000000000d65       0x3d ./Core/Src/main.o
 .debug_macro   0x0000000000000da2       0x16 ./Core/Src/main.o
 .debug_macro   0x0000000000000db8      0x145 ./Core/Src/main.o
 .debug_macro   0x0000000000000efd       0x22 ./Core/Src/main.o
 .debug_macro   0x0000000000000f1f       0xee ./Core/Src/main.o
 .debug_macro   0x000000000000100d      0x220 ./Core/Src/stm32l4xx_hal_msp.o
 .debug_macro   0x000000000000122d      0x22a ./Core/Src/stm32l4xx_it.o
 .debug_macro   0x0000000000001457      0x211 ./Core/Src/system_stm32l4xx.o
 .debug_macro   0x0000000000001668      0x25f ./Drivers/STM32L4xx_HAL_Driver/Src/stm32l4xx_hal.o
 .debug_macro   0x00000000000018c7      0x22e ./Drivers/STM32L4xx_HAL_Driver/Src/stm32l4xx_hal_adc.o
 .debug_macro   0x0000000000001af5      0x21d ./Drivers/STM32L4xx_HAL_Driver/Src/stm32l4xx_hal_adc_ex.o
 .debug_macro   0x0000000000001d12      0x211 ./Drivers/STM32L4xx_HAL_Driver/Src/stm32l4xx_hal_cortex.o
 .debug_macro   0x0000000000001f23      0x211 ./Drivers/STM32L4xx_HAL_Driver/Src/stm32l4xx_hal_dma.o
 .debug_macro   0x0000000000002134      0x218 ./Drivers/STM32L4xx_HAL_Driver/Src/stm32l4xx_hal_gpio.o
 .debug_macro   0x000000000000234c      0x2dd ./Drivers/STM32L4xx_HAL_Driver/Src/stm32l4xx_hal_i2c.o
 .debug_macro   0x0000000000002629      0x211 ./Drivers/STM32L4xx_HAL_Driver/Src/stm32l4xx_hal_i2c_ex.o
 .debug_macro   0x000000000000283a      0x235 ./Drivers/STM32L4xx_HAL_Driver/Src/stm32l4xx_hal_pwr_ex.o
 .debug_macro   0x0000000000002a6f      0x253 ./Drivers/STM32L4xx_HAL_Driver/Src/stm32l4xx_hal_rcc.o
 .debug_macro   0x0000000000002cc2      0x247 ./Drivers/STM32L4xx_HAL_Driver/Src/stm32l4xx_hal_rcc_ex.o
 .debug_macro   0x0000000000002f09      0x219 ./Drivers/STM32L4xx_HAL_Driver/Src/stm32l4xx_hal_spi.o
 .debug_macro   0x0000000000003122      0x212 ./Drivers/STM32L4xx_HAL_Driver/Src/stm32l4xx_hal_tim.o
 .debug_macro   0x0000000000003334      0x211 ./Drivers/STM32L4xx_HAL_Driver/Src/stm32l4xx_hal_tim_ex.o
 .debug_macro   0x0000000000003545      0x23c ./Drivers/STM32L4xx_HAL_Driver/Src/stm32l4xx_hal_uart.o

.debug_line     0x0000000000000000    0x1c55f
 .debug_line    0x0000000000000000      0xa4f ./Core/Lib/BMP280/BMP280.o
 .debug_line    0x0000000000000a4f      0x7d7 ./Core/Lib/TEMT6000/TEMPT6000.o
 .debug_line    0x0000000000001226      0xf11 ./Core/Src/main.o
 .debug_line    0x0000000000002137      0xaab ./Core/Src/stm32l4xx_hal_msp.o
 .debug_line    0x0000000000002be2      0x87b ./Core/Src/stm32l4xx_it.o
 .debug_line    0x000000000000345d      0x805 ./Core/Src/system_stm32l4xx.o
 .debug_line    0x0000000000003c62       0x88 ./Core/Startup/startup_stm32l476rgtx.o
 .debug_line    0x0000000000003cea      0xb5e ./Drivers/STM32L4xx_HAL_Driver/Src/stm32l4xx_hal.o
 .debug_line    0x0000000000004848     0x1ecc ./Drivers/STM32L4xx_HAL_Driver/Src/stm32l4xx_hal_adc.o
 .debug_line    0x0000000000006714     0x18df ./Drivers/STM32L4xx_HAL_Driver/Src/stm32l4xx_hal_adc_ex.o
 .debug_line    0x0000000000007ff3      0xd04 ./Drivers/STM32L4xx_HAL_Driver/Src/stm32l4xx_hal_cortex.o
 .debug_line    0x0000000000008cf7      0xd3c ./Drivers/STM32L4xx_HAL_Driver/Src/stm32l4xx_hal_dma.o
 .debug_line    0x0000000000009a33      0xbd1 ./Drivers/STM32L4xx_HAL_Driver/Src/stm32l4xx_hal_gpio.o
 .debug_line    0x000000000000a604     0x36ef ./Drivers/STM32L4xx_HAL_Driver/Src/stm32l4xx_hal_i2c.o
 .debug_line    0x000000000000dcf3      0x98b ./Drivers/STM32L4xx_HAL_Driver/Src/stm32l4xx_hal_i2c_ex.o
 .debug_line    0x000000000000e67e      0xd55 ./Drivers/STM32L4xx_HAL_Driver/Src/stm32l4xx_hal_pwr_ex.o
 .debug_line    0x000000000000f3d3      0xfd7 ./Drivers/STM32L4xx_HAL_Driver/Src/stm32l4xx_hal_rcc.o
 .debug_line    0x00000000000103aa     0x1516 ./Drivers/STM32L4xx_HAL_Driver/Src/stm32l4xx_hal_rcc_ex.o
 .debug_line    0x00000000000118c0     0x1f97 ./Drivers/STM32L4xx_HAL_Driver/Src/stm32l4xx_hal_spi.o
 .debug_line    0x0000000000013857     0x3dca ./Drivers/STM32L4xx_HAL_Driver/Src/stm32l4xx_hal_tim.o
 .debug_line    0x0000000000017621     0x1c63 ./Drivers/STM32L4xx_HAL_Driver/Src/stm32l4xx_hal_tim_ex.o
 .debug_line    0x0000000000019284     0x32db ./Drivers/STM32L4xx_HAL_Driver/Src/stm32l4xx_hal_uart.o

.debug_str      0x0000000000000000   0x10bf41
 .debug_str     0x0000000000000000   0x103986 ./Core/Lib/BMP280/BMP280.o
                                     0x103f24 (size before relaxing)
 .debug_str     0x0000000000103986      0x365 ./Core/Lib/TEMT6000/TEMPT6000.o
                                     0x1007ca (size before relaxing)
 .debug_str     0x0000000000103ceb     0x26cd ./Core/Src/main.o
                                     0x106a9b (size before relaxing)
 .debug_str     0x00000000001063b8      0x18c ./Core/Src/stm32l4xx_hal_msp.o
                                     0x101af4 (size before relaxing)
 .debug_str     0x0000000000106544      0x148 ./Core/Src/stm32l4xx_it.o
                                     0x100807 (size before relaxing)
 .debug_str     0x000000000010668c       0xf2 ./Core/Src/system_stm32l4xx.o
                                      0xffc44 (size before relaxing)
 .debug_str     0x000000000010677e       0x36 ./Core/Startup/startup_stm32l476rgtx.o
                                         0x80 (size before relaxing)
 .debug_str     0x00000000001067b4      0x697 ./Drivers/STM32L4xx_HAL_Driver/Src/stm32l4xx_hal.o
                                     0x100843 (size before relaxing)
 .debug_str     0x0000000000106e4b      0xa82 ./Drivers/STM32L4xx_HAL_Driver/Src/stm32l4xx_hal_adc.o
                                     0x100aa3 (size before relaxing)
 .debug_str     0x00000000001078cd      0x631 ./Drivers/STM32L4xx_HAL_Driver/Src/stm32l4xx_hal_adc_ex.o
                                     0x100a28 (size before relaxing)
 .debug_str     0x0000000000107efe      0x313 ./Drivers/STM32L4xx_HAL_Driver/Src/stm32l4xx_hal_cortex.o
                                     0x10048b (size before relaxing)
 .debug_str     0x0000000000108211      0x205 ./Drivers/STM32L4xx_HAL_Driver/Src/stm32l4xx_hal_dma.o
                                      0xffeae (size before relaxing)
 .debug_str     0x0000000000108416      0x123 ./Drivers/STM32L4xx_HAL_Driver/Src/stm32l4xx_hal_gpio.o
                                      0xffdbd (size before relaxing)
 .debug_str     0x0000000000108539      0xd83 ./Drivers/STM32L4xx_HAL_Driver/Src/stm32l4xx_hal_i2c.o
                                     0x100e48 (size before relaxing)
 .debug_str     0x00000000001092bc       0xb8 ./Drivers/STM32L4xx_HAL_Driver/Src/stm32l4xx_hal_i2c_ex.o
                                     0x10017b (size before relaxing)
 .debug_str     0x0000000000109374      0x4d3 ./Drivers/STM32L4xx_HAL_Driver/Src/stm32l4xx_hal_pwr_ex.o
                                     0x10019f (size before relaxing)
 .debug_str     0x0000000000109847      0x311 ./Drivers/STM32L4xx_HAL_Driver/Src/stm32l4xx_hal_rcc.o
                                     0x10028a (size before relaxing)
 .debug_str     0x0000000000109b58      0x3bf ./Drivers/STM32L4xx_HAL_Driver/Src/stm32l4xx_hal_rcc_ex.o
                                     0x100403 (size before relaxing)
 .debug_str     0x0000000000109f17      0x566 ./Drivers/STM32L4xx_HAL_Driver/Src/stm32l4xx_hal_spi.o
                                     0x100465 (size before relaxing)
 .debug_str     0x000000000010a47d      0xccf ./Drivers/STM32L4xx_HAL_Driver/Src/stm32l4xx_hal_tim.o
                                     0x100f74 (size before relaxing)
 .debug_str     0x000000000010b14c      0x57f ./Drivers/STM32L4xx_HAL_Driver/Src/stm32l4xx_hal_tim_ex.o
                                     0x100898 (size before relaxing)
 .debug_str     0x000000000010b6cb      0x876 ./Drivers/STM32L4xx_HAL_Driver/Src/stm32l4xx_hal_uart.o
                                     0x100974 (size before relaxing)

.comment        0x0000000000000000       0x50
 .comment       0x0000000000000000       0x50 ./Core/Lib/BMP280/BMP280.o
                                         0x51 (size before relaxing)
 .comment       0x0000000000000050       0x51 ./Core/Lib/TEMT6000/TEMPT6000.o
 .comment       0x0000000000000050       0x51 ./Core/Src/main.o
 .comment       0x0000000000000050       0x51 ./Core/Src/stm32l4xx_hal_msp.o
 .comment       0x0000000000000050       0x51 ./Core/Src/stm32l4xx_it.o
 .comment       0x0000000000000050       0x51 ./Core/Src/system_stm32l4xx.o
 .comment       0x0000000000000050       0x51 ./Drivers/STM32L4xx_HAL_Driver/Src/stm32l4xx_hal.o
 .comment       0x0000000000000050       0x51 ./Drivers/STM32L4xx_HAL_Driver/Src/stm32l4xx_hal_adc.o
 .comment       0x0000000000000050       0x51 ./Drivers/STM32L4xx_HAL_Driver/Src/stm32l4xx_hal_adc_ex.o
 .comment       0x0000000000000050       0x51 ./Drivers/STM32L4xx_HAL_Driver/Src/stm32l4xx_hal_cortex.o
 .comment       0x0000000000000050       0x51 ./Drivers/STM32L4xx_HAL_Driver/Src/stm32l4xx_hal_dma.o
 .comment       0x0000000000000050       0x51 ./Drivers/STM32L4xx_HAL_Driver/Src/stm32l4xx_hal_gpio.o
 .comment       0x0000000000000050       0x51 ./Drivers/STM32L4xx_HAL_Driver/Src/stm32l4xx_hal_i2c.o
 .comment       0x0000000000000050       0x51 ./Drivers/STM32L4xx_HAL_Driver/Src/stm32l4xx_hal_i2c_ex.o
 .comment       0x0000000000000050       0x51 ./Drivers/STM32L4xx_HAL_Driver/Src/stm32l4xx_hal_pwr_ex.o
 .comment       0x0000000000000050       0x51 ./Drivers/STM32L4xx_HAL_Driver/Src/stm32l4xx_hal_rcc.o
 .comment       0x0000000000000050       0x51 ./Drivers/STM32L4xx_HAL_Driver/Src/stm32l4xx_hal_rcc_ex.o
 .comment       0x0000000000000050       0x51 ./Drivers/STM32L4xx_HAL_Driver/Src/stm32l4xx_hal_spi.o
 .comment       0x0000000000000050       0x51 ./Drivers/STM32L4xx_HAL_Driver/Src/stm32l4xx_hal_tim.o
 .comment       0x0000000000000050       0x51 ./Drivers/STM32L4xx_HAL_Driver/Src/stm32l4xx_hal_tim_ex.o
 .comment       0x0000000000000050       0x51 ./Drivers/STM32L4xx_HAL_Driver/Src/stm32l4xx_hal_uart.o

.debug_frame    0x0000000000000000     0x6934
 .debug_frame   0x0000000000000000      0x130 ./Core/Lib/BMP280/BMP280.o
 .debug_frame   0x0000000000000130       0x5c ./Core/Lib/TEMT6000/TEMPT6000.o
 .debug_frame   0x000000000000018c      0x218 ./Core/Src/main.o
 .debug_frame   0x00000000000003a4      0x214 ./Core/Src/stm32l4xx_hal_msp.o
 .debug_frame   0x00000000000005b8      0x15c ./Core/Src/stm32l4xx_it.o
 .debug_frame   0x0000000000000714       0x58 ./Core/Src/system_stm32l4xx.o
 .debug_frame   0x000000000000076c      0x498 ./Drivers/STM32L4xx_HAL_Driver/Src/stm32l4xx_hal.o
 .debug_frame   0x0000000000000c04      0xa04 ./Drivers/STM32L4xx_HAL_Driver/Src/stm32l4xx_hal_adc.o
 .debug_frame   0x0000000000001608      0x7a4 ./Drivers/STM32L4xx_HAL_Driver/Src/stm32l4xx_hal_adc_ex.o
 .debug_frame   0x0000000000001dac      0x498 ./Drivers/STM32L4xx_HAL_Driver/Src/stm32l4xx_hal_cortex.o
 .debug_frame   0x0000000000002244      0x204 ./Drivers/STM32L4xx_HAL_Driver/Src/stm32l4xx_hal_dma.o
 .debug_frame   0x0000000000002448      0x14c ./Drivers/STM32L4xx_HAL_Driver/Src/stm32l4xx_hal_gpio.o
 .debug_frame   0x0000000000002594      0xc38 ./Drivers/STM32L4xx_HAL_Driver/Src/stm32l4xx_hal_i2c.o
 .debug_frame   0x00000000000031cc      0x100 ./Drivers/STM32L4xx_HAL_Driver/Src/stm32l4xx_hal_i2c_ex.o
 .debug_frame   0x00000000000032cc      0x584 ./Drivers/STM32L4xx_HAL_Driver/Src/stm32l4xx_hal_pwr_ex.o
 .debug_frame   0x0000000000003850      0x21c ./Drivers/STM32L4xx_HAL_Driver/Src/stm32l4xx_hal_rcc.o
 .debug_frame   0x0000000000003a6c      0x2fc ./Drivers/STM32L4xx_HAL_Driver/Src/stm32l4xx_hal_rcc_ex.o
 .debug_frame   0x0000000000003d68      0x860 ./Drivers/STM32L4xx_HAL_Driver/Src/stm32l4xx_hal_spi.o
 .debug_frame   0x00000000000045c8     0x121c ./Drivers/STM32L4xx_HAL_Driver/Src/stm32l4xx_hal_tim.o
 .debug_frame   0x00000000000057e4      0x6b0 ./Drivers/STM32L4xx_HAL_Driver/Src/stm32l4xx_hal_tim_ex.o
 .debug_frame   0x0000000000005e94      0x9f4 ./Drivers/STM32L4xx_HAL_Driver/Src/stm32l4xx_hal_uart.o
 .debug_frame   0x0000000000006888       0x2c c:/st/stm32cubeide_1.12.0/stm32cubeide/plugins/com.st.stm32cube.ide.mcu.externaltools.gnu-tools-for-stm32.10.3-2021.10.win32_1.0.200.202301161003/tools/bin/../lib/gcc/arm-none-eabi/10.3.1/../../../../arm-none-eabi/lib/thumb/v7e-m+fp/hard\libc_nano.a(lib_a-init.o)
 .debug_frame   0x00000000000068b4       0x20 c:/st/stm32cubeide_1.12.0/stm32cubeide/plugins/com.st.stm32cube.ide.mcu.externaltools.gnu-tools-for-stm32.10.3-2021.10.win32_1.0.200.202301161003/tools/bin/../lib/gcc/arm-none-eabi/10.3.1/../../../../arm-none-eabi/lib/thumb/v7e-m+fp/hard\libc_nano.a(lib_a-memset.o)
 .debug_frame   0x00000000000068d4       0x2c c:/st/stm32cubeide_1.12.0/stm32cubeide/plugins/com.st.stm32cube.ide.mcu.externaltools.gnu-tools-for-stm32.10.3-2021.10.win32_1.0.200.202301161003/tools/bin/../lib/gcc/arm-none-eabi/10.3.1/thumb/v7e-m+fp/hard\libgcc.a(_aeabi_uldivmod.o)
 .debug_frame   0x0000000000006900       0x34 c:/st/stm32cubeide_1.12.0/stm32cubeide/plugins/com.st.stm32cube.ide.mcu.externaltools.gnu-tools-for-stm32.10.3-2021.10.win32_1.0.200.202301161003/tools/bin/../lib/gcc/arm-none-eabi/10.3.1/thumb/v7e-m+fp/hard\libgcc.a(_udivmoddi4.o)
