Archive member included to satisfy reference by file (symbol)

c:/st/stm32cubeide_1.12.0/stm32cubeide/plugins/com.st.stm32cube.ide.mcu.externaltools.gnu-tools-for-stm32.10.3-2021.10.win32_1.0.200.202301161003/tools/bin/../lib/gcc/arm-none-eabi/10.3.1/../../../../arm-none-eabi/lib/thumb/v7-m/nofp\libc_nano.a(lib_a-errno.o)
                              ./Core/Src/syscalls.o (__errno)
c:/st/stm32cubeide_1.12.0/stm32cubeide/plugins/com.st.stm32cube.ide.mcu.externaltools.gnu-tools-for-stm32.10.3-2021.10.win32_1.0.200.202301161003/tools/bin/../lib/gcc/arm-none-eabi/10.3.1/../../../../arm-none-eabi/lib/thumb/v7-m/nofp\libc_nano.a(lib_a-exit.o)
                              c:/st/stm32cubeide_1.12.0/stm32cubeide/plugins/com.st.stm32cube.ide.mcu.externaltools.gnu-tools-for-stm32.10.3-2021.10.win32_1.0.200.202301161003/tools/bin/../lib/gcc/arm-none-eabi/10.3.1/../../../../arm-none-eabi/lib/thumb/v7-m/nofp/crt0.o (exit)
c:/st/stm32cubeide_1.12.0/stm32cubeide/plugins/com.st.stm32cube.ide.mcu.externaltools.gnu-tools-for-stm32.10.3-2021.10.win32_1.0.200.202301161003/tools/bin/../lib/gcc/arm-none-eabi/10.3.1/../../../../arm-none-eabi/lib/thumb/v7-m/nofp\libc_nano.a(lib_a-impure.o)
                              c:/st/stm32cubeide_1.12.0/stm32cubeide/plugins/com.st.stm32cube.ide.mcu.externaltools.gnu-tools-for-stm32.10.3-2021.10.win32_1.0.200.202301161003/tools/bin/../lib/gcc/arm-none-eabi/10.3.1/../../../../arm-none-eabi/lib/thumb/v7-m/nofp\libc_nano.a(lib_a-exit.o) (_global_impure_ptr)
c:/st/stm32cubeide_1.12.0/stm32cubeide/plugins/com.st.stm32cube.ide.mcu.externaltools.gnu-tools-for-stm32.10.3-2021.10.win32_1.0.200.202301161003/tools/bin/../lib/gcc/arm-none-eabi/10.3.1/../../../../arm-none-eabi/lib/thumb/v7-m/nofp\libc_nano.a(lib_a-init.o)
                              c:/st/stm32cubeide_1.12.0/stm32cubeide/plugins/com.st.stm32cube.ide.mcu.externaltools.gnu-tools-for-stm32.10.3-2021.10.win32_1.0.200.202301161003/tools/bin/../lib/gcc/arm-none-eabi/10.3.1/../../../../arm-none-eabi/lib/thumb/v7-m/nofp/crt0.o (__libc_init_array)
c:/st/stm32cubeide_1.12.0/stm32cubeide/plugins/com.st.stm32cube.ide.mcu.externaltools.gnu-tools-for-stm32.10.3-2021.10.win32_1.0.200.202301161003/tools/bin/../lib/gcc/arm-none-eabi/10.3.1/../../../../arm-none-eabi/lib/thumb/v7-m/nofp\libc_nano.a(lib_a-memset.o)
                              c:/st/stm32cubeide_1.12.0/stm32cubeide/plugins/com.st.stm32cube.ide.mcu.externaltools.gnu-tools-for-stm32.10.3-2021.10.win32_1.0.200.202301161003/tools/bin/../lib/gcc/arm-none-eabi/10.3.1/../../../../arm-none-eabi/lib/thumb/v7-m/nofp/crt0.o (memset)
c:/st/stm32cubeide_1.12.0/stm32cubeide/plugins/com.st.stm32cube.ide.mcu.externaltools.gnu-tools-for-stm32.10.3-2021.10.win32_1.0.200.202301161003/tools/bin/../lib/gcc/arm-none-eabi/10.3.1/thumb/v7-m/nofp\libgcc.a(_arm_muldf3.o)
                              ./Core/Src/Analog.o (__aeabi_dmul)
c:/st/stm32cubeide_1.12.0/stm32cubeide/plugins/com.st.stm32cube.ide.mcu.externaltools.gnu-tools-for-stm32.10.3-2021.10.win32_1.0.200.202301161003/tools/bin/../lib/gcc/arm-none-eabi/10.3.1/thumb/v7-m/nofp\libgcc.a(_arm_addsubdf3.o)
                              ./Core/Src/Analog.o (__aeabi_dadd)
c:/st/stm32cubeide_1.12.0/stm32cubeide/plugins/com.st.stm32cube.ide.mcu.externaltools.gnu-tools-for-stm32.10.3-2021.10.win32_1.0.200.202301161003/tools/bin/../lib/gcc/arm-none-eabi/10.3.1/thumb/v7-m/nofp\libgcc.a(_arm_fixunsdfsi.o)
                              ./Core/Src/Analog.o (__aeabi_d2uiz)

Discarded input sections

 .text          0x0000000000000000        0x0 c:/st/stm32cubeide_1.12.0/stm32cubeide/plugins/com.st.stm32cube.ide.mcu.externaltools.gnu-tools-for-stm32.10.3-2021.10.win32_1.0.200.202301161003/tools/bin/../lib/gcc/arm-none-eabi/10.3.1/thumb/v7-m/nofp/crti.o
 .data          0x0000000000000000        0x0 c:/st/stm32cubeide_1.12.0/stm32cubeide/plugins/com.st.stm32cube.ide.mcu.externaltools.gnu-tools-for-stm32.10.3-2021.10.win32_1.0.200.202301161003/tools/bin/../lib/gcc/arm-none-eabi/10.3.1/thumb/v7-m/nofp/crti.o
 .bss           0x0000000000000000        0x0 c:/st/stm32cubeide_1.12.0/stm32cubeide/plugins/com.st.stm32cube.ide.mcu.externaltools.gnu-tools-for-stm32.10.3-2021.10.win32_1.0.200.202301161003/tools/bin/../lib/gcc/arm-none-eabi/10.3.1/thumb/v7-m/nofp/crti.o
 .data          0x0000000000000000        0x4 c:/st/stm32cubeide_1.12.0/stm32cubeide/plugins/com.st.stm32cube.ide.mcu.externaltools.gnu-tools-for-stm32.10.3-2021.10.win32_1.0.200.202301161003/tools/bin/../lib/gcc/arm-none-eabi/10.3.1/thumb/v7-m/nofp/crtbegin.o
 .rodata        0x0000000000000000       0x24 c:/st/stm32cubeide_1.12.0/stm32cubeide/plugins/com.st.stm32cube.ide.mcu.externaltools.gnu-tools-for-stm32.10.3-2021.10.win32_1.0.200.202301161003/tools/bin/../lib/gcc/arm-none-eabi/10.3.1/thumb/v7-m/nofp/crtbegin.o
[...]
Memory Configuration

Name             Origin             Length             Attributes
RAM              0x0000000020000000 0x0000000000005000 xrw
FLASH            0x0000000008000000 0x0000000000010000 xr
*default*        0x0000000000000000 0xffffffffffffffff

Linker script and memory map

LOAD c:/st/stm32cubeide_1.12.0/stm32cubeide/plugins/com.st.stm32cube.ide.mcu.externaltools.gnu-tools-for-stm32.10.3-2021.10.win32_1.0.200.202301161003/tools/bin/../lib/gcc/arm-none-eabi/10.3.1/thumb/v7-m/nofp/crti.o
LOAD c:/st/stm32cubeide_1.12.0/stm32cubeide/plugins/com.st.stm32cube.ide.mcu.externaltools.gnu-tools-for-stm32.10.3-2021.10.win32_1.0.200.202301161003/tools/bin/../lib/gcc/arm-none-eabi/10.3.1/thumb/v7-m/nofp/crtbegin.o
LOAD c:/st/stm32cubeide_1.12.0/stm32cubeide/plugins/com.st.stm32cube.ide.mcu.externaltools.gnu-tools-for-stm32.10.3-2021.10.win32_1.0.200.202301161003/tools/bin/../lib/gcc/arm-none-eabi/10.3.1/../../../../arm-none-eabi/lib/thumb/v7-m/nofp/crt0.o
LOAD ./Core/Src/Analog.o
LOAD ./Core/Src/NRF24L01.o
LOAD ./Core/Src/main.o
LOAD ./Core/Src/stm32f1xx_hal_msp.o
LOAD ./Core/Src/stm32f1xx_it.o
LOAD ./Core/Src/syscalls.o
LOAD ./Core/Src/sysmem.o
LOAD ./Core/Src/system_stm32f1xx.o
LOAD ./Core/Startup/startup_stm32f103c8tx.o
LOAD ./Drivers/STM32F1xx_HAL_Driver/Src/stm32f1xx_hal.o
LOAD ./Drivers/STM32F1xx_HAL_Driver/Src/stm32f1xx_hal_adc.o
LOAD ./Drivers/STM32F1xx_HAL_Driver/Src/stm32f1xx_hal_adc_ex.o
LOAD ./Drivers/STM32F1xx_HAL_Driver/Src/stm32f1xx_hal_cortex.o
LOAD ./Drivers/STM32F1xx_HAL_Driver/Src/stm32f1xx_hal_dma.o
LOAD ./Drivers/STM32F1xx_HAL_Driver/Src/stm32f1xx_hal_exti.o
LOAD ./Drivers/STM32F1xx_HAL_Driver/Src/stm32f1xx_hal_flash.o
LOAD ./Drivers/STM32F1xx_HAL_Driver/Src/stm32f1xx_hal_flash_ex.o
LOAD ./Drivers/STM32F1xx_HAL_Driver/Src/stm32f1xx_hal_gpio.o
LOAD ./Drivers/STM32F1xx_HAL_Driver/Src/stm32f1xx_hal_gpio_ex.o
LOAD ./Drivers/STM32F1xx_HAL_Driver/Src/stm32f1xx_hal_pwr.o
LOAD ./Drivers/STM32F1xx_HAL_Driver/Src/stm32f1xx_hal_rcc.o
LOAD ./Drivers/STM32F1xx_HAL_Driver/Src/stm32f1xx_hal_rcc_ex.o
LOAD ./Drivers/STM32F1xx_HAL_Driver/Src/stm32f1xx_hal_spi.o
LOAD ./Drivers/STM32F1xx_HAL_Driver/Src/stm32f1xx_hal_tim.o
LOAD ./Drivers/STM32F1xx_HAL_Driver/Src/stm32f1xx_hal_tim_ex.o
LOAD ./Drivers/STM32F1xx_HAL_Driver/Src/stm32f1xx_hal_uart.o
START GROUP
LOAD c:/st/stm32cubeide_1.12.0/stm32cubeide/plugins/com.st.stm32cube.ide.mcu.externaltools.gnu-tools-for-stm32.10.3-2021.10.win32_1.0.200.202301161003/tools/bin/../lib/gcc/arm-none-eabi/10.3.1/../../../../arm-none-eabi/lib/thumb/v7-m/nofp\libc_nano.a
LOAD c:/st/stm32cubeide_1.12.0/stm32cubeide/plugins/com.st.stm32cube.ide.mcu.externaltools.gnu-tools-for-stm32.10.3-2021.10.win32_1.0.200.202301161003/tools/bin/../lib/gcc/arm-none-eabi/10.3.1/../../../../arm-none-eabi/lib/thumb/v7-m/nofp\libm.a
END GROUP
START GROUP
LOAD c:/st/stm32cubeide_1.12.0/stm32cubeide/plugins/com.st.stm32cube.ide.mcu.externaltools.gnu-tools-for-stm32.10.3-2021.10.win32_1.0.200.202301161003/tools/bin/../lib/gcc/arm-none-eabi/10.3.1/thumb/v7-m/nofp\libgcc.a
LOAD c:/st/stm32cubeide_1.12.0/stm32cubeide/plugins/com.st.stm32cube.ide.mcu.externaltools.gnu-tools-for-stm32.10.3-2021.10.win32_1.0.200.202301161003/tools/bin/../lib/gcc/arm-none-eabi/10.3.1/../../../../arm-none-eabi/lib/thumb/v7-m/nofp\libc_nano.a
END GROUP
START GROUP
LOAD c:/st/stm32cubeide_1.12.0/stm32cubeide/plugins/com.st.stm32cube.ide.mcu.externaltools.gnu-tools-for-stm32.10.3-2021.10.win32_1.0.200.202301161003/tools/bin/../lib/gcc/arm-none-eabi/10.3.1/thumb/v7-m/nofp\libgcc.a
LOAD c:/st/stm32cubeide_1.12.0/stm32cubeide/plugins/com.st.stm32cube.ide.mcu.externaltools.gnu-tools-for-stm32.10.3-2021.10.win32_1.0.200.202301161003/tools/bin/../lib/gcc/arm-none-eabi/10.3.1/../../../../arm-none-eabi/lib/thumb/v7-m/nofp\libc_nano.a
LOAD c:/st/stm32cubeide_1.12.0/stm32cubeide/plugins/com.st.stm32cube.ide.mcu.externaltools.gnu-tools-for-stm32.10.3-2021.10.win32_1.0.200.202301161003/tools/bin/../lib/gcc/arm-none-eabi/10.3.1/../../../../arm-none-eabi/lib/thumb/v7-m/nofp\libnosys.a
END GROUP
START GROUP
LOAD c:/st/stm32cubeide_1.12.0/stm32cubeide/plugins/com.st.stm32cube.ide.mcu.externaltools.gnu-tools-for-stm32.10.3-2021.10.win32_1.0.200.202301161003/tools/bin/../lib/gcc/arm-none-eabi/10.3.1/thumb/v7-m/nofp\libgcc.a
LOAD c:/st/stm32cubeide_1.12.0/stm32cubeide/plugins/com.st.stm32cube.ide.mcu.externaltools.gnu-tools-for-stm32.10.3-2021.10.win32_1.0.200.202301161003/tools/bin/../lib/gcc/arm-none-eabi/10.3.1/../../../../arm-none-eabi/lib/thumb/v7-m/nofp\libc_nano.a
LOAD c:/st/stm32cubeide_1.12.0/stm32cubeide/plugins/com.st.stm32cube.ide.mcu.externaltools.gnu-tools-for-stm32.10.3-2021.10.win32_1.0.200.202301161003/tools/bin/../lib/gcc/arm-none-eabi/10.3.1/../../../../arm-none-eabi/lib/thumb/v7-m/nofp\libnosys.a
END GROUP
LOAD c:/st/stm32cubeide_1.12.0/stm32cubeide/plugins/com.st.stm32cube.ide.mcu.externaltools.gnu-tools-for-stm32.10.3-2021.10.win32_1.0.200.202301161003/tools/bin/../lib/gcc/arm-none-eabi/10.3.1/thumb/v7-m/nofp/crtend.o
LOAD c:/st/stm32cubeide_1.12.0/stm32cubeide/plugins/com.st.stm32cube.ide.mcu.externaltools.gnu-tools-for-stm32.10.3-2021.10.win32_1.0.200.202301161003/tools/bin/../lib/gcc/arm-none-eabi/10.3.1/thumb/v7-m/nofp/crtn.o
                0x0000000020005000                _estack = (ORIGIN (RAM) + LENGTH (RAM))
                0x0000000000000200                _Min_Heap_Size = 0x200
                0x0000000000000400                _Min_Stack_Size = 0x400

.isr_vector     0x0000000008000000      0x10c
                0x0000000008000000                . = ALIGN (0x4)
 *(.isr_vector)
 .isr_vector    0x0000000008000000      0x10c ./Core/Startup/startup_stm32f103c8tx.o
                0x0000000008000000                g_pfnVectors
                0x000000000800010c                . = ALIGN (0x4)

.text           0x0000000008000110     0x4d3c
                0x0000000008000110                . = ALIGN (0x4)
 *(.text)
 .text          0x0000000008000110       0x40 c:/st/stm32cubeide_1.12.0/stm32cubeide/plugins/com.st.stm32cube.ide.mcu.externaltools.gnu-tools-for-stm32.10.3-2021.10.win32_1.0.200.202301161003/tools/bin/../lib/gcc/arm-none-eabi/10.3.1/thumb/v7-m/nofp/crtbegin.o
 .text          0x0000000008000150      0x254 c:/st/stm32cubeide_1.12.0/stm32cubeide/plugins/com.st.stm32cube.ide.mcu.externaltools.gnu-tools-for-stm32.10.3-2021.10.win32_1.0.200.202301161003/tools/bin/../lib/gcc/arm-none-eabi/10.3.1/thumb/v7-m/nofp\libgcc.a(_arm_muldf3.o)
                0x0000000008000150                __muldf3
                0x0000000008000150                __aeabi_dmul
 .text          0x00000000080003a4      0x378 c:/st/stm32cubeide_1.12.0/stm32cubeide/plugins/com.st.stm32cube.ide.mcu.externaltools.gnu-tools-for-stm32.10.3-2021.10.win32_1.0.200.202301161003/tools/bin/../lib/gcc/arm-none-eabi/10.3.1/thumb/v7-m/nofp\libgcc.a(_arm_addsubdf3.o)
                0x00000000080003a4                __aeabi_drsub
                0x00000000080003ac                __aeabi_dsub
                0x00000000080003ac                __subdf3
                0x00000000080003b0                __aeabi_dadd
                0x00000000080003b0                __adddf3
                0x0000000008000628                __floatunsidf
                0x0000000008000628                __aeabi_ui2d
                0x0000000008000648                __floatsidf
                0x0000000008000648                __aeabi_i2d
                0x000000000800066c                __aeabi_f2d
                0x000000000800066c                __extendsfdf2
                0x00000000080006b0                __floatundidf
                0x00000000080006b0                __aeabi_ul2d
                0x00000000080006c0                __floatdidf
                0x00000000080006c0                __aeabi_l2d
 .text          0x000000000800071c       0x40 c:/st/stm32cubeide_1.12.0/stm32cubeide/plugins/com.st.stm32cube.ide.mcu.externaltools.gnu-tools-for-stm32.10.3-2021.10.win32_1.0.200.202301161003/tools/bin/../lib/gcc/arm-none-eabi/10.3.1/thumb/v7-m/nofp\libgcc.a(_arm_fixunsdfsi.o)
                0x000000000800071c                __aeabi_d2uiz
                0x000000000800071c                __fixunsdfsi
 *(.text*)
 .text.analogInit
                0x000000000800075c       0x2c ./Core/Src/Analog.o
                0x000000000800075c                analogInit
 .text.JS_Init  0x0000000008000788       0x4e ./Core/Src/Analog.o
                0x0000000008000788                JS_Init
 *fill*         0x00000000080007d6        0x2 
 .text.JS_Aquisite
                0x00000000080007d8      0x290 ./Core/Src/Analog.o
                0x00000000080007d8                JS_Aquisite
 .text.JS_Calibrate
                0x0000000008000a68       0x50 ./Core/Src/Analog.o
                0x0000000008000a68                JS_Calibrate
 .text.map      0x0000000008000ab8       0x36 ./Core/Src/Analog.o
                0x0000000008000ab8                map
 *fill*         0x0000000008000aee        0x2 
 .text.NRF_CS_Select
                0x0000000008000af0       0x24 ./Core/Src/NRF24L01.o
                0x0000000008000af0                NRF_CS_Select
 .text.NRF_CS_Unselect
                0x0000000008000b14       0x24 ./Core/Src/NRF24L01.o
                0x0000000008000b14                NRF_CS_Unselect
 .text.NRF_CE_Enable
                0x0000000008000b38       0x24 ./Core/Src/NRF24L01.o
                0x0000000008000b38                NRF_CE_Enable
 .text.NRF_CE_Disable
                0x0000000008000b5c       0x24 ./Core/Src/NRF24L01.o
                0x0000000008000b5c                NRF_CE_Disable
 .text.NRF_WriteRegister
                0x0000000008000b80       0x44 ./Core/Src/NRF24L01.o
                0x0000000008000b80                NRF_WriteRegister
 .text.NRF_WriteRegisterMultiple
                0x0000000008000bc4       0x4c ./Core/Src/NRF24L01.o
                0x0000000008000bc4                NRF_WriteRegisterMultiple
 .text.NRF_ReadRegister
                0x0000000008000c10       0x40 ./Core/Src/NRF24L01.o
                0x0000000008000c10                NRF_ReadRegister
 .text.NRF_SendCommand
                0x0000000008000c50       0x2c ./Core/Src/NRF24L01.o
                0x0000000008000c50                NRF_SendCommand
 .text.NRF_Init
                0x0000000008000c7c       0xc0 ./Core/Src/NRF24L01.o
                0x0000000008000c7c                NRF_Init
 .text.NRF_SetTxMode
                0x0000000008000d3c       0x78 ./Core/Src/NRF24L01.o
                0x0000000008000d3c                NRF_SetTxMode
 .text.NRF_Transmit
                0x0000000008000db4       0x7c ./Core/Src/NRF24L01.o
                0x0000000008000db4                NRF_Transmit
 .text.NRF_ResetReg
                0x0000000008000e30      0x14c ./Core/Src/NRF24L01.o
                0x0000000008000e30                NRF_ResetReg
 .text.main     0x0000000008000f7c      0x21c ./Core/Src/main.o
                0x0000000008000f7c                main
 .text.SystemClock_Config
                0x0000000008001198       0xba ./Core/Src/main.o
                0x0000000008001198                SystemClock_Config
 *fill*         0x0000000008001252        0x2 
 .text.MX_ADC1_Init
                0x0000000008001254      0x10c ./Core/Src/main.o
 .text.MX_SPI2_Init
                0x0000000008001360       0x6c ./Core/Src/main.o
 .text.MX_TIM1_Init
                0x00000000080013cc      0x104 ./Core/Src/main.o
 .text.MX_TIM2_Init
                0x00000000080014d0       0xac ./Core/Src/main.o
 .text.MX_USART1_UART_Init
                0x000000000800157c       0x54 ./Core/Src/main.o
 .text.MX_DMA_Init
                0x00000000080015d0       0x3c ./Core/Src/main.o
 .text.MX_GPIO_Init
                0x000000000800160c      0x148 ./Core/Src/main.o
 .text.HAL_TIM_PeriodElapsedCallback
                0x0000000008001754       0x40 ./Core/Src/main.o
                0x0000000008001754                HAL_TIM_PeriodElapsedCallback
 .text.Error_Handler
                0x0000000008001794        0xa ./Core/Src/main.o
                0x0000000008001794                Error_Handler
 *fill*         0x000000000800179e        0x2 
 .text.HAL_MspInit
                0x00000000080017a0       0x44 ./Core/Src/stm32f1xx_hal_msp.o
                0x00000000080017a0                HAL_MspInit
 .text.HAL_ADC_MspInit
                0x00000000080017e4       0xd0 ./Core/Src/stm32f1xx_hal_msp.o
                0x00000000080017e4                HAL_ADC_MspInit
 .text.HAL_SPI_MspInit
                0x00000000080018b4       0x98 ./Core/Src/stm32f1xx_hal_msp.o
                0x00000000080018b4                HAL_SPI_MspInit
 .text.HAL_TIM_OC_MspInit
                0x000000000800194c       0xb0 ./Core/Src/stm32f1xx_hal_msp.o
                0x000000000800194c                HAL_TIM_OC_MspInit
 .text.HAL_UART_MspInit
                0x00000000080019fc       0x98 ./Core/Src/stm32f1xx_hal_msp.o
                0x00000000080019fc                HAL_UART_MspInit
 .text.NMI_Handler
                0x0000000008001a94        0xa ./Core/Src/stm32f1xx_it.o
                0x0000000008001a94                NMI_Handler
 .text.HardFault_Handler
                0x0000000008001a9e        0x6 ./Core/Src/stm32f1xx_it.o
                0x0000000008001a9e                HardFault_Handler
 .text.MemManage_Handler
                0x0000000008001aa4        0x6 ./Core/Src/stm32f1xx_it.o
                0x0000000008001aa4                MemManage_Handler
 .text.BusFault_Handler
                0x0000000008001aaa        0x6 ./Core/Src/stm32f1xx_it.o
                0x0000000008001aaa                BusFault_Handler
 .text.UsageFault_Handler
                0x0000000008001ab0        0x6 ./Core/Src/stm32f1xx_it.o
                0x0000000008001ab0                UsageFault_Handler
 .text.SVC_Handler
                0x0000000008001ab6        0xc ./Core/Src/stm32f1xx_it.o
                0x0000000008001ab6                SVC_Handler
 .text.DebugMon_Handler
                0x0000000008001ac2        0xc ./Core/Src/stm32f1xx_it.o
                0x0000000008001ac2                DebugMon_Handler
 .text.PendSV_Handler
                0x0000000008001ace        0xc ./Core/Src/stm32f1xx_it.o
                0x0000000008001ace                PendSV_Handler
 .text.SysTick_Handler
                0x0000000008001ada        0xc ./Core/Src/stm32f1xx_it.o
                0x0000000008001ada                SysTick_Handler
 *fill*         0x0000000008001ae6        0x2 
 .text.DMA1_Channel1_IRQHandler
                0x0000000008001ae8       0x14 ./Core/Src/stm32f1xx_it.o
                0x0000000008001ae8                DMA1_Channel1_IRQHandler
 .text.TIM1_BRK_IRQHandler
                0x0000000008001afc       0x14 ./Core/Src/stm32f1xx_it.o
                0x0000000008001afc                TIM1_BRK_IRQHandler
 .text.TIM1_UP_IRQHandler
                0x0000000008001b10       0x14 ./Core/Src/stm32f1xx_it.o
                0x0000000008001b10                TIM1_UP_IRQHandler
 .text.TIM1_TRG_COM_IRQHandler
                0x0000000008001b24       0x14 ./Core/Src/stm32f1xx_it.o
                0x0000000008001b24                TIM1_TRG_COM_IRQHandler
 .text.TIM1_CC_IRQHandler
                0x0000000008001b38       0x14 ./Core/Src/stm32f1xx_it.o
                0x0000000008001b38                TIM1_CC_IRQHandler
 .text.TIM2_IRQHandler
                0x0000000008001b4c       0x14 ./Core/Src/stm32f1xx_it.o
                0x0000000008001b4c                TIM2_IRQHandler
 .text.SystemInit
                0x0000000008001b60        0xc ./Core/Src/system_stm32f1xx.o
                0x0000000008001b60                SystemInit
 .text.Reset_Handler
                0x0000000008001b6c       0x48 ./Core/Startup/startup_stm32f103c8tx.o
                0x0000000008001b6c                Reset_Handler
 .text.Default_Handler
                0x0000000008001bb4        0x2 ./Core/Startup/startup_stm32f103c8tx.o
                0x0000000008001bb4                RTC_Alarm_IRQHandler
                0x0000000008001bb4                EXTI2_IRQHandler
                0x0000000008001bb4                PVD_IRQHandler
                0x0000000008001bb4                EXTI3_IRQHandler
                0x0000000008001bb4                EXTI0_IRQHandler
                0x0000000008001bb4                I2C2_EV_IRQHandler
                0x0000000008001bb4                ADC1_2_IRQHandler
                0x0000000008001bb4                SPI1_IRQHandler
                0x0000000008001bb4                TAMPER_IRQHandler
                0x0000000008001bb4                DMA1_Channel4_IRQHandler
                0x0000000008001bb4                USART3_IRQHandler
                0x0000000008001bb4                RTC_IRQHandler
                0x0000000008001bb4                DMA1_Channel7_IRQHandler
                0x0000000008001bb4                CAN1_RX1_IRQHandler
                0x0000000008001bb4                TIM4_IRQHandler
                0x0000000008001bb4                I2C1_EV_IRQHandler
                0x0000000008001bb4                DMA1_Channel6_IRQHandler
                0x0000000008001bb4                TIM3_IRQHandler
                0x0000000008001bb4                RCC_IRQHandler
                0x0000000008001bb4                Default_Handler
                0x0000000008001bb4                EXTI15_10_IRQHandler
                0x0000000008001bb4                EXTI9_5_IRQHandler
                0x0000000008001bb4                SPI2_IRQHandler
                0x0000000008001bb4                DMA1_Channel5_IRQHandler
                0x0000000008001bb4                EXTI4_IRQHandler
                0x0000000008001bb4                USB_LP_CAN1_RX0_IRQHandler
                0x0000000008001bb4                USB_HP_CAN1_TX_IRQHandler
                0x0000000008001bb4                DMA1_Channel3_IRQHandler
                0x0000000008001bb4                WWDG_IRQHandler
                0x0000000008001bb4                EXTI1_IRQHandler
                0x0000000008001bb4                USART2_IRQHandler
                0x0000000008001bb4                I2C2_ER_IRQHandler
                0x0000000008001bb4                DMA1_Channel2_IRQHandler
                0x0000000008001bb4                CAN1_SCE_IRQHandler
                0x0000000008001bb4                FLASH_IRQHandler
                0x0000000008001bb4                USART1_IRQHandler
                0x0000000008001bb4                I2C1_ER_IRQHandler
                0x0000000008001bb4                USBWakeUp_IRQHandler
 *fill*         0x0000000008001bb6        0x2 
 .text.HAL_Init
                0x0000000008001bb8       0x2c ./Drivers/STM32F1xx_HAL_Driver/Src/stm32f1xx_hal.o
                0x0000000008001bb8                HAL_Init
 .text.HAL_InitTick
                0x0000000008001be4       0x60 ./Drivers/STM32F1xx_HAL_Driver/Src/stm32f1xx_hal.o
                0x0000000008001be4                HAL_InitTick
 .text.HAL_IncTick
                0x0000000008001c44       0x24 ./Drivers/STM32F1xx_HAL_Driver/Src/stm32f1xx_hal.o
                0x0000000008001c44                HAL_IncTick
 .text.HAL_GetTick
                0x0000000008001c68       0x14 ./Drivers/STM32F1xx_HAL_Driver/Src/stm32f1xx_hal.o
                0x0000000008001c68                HAL_GetTick
 .text.HAL_Delay
                0x0000000008001c7c       0x48 ./Drivers/STM32F1xx_HAL_Driver/Src/stm32f1xx_hal.o
                0x0000000008001c7c                HAL_Delay
 .text.HAL_ADC_Init
                0x0000000008001cc4      0x1b0 ./Drivers/STM32F1xx_HAL_Driver/Src/stm32f1xx_hal_adc.o
                0x0000000008001cc4                HAL_ADC_Init
 .text.HAL_ADC_Start_DMA
                0x0000000008001e74      0x1bc ./Drivers/STM32F1xx_HAL_Driver/Src/stm32f1xx_hal_adc.o
                0x0000000008001e74                HAL_ADC_Start_DMA
 .text.HAL_ADC_ConvCpltCallback
                0x0000000008002030       0x12 ./Drivers/STM32F1xx_HAL_Driver/Src/stm32f1xx_hal_adc.o
                0x0000000008002030                HAL_ADC_ConvCpltCallback
 .text.HAL_ADC_ConvHalfCpltCallback
                0x0000000008002042       0x12 ./Drivers/STM32F1xx_HAL_Driver/Src/stm32f1xx_hal_adc.o
                0x0000000008002042                HAL_ADC_ConvHalfCpltCallback
 .text.HAL_ADC_ErrorCallback
                0x0000000008002054       0x12 ./Drivers/STM32F1xx_HAL_Driver/Src/stm32f1xx_hal_adc.o
                0x0000000008002054                HAL_ADC_ErrorCallback
 *fill*         0x0000000008002066        0x2 
 .text.HAL_ADC_ConfigChannel
                0x0000000008002068      0x1f0 ./Drivers/STM32F1xx_HAL_Driver/Src/stm32f1xx_hal_adc.o
                0x0000000008002068                HAL_ADC_ConfigChannel
 .text.ADC_Enable
                0x0000000008002258       0xb4 ./Drivers/STM32F1xx_HAL_Driver/Src/stm32f1xx_hal_adc.o
                0x0000000008002258                ADC_Enable
 .text.ADC_ConversionStop_Disable
                0x000000000800230c       0x82 ./Drivers/STM32F1xx_HAL_Driver/Src/stm32f1xx_hal_adc.o
                0x000000000800230c                ADC_ConversionStop_Disable
 .text.ADC_DMAConvCplt
                0x000000000800238e       0x7c ./Drivers/STM32F1xx_HAL_Driver/Src/stm32f1xx_hal_adc.o
                0x000000000800238e                ADC_DMAConvCplt
 .text.ADC_DMAHalfConvCplt
                0x000000000800240a       0x1c ./Drivers/STM32F1xx_HAL_Driver/Src/stm32f1xx_hal_adc.o
                0x000000000800240a                ADC_DMAHalfConvCplt
 .text.ADC_DMAError
                0x0000000008002426       0x34 ./Drivers/STM32F1xx_HAL_Driver/Src/stm32f1xx_hal_adc.o
                0x0000000008002426                ADC_DMAError
 *fill*         0x000000000800245a        0x2 
 .text.__NVIC_SetPriorityGrouping
                0x000000000800245c       0x48 ./Drivers/STM32F1xx_HAL_Driver/Src/stm32f1xx_hal_cortex.o
 .text.__NVIC_GetPriorityGrouping
                0x00000000080024a4       0x1c ./Drivers/STM32F1xx_HAL_Driver/Src/stm32f1xx_hal_cortex.o
 .text.__NVIC_EnableIRQ
                0x00000000080024c0       0x38 ./Drivers/STM32F1xx_HAL_Driver/Src/stm32f1xx_hal_cortex.o
 .text.__NVIC_SetPriority
                0x00000000080024f8       0x54 ./Drivers/STM32F1xx_HAL_Driver/Src/stm32f1xx_hal_cortex.o
 .text.NVIC_EncodePriority
                0x000000000800254c       0x64 ./Drivers/STM32F1xx_HAL_Driver/Src/stm32f1xx_hal_cortex.o
 .text.SysTick_Config
                0x00000000080025b0       0x44 ./Drivers/STM32F1xx_HAL_Driver/Src/stm32f1xx_hal_cortex.o
 .text.HAL_NVIC_SetPriorityGrouping
                0x00000000080025f4       0x16 ./Drivers/STM32F1xx_HAL_Driver/Src/stm32f1xx_hal_cortex.o
                0x00000000080025f4                HAL_NVIC_SetPriorityGrouping
 .text.HAL_NVIC_SetPriority
                0x000000000800260a       0x38 ./Drivers/STM32F1xx_HAL_Driver/Src/stm32f1xx_hal_cortex.o
                0x000000000800260a                HAL_NVIC_SetPriority
 .text.HAL_NVIC_EnableIRQ
                0x0000000008002642       0x1c ./Drivers/STM32F1xx_HAL_Driver/Src/stm32f1xx_hal_cortex.o
                0x0000000008002642                HAL_NVIC_EnableIRQ
 .text.HAL_SYSTICK_Config
                0x000000000800265e       0x18 ./Drivers/STM32F1xx_HAL_Driver/Src/stm32f1xx_hal_cortex.o
                0x000000000800265e                HAL_SYSTICK_Config
 *fill*         0x0000000008002676        0x2 
 .text.HAL_DMA_Init
                0x0000000008002678       0xb4 ./Drivers/STM32F1xx_HAL_Driver/Src/stm32f1xx_hal_dma.o
                0x0000000008002678                HAL_DMA_Init
 .text.HAL_DMA_Start_IT
                0x000000000800272c       0xbe ./Drivers/STM32F1xx_HAL_Driver/Src/stm32f1xx_hal_dma.o
                0x000000000800272c                HAL_DMA_Start_IT
 *fill*         0x00000000080027ea        0x2 
 .text.HAL_DMA_IRQHandler
                0x00000000080027ec      0x20c ./Drivers/STM32F1xx_HAL_Driver/Src/stm32f1xx_hal_dma.o
                0x00000000080027ec                HAL_DMA_IRQHandler
 .text.DMA_SetConfig
                0x00000000080029f8       0x5a ./Drivers/STM32F1xx_HAL_Driver/Src/stm32f1xx_hal_dma.o
 *fill*         0x0000000008002a52        0x2 
 .text.HAL_GPIO_Init
                0x0000000008002a54      0x308 ./Drivers/STM32F1xx_HAL_Driver/Src/stm32f1xx_hal_gpio.o
                0x0000000008002a54                HAL_GPIO_Init
 .text.HAL_GPIO_WritePin
                0x0000000008002d5c       0x30 ./Drivers/STM32F1xx_HAL_Driver/Src/stm32f1xx_hal_gpio.o
                0x0000000008002d5c                HAL_GPIO_WritePin
 .text.HAL_GPIO_TogglePin
                0x0000000008002d8c       0x32 ./Drivers/STM32F1xx_HAL_Driver/Src/stm32f1xx_hal_gpio.o
                0x0000000008002d8c                HAL_GPIO_TogglePin
 *fill*         0x0000000008002dbe        0x2 
 .text.HAL_RCC_OscConfig
                0x0000000008002dc0      0x504 ./Drivers/STM32F1xx_HAL_Driver/Src/stm32f1xx_hal_rcc.o
                0x0000000008002dc0                HAL_RCC_OscConfig
 .text.HAL_RCC_ClockConfig
                0x00000000080032c4      0x1d4 ./Drivers/STM32F1xx_HAL_Driver/Src/stm32f1xx_hal_rcc.o
                0x00000000080032c4                HAL_RCC_ClockConfig
 .text.HAL_RCC_EnableCSS
                0x0000000008003498       0x18 ./Drivers/STM32F1xx_HAL_Driver/Src/stm32f1xx_hal_rcc.o
                0x0000000008003498                HAL_RCC_EnableCSS
 .text.HAL_RCC_GetSysClockFreq
                0x00000000080034b0       0xbc ./Drivers/STM32F1xx_HAL_Driver/Src/stm32f1xx_hal_rcc.o
                0x00000000080034b0                HAL_RCC_GetSysClockFreq
 .text.HAL_RCC_GetHCLKFreq
                0x000000000800356c       0x14 ./Drivers/STM32F1xx_HAL_Driver/Src/stm32f1xx_hal_rcc.o
                0x000000000800356c                HAL_RCC_GetHCLKFreq
 .text.HAL_RCC_GetPCLK1Freq
                0x0000000008003580       0x28 ./Drivers/STM32F1xx_HAL_Driver/Src/stm32f1xx_hal_rcc.o
                0x0000000008003580                HAL_RCC_GetPCLK1Freq
 .text.HAL_RCC_GetPCLK2Freq
                0x00000000080035a8       0x28 ./Drivers/STM32F1xx_HAL_Driver/Src/stm32f1xx_hal_rcc.o
                0x00000000080035a8                HAL_RCC_GetPCLK2Freq
 .text.HAL_RCC_NMI_IRQHandler
                0x00000000080035d0       0x28 ./Drivers/STM32F1xx_HAL_Driver/Src/stm32f1xx_hal_rcc.o
                0x00000000080035d0                HAL_RCC_NMI_IRQHandler
 .text.RCC_Delay
                0x00000000080035f8       0x3c ./Drivers/STM32F1xx_HAL_Driver/Src/stm32f1xx_hal_rcc.o
 .text.HAL_RCC_CSSCallback
                0x0000000008003634        0xc ./Drivers/STM32F1xx_HAL_Driver/Src/stm32f1xx_hal_rcc.o
                0x0000000008003634                HAL_RCC_CSSCallback
 .text.HAL_RCCEx_PeriphCLKConfig
                0x0000000008003640      0x16c ./Drivers/STM32F1xx_HAL_Driver/Src/stm32f1xx_hal_rcc_ex.o
                0x0000000008003640                HAL_RCCEx_PeriphCLKConfig
 .text.HAL_SPI_Init
                0x00000000080037ac      0x108 ./Drivers/STM32F1xx_HAL_Driver/Src/stm32f1xx_hal_spi.o
                0x00000000080037ac                HAL_SPI_Init
 .text.HAL_SPI_Transmit
                0x00000000080038b4      0x278 ./Drivers/STM32F1xx_HAL_Driver/Src/stm32f1xx_hal_spi.o
                0x00000000080038b4                HAL_SPI_Transmit
 .text.HAL_SPI_Receive
                0x0000000008003b2c      0x222 ./Drivers/STM32F1xx_HAL_Driver/Src/stm32f1xx_hal_spi.o
                0x0000000008003b2c                HAL_SPI_Receive
 .text.HAL_SPI_TransmitReceive
                0x0000000008003d4e      0x344 ./Drivers/STM32F1xx_HAL_Driver/Src/stm32f1xx_hal_spi.o
                0x0000000008003d4e                HAL_SPI_TransmitReceive
 *fill*         0x0000000008004092        0x2 
 .text.SPI_WaitFlagStateUntilTimeout
                0x0000000008004094      0x110 ./Drivers/STM32F1xx_HAL_Driver/Src/stm32f1xx_hal_spi.o
 .text.SPI_EndRxTransaction
                0x00000000080041a4       0xa4 ./Drivers/STM32F1xx_HAL_Driver/Src/stm32f1xx_hal_spi.o
 .text.SPI_EndRxTxTransaction
                0x0000000008004248       0x3c ./Drivers/STM32F1xx_HAL_Driver/Src/stm32f1xx_hal_spi.o
 .text.HAL_TIM_Base_Start_IT
                0x0000000008004284       0xa4 ./Drivers/STM32F1xx_HAL_Driver/Src/stm32f1xx_hal_tim.o
                0x0000000008004284                HAL_TIM_Base_Start_IT
 .text.HAL_TIM_OC_Init
                0x0000000008004328       0x9e ./Drivers/STM32F1xx_HAL_Driver/Src/stm32f1xx_hal_tim.o
                0x0000000008004328                HAL_TIM_OC_Init
 .text.HAL_TIM_IRQHandler
                0x00000000080043c6      0x210 ./Drivers/STM32F1xx_HAL_Driver/Src/stm32f1xx_hal_tim.o
                0x00000000080043c6                HAL_TIM_IRQHandler
 *fill*         0x00000000080045d6        0x2 
 .text.HAL_TIM_OC_ConfigChannel
                0x00000000080045d8       0xb0 ./Drivers/STM32F1xx_HAL_Driver/Src/stm32f1xx_hal_tim.o
                0x00000000080045d8                HAL_TIM_OC_ConfigChannel
 .text.HAL_TIM_OC_DelayElapsedCallback
                0x0000000008004688       0x12 ./Drivers/STM32F1xx_HAL_Driver/Src/stm32f1xx_hal_tim.o
                0x0000000008004688                HAL_TIM_OC_DelayElapsedCallback
 .text.HAL_TIM_IC_CaptureCallback
                0x000000000800469a       0x12 ./Drivers/STM32F1xx_HAL_Driver/Src/stm32f1xx_hal_tim.o
                0x000000000800469a                HAL_TIM_IC_CaptureCallback
 .text.HAL_TIM_PWM_PulseFinishedCallback
                0x00000000080046ac       0x12 ./Drivers/STM32F1xx_HAL_Driver/Src/stm32f1xx_hal_tim.o
                0x00000000080046ac                HAL_TIM_PWM_PulseFinishedCallback
 .text.HAL_TIM_TriggerCallback
                0x00000000080046be       0x12 ./Drivers/STM32F1xx_HAL_Driver/Src/stm32f1xx_hal_tim.o
                0x00000000080046be                HAL_TIM_TriggerCallback
 .text.TIM_Base_SetConfig
                0x00000000080046d0       0xc4 ./Drivers/STM32F1xx_HAL_Driver/Src/stm32f1xx_hal_tim.o
                0x00000000080046d0                TIM_Base_SetConfig
 .text.TIM_OC1_SetConfig
                0x0000000008004794       0xcc ./Drivers/STM32F1xx_HAL_Driver/Src/stm32f1xx_hal_tim.o
 .text.TIM_OC2_SetConfig
                0x0000000008004860       0xd4 ./Drivers/STM32F1xx_HAL_Driver/Src/stm32f1xx_hal_tim.o
                0x0000000008004860                TIM_OC2_SetConfig
 .text.TIM_OC3_SetConfig
                0x0000000008004934       0xd4 ./Drivers/STM32F1xx_HAL_Driver/Src/stm32f1xx_hal_tim.o
 .text.TIM_OC4_SetConfig
                0x0000000008004a08       0x9c ./Drivers/STM32F1xx_HAL_Driver/Src/stm32f1xx_hal_tim.o
 .text.HAL_TIMEx_MasterConfigSynchronization
                0x0000000008004aa4       0xbc ./Drivers/STM32F1xx_HAL_Driver/Src/stm32f1xx_hal_tim_ex.o
                0x0000000008004aa4                HAL_TIMEx_MasterConfigSynchronization
 .text.HAL_TIMEx_ConfigBreakDeadTime
                0x0000000008004b60       0xa2 ./Drivers/STM32F1xx_HAL_Driver/Src/stm32f1xx_hal_tim_ex.o
                0x0000000008004b60                HAL_TIMEx_ConfigBreakDeadTime
 .text.HAL_TIMEx_CommutCallback
                0x0000000008004c02       0x12 ./Drivers/STM32F1xx_HAL_Driver/Src/stm32f1xx_hal_tim_ex.o
                0x0000000008004c02                HAL_TIMEx_CommutCallback
 .text.HAL_TIMEx_BreakCallback
                0x0000000008004c14       0x12 ./Drivers/STM32F1xx_HAL_Driver/Src/stm32f1xx_hal_tim_ex.o
                0x0000000008004c14                HAL_TIMEx_BreakCallback
 .text.HAL_UART_Init
                0x0000000008004c26       0x9a ./Drivers/STM32F1xx_HAL_Driver/Src/stm32f1xx_hal_uart.o
                0x0000000008004c26                HAL_UART_Init
 .text.UART_SetConfig
                0x0000000008004cc0      0x11c ./Drivers/STM32F1xx_HAL_Driver/Src/stm32f1xx_hal_uart.o
 .text.__libc_init_array
                0x0000000008004ddc       0x48 c:/st/stm32cubeide_1.12.0/stm32cubeide/plugins/com.st.stm32cube.ide.mcu.externaltools.gnu-tools-for-stm32.10.3-2021.10.win32_1.0.200.202301161003/tools/bin/../lib/gcc/arm-none-eabi/10.3.1/../../../../arm-none-eabi/lib/thumb/v7-m/nofp\libc_nano.a(lib_a-init.o)
                0x0000000008004ddc                __libc_init_array
 .text.memset   0x0000000008004e24       0x10 c:/st/stm32cubeide_1.12.0/stm32cubeide/plugins/com.st.stm32cube.ide.mcu.externaltools.gnu-tools-for-stm32.10.3-2021.10.win32_1.0.200.202301161003/tools/bin/../lib/gcc/arm-none-eabi/10.3.1/../../../../arm-none-eabi/lib/thumb/v7-m/nofp\libc_nano.a(lib_a-memset.o)
                0x0000000008004e24                memset
 *(.glue_7)
 .glue_7        0x0000000008004e34        0x0 linker stubs
 *(.glue_7t)
 .glue_7t       0x0000000008004e34        0x0 linker stubs
 *(.eh_frame)
 .eh_frame      0x0000000008004e34        0x0 c:/st/stm32cubeide_1.12.0/stm32cubeide/plugins/com.st.stm32cube.ide.mcu.externaltools.gnu-tools-for-stm32.10.3-2021.10.win32_1.0.200.202301161003/tools/bin/../lib/gcc/arm-none-eabi/10.3.1/thumb/v7-m/nofp/crtbegin.o
 *(.init)
 .init          0x0000000008004e34        0x4 c:/st/stm32cubeide_1.12.0/stm32cubeide/plugins/com.st.stm32cube.ide.mcu.externaltools.gnu-tools-for-stm32.10.3-2021.10.win32_1.0.200.202301161003/tools/bin/../lib/gcc/arm-none-eabi/10.3.1/thumb/v7-m/nofp/crti.o
                0x0000000008004e34                _init
 .init          0x0000000008004e38        0x8 c:/st/stm32cubeide_1.12.0/stm32cubeide/plugins/com.st.stm32cube.ide.mcu.externaltools.gnu-tools-for-stm32.10.3-2021.10.win32_1.0.200.202301161003/tools/bin/../lib/gcc/arm-none-eabi/10.3.1/thumb/v7-m/nofp/crtn.o
 *(.fini)
 .fini          0x0000000008004e40        0x4 c:/st/stm32cubeide_1.12.0/stm32cubeide/plugins/com.st.stm32cube.ide.mcu.externaltools.gnu-tools-for-stm32.10.3-2021.10.win32_1.0.200.202301161003/tools/bin/../lib/gcc/arm-none-eabi/10.3.1/thumb/v7-m/nofp/crti.o
                0x0000000008004e40                _fini
 .fini          0x0000000008004e44        0x8 c:/st/stm32cubeide_1.12.0/stm32cubeide/plugins/com.st.stm32cube.ide.mcu.externaltools.gnu-tools-for-stm32.10.3-2021.10.win32_1.0.200.202301161003/tools/bin/../lib/gcc/arm-none-eabi/10.3.1/thumb/v7-m/nofp/crtn.o
                0x0000000008004e4c                . = ALIGN (0x4)
                0x0000000008004e4c                _etext = .

.vfp11_veneer   0x0000000008004e4c        0x0
 .vfp11_veneer  0x0000000008004e4c        0x0 linker stubs

.v4_bx          0x0000000008004e4c        0x0
 .v4_bx         0x0000000008004e4c        0x0 linker stubs

.iplt           0x0000000008004e4c        0x0
 .iplt          0x0000000008004e4c        0x0 c:/st/stm32cubeide_1.12.0/stm32cubeide/plugins/com.st.stm32cube.ide.mcu.externaltools.gnu-tools-for-stm32.10.3-2021.10.win32_1.0.200.202301161003/tools/bin/../lib/gcc/arm-none-eabi/10.3.1/thumb/v7-m/nofp/crtbegin.o

.rodata         0x0000000008004e4c       0x38
                0x0000000008004e4c                . = ALIGN (0x4)
 *(.rodata)
 .rodata        0x0000000008004e4c        0xd ./Core/Src/NRF24L01.o
 *fill*         0x0000000008004e59        0x3 
 .rodata        0x0000000008004e5c       0x10 ./Drivers/STM32F1xx_HAL_Driver/Src/stm32f1xx_hal_rcc.o
 *(.rodata*)
 .rodata.AHBPrescTable
                0x0000000008004e6c       0x10 ./Core/Src/system_stm32f1xx.o
                0x0000000008004e6c                AHBPrescTable
 .rodata.APBPrescTable
                0x0000000008004e7c        0x8 ./Core/Src/system_stm32f1xx.o
                0x0000000008004e7c                APBPrescTable
                0x0000000008004e84                . = ALIGN (0x4)

.rel.dyn        0x0000000008004e84        0x0
 .rel.iplt      0x0000000008004e84        0x0 c:/st/stm32cubeide_1.12.0/stm32cubeide/plugins/com.st.stm32cube.ide.mcu.externaltools.gnu-tools-for-stm32.10.3-2021.10.win32_1.0.200.202301161003/tools/bin/../lib/gcc/arm-none-eabi/10.3.1/thumb/v7-m/nofp/crtbegin.o

.ARM.extab      0x0000000008004e84        0x0
                0x0000000008004e84                . = ALIGN (0x4)
 *(.ARM.extab* .gnu.linkonce.armextab.*)
                0x0000000008004e84                . = ALIGN (0x4)

.ARM            0x0000000008004e84        0x0
                0x0000000008004e84                . = ALIGN (0x4)
                0x0000000008004e84                __exidx_start = .
 *(.ARM.exidx*)
                0x0000000008004e84                __exidx_end = .
                0x0000000008004e84                . = ALIGN (0x4)

.preinit_array  0x0000000008004e84        0x0
                0x0000000008004e84                . = ALIGN (0x4)
                0x0000000008004e84                PROVIDE (__preinit_array_start = .)
 *(.preinit_array*)
                0x0000000008004e84                PROVIDE (__preinit_array_end = .)
                0x0000000008004e84                . = ALIGN (0x4)

.init_array     0x0000000008004e84        0x4
                0x0000000008004e84                . = ALIGN (0x4)
                0x0000000008004e84                PROVIDE (__init_array_start = .)
 *(SORT_BY_NAME(.init_array.*))
 *(.init_array*)
 .init_array    0x0000000008004e84        0x4 c:/st/stm32cubeide_1.12.0/stm32cubeide/plugins/com.st.stm32cube.ide.mcu.externaltools.gnu-tools-for-stm32.10.3-2021.10.win32_1.0.200.202301161003/tools/bin/../lib/gcc/arm-none-eabi/10.3.1/thumb/v7-m/nofp/crtbegin.o
                0x0000000008004e88                PROVIDE (__init_array_end = .)
                0x0000000008004e88                . = ALIGN (0x4)

.fini_array     0x0000000008004e88        0x4
                0x0000000008004e88                . = ALIGN (0x4)
                [!provide]                        PROVIDE (__fini_array_start = .)
 *(SORT_BY_NAME(.fini_array.*))
 *(.fini_array*)
 .fini_array    0x0000000008004e88        0x4 c:/st/stm32cubeide_1.12.0/stm32cubeide/plugins/com.st.stm32cube.ide.mcu.externaltools.gnu-tools-for-stm32.10.3-2021.10.win32_1.0.200.202301161003/tools/bin/../lib/gcc/arm-none-eabi/10.3.1/thumb/v7-m/nofp/crtbegin.o
                [!provide]                        PROVIDE (__fini_array_end = .)
                0x0000000008004e8c                . = ALIGN (0x4)
                0x0000000008004e8c                _sidata = LOADADDR (.data)

.data           0x0000000020000000       0x14 load address 0x0000000008004e8c
                0x0000000020000000                . = ALIGN (0x4)
                0x0000000020000000                _sdata = .
 *(.data)
 *(.data*)
 .data.TxPipeAddress
                0x0000000020000000        0x5 ./Core/Src/main.o
                0x0000000020000000                TxPipeAddress
 *fill*         0x0000000020000005        0x3 
 .data.SystemCoreClock
                0x0000000020000008        0x4 ./Core/Src/system_stm32f1xx.o
                0x0000000020000008                SystemCoreClock
 .data.uwTickPrio
                0x000000002000000c        0x4 ./Drivers/STM32F1xx_HAL_Driver/Src/stm32f1xx_hal.o
                0x000000002000000c                uwTickPrio
 .data.uwTickFreq
                0x0000000020000010        0x1 ./Drivers/STM32F1xx_HAL_Driver/Src/stm32f1xx_hal.o
                0x0000000020000010                uwTickFreq
 *(.RamFunc)
 *(.RamFunc*)
                0x0000000020000014                . = ALIGN (0x4)
 *fill*         0x0000000020000011        0x3 
                0x0000000020000014                _edata = .

.igot.plt       0x0000000020000014        0x0 load address 0x0000000008004ea0
 .igot.plt      0x0000000020000014        0x0 c:/st/stm32cubeide_1.12.0/stm32cubeide/plugins/com.st.stm32cube.ide.mcu.externaltools.gnu-tools-for-stm32.10.3-2021.10.win32_1.0.200.202301161003/tools/bin/../lib/gcc/arm-none-eabi/10.3.1/thumb/v7-m/nofp/crtbegin.o
                0x0000000020000014                . = ALIGN (0x4)

.bss            0x0000000020000014      0x264 load address 0x0000000008004ea0
                0x0000000020000014                _sbss = .
                0x0000000020000014                __bss_start__ = _sbss
 *(.bss)
 .bss           0x0000000020000014       0x1c c:/st/stm32cubeide_1.12.0/stm32cubeide/plugins/com.st.stm32cube.ide.mcu.externaltools.gnu-tools-for-stm32.10.3-2021.10.win32_1.0.200.202301161003/tools/bin/../lib/gcc/arm-none-eabi/10.3.1/thumb/v7-m/nofp/crtbegin.o
 *(.bss*)
 .bss.adc       0x0000000020000030        0x4 ./Core/Src/Analog.o
                0x0000000020000030                adc
 .bss.nrf_spi   0x0000000020000034        0x4 ./Core/Src/NRF24L01.o
                0x0000000020000034                nrf_spi
 .bss.nrfCsPort
                0x0000000020000038        0x4 ./Core/Src/NRF24L01.o
                0x0000000020000038                nrfCsPort
 .bss.nrfCsPin  0x000000002000003c        0x4 ./Core/Src/NRF24L01.o
                0x000000002000003c                nrfCsPin
 .bss.nrfCePort
                0x0000000020000040        0x4 ./Core/Src/NRF24L01.o
                0x0000000020000040                nrfCePort
 .bss.nrfCePin  0x0000000020000044        0x4 ./Core/Src/NRF24L01.o
                0x0000000020000044                nrfCePin
 .bss.nrfIrqPort
                0x0000000020000048        0x4 ./Core/Src/NRF24L01.o
                0x0000000020000048                nrfIrqPort
 .bss.nrfIrqPin
                0x000000002000004c        0x4 ./Core/Src/NRF24L01.o
                0x000000002000004c                nrfIrqPin
 .bss.TX_DS_flag
                0x0000000020000050        0x1 ./Core/Src/NRF24L01.o
                0x0000000020000050                TX_DS_flag
 *fill*         0x0000000020000051        0x3 
 .bss.hadc1     0x0000000020000054       0x30 ./Core/Src/main.o
                0x0000000020000054                hadc1
 .bss.hdma_adc1
                0x0000000020000084       0x44 ./Core/Src/main.o
                0x0000000020000084                hdma_adc1
 .bss.hspi2     0x00000000200000c8       0x58 ./Core/Src/main.o
                0x00000000200000c8                hspi2
 .bss.htim1     0x0000000020000120       0x48 ./Core/Src/main.o
                0x0000000020000120                htim1
 .bss.htim2     0x0000000020000168       0x48 ./Core/Src/main.o
                0x0000000020000168                htim2
 .bss.huart1    0x00000000200001b0       0x44 ./Core/Src/main.o
                0x00000000200001b0                huart1
 .bss.flag_nrf  0x00000000200001f4        0x1 ./Core/Src/main.o
                0x00000000200001f4                flag_nrf
 .bss.flag_js   0x00000000200001f5        0x1 ./Core/Src/main.o
                0x00000000200001f5                flag_js
 .bss.flag_blink
                0x00000000200001f6        0x1 ./Core/Src/main.o
                0x00000000200001f6                flag_blink
 *fill*         0x00000000200001f7        0x1 
 .bss.DMA       0x00000000200001f8        0xc ./Core/Src/main.o
                0x00000000200001f8                DMA
 .bss.Joystick_R
                0x0000000020000204       0x26 ./Core/Src/main.o
                0x0000000020000204                Joystick_R
 *fill*         0x000000002000022a        0x2 
 .bss.Joystick_L
                0x000000002000022c       0x26 ./Core/Src/main.o
                0x000000002000022c                Joystick_L
 *fill*         0x0000000020000252        0x2 
 .bss.NRFBuffer
                0x0000000020000254       0x20 ./Core/Src/main.o
                0x0000000020000254                NRFBuffer
 .bss.uwTick    0x0000000020000274        0x4 ./Drivers/STM32F1xx_HAL_Driver/Src/stm32f1xx_hal.o
                0x0000000020000274                uwTick
 *(COMMON)
                0x0000000020000278                . = ALIGN (0x4)
                0x0000000020000278                _ebss = .
                0x0000000020000278                __bss_end__ = _ebss

._user_heap_stack
                0x0000000020000278      0x600 load address 0x0000000008004ea0
                0x0000000020000278                . = ALIGN (0x8)
                [!provide]                        PROVIDE (end = .)
                0x0000000020000278                PROVIDE (_end = .)
                0x0000000020000478                . = (. + _Min_Heap_Size)
 *fill*         0x0000000020000278      0x200 
                0x0000000020000878                . = (. + _Min_Stack_Size)
 *fill*         0x0000000020000478      0x400 
                0x0000000020000878                . = ALIGN (0x8)

/DISCARD/
 libc.a(*)
 libm.a(*)
 libgcc.a(*)

.ARM.attributes
                0x0000000000000000       0x29
 *(.ARM.attributes)
 .ARM.attributes
                0x0000000000000000       0x1d c:/st/stm32cubeide_1.12.0/stm32cubeide/plugins/com.st.stm32cube.ide.mcu.externaltools.gnu-tools-for-stm32.10.3-2021.10.win32_1.0.200.202301161003/tools/bin/../lib/gcc/arm-none-eabi/10.3.1/thumb/v7-m/nofp/crti.o
 .ARM.attributes
                0x000000000000001d       0x2d c:/st/stm32cubeide_1.12.0/stm32cubeide/plugins/com.st.stm32cube.ide.mcu.externaltools.gnu-tools-for-stm32.10.3-2021.10.win32_1.0.200.202301161003/tools/bin/../lib/gcc/arm-none-eabi/10.3.1/thumb/v7-m/nofp/crtbegin.o
 .ARM.attributes
                0x000000000000004a       0x2d ./Core/Src/Analog.o
 .ARM.attributes
                0x0000000000000077       0x2d ./Core/Src/NRF24L01.o
 .ARM.attributes
                0x00000000000000a4       0x2d ./Core/Src/main.o
 .ARM.attributes
                0x00000000000000d1       0x2d ./Core/Src/stm32f1xx_hal_msp.o
 .ARM.attributes
                0x00000000000000fe       0x2d ./Core/Src/stm32f1xx_it.o
 .ARM.attributes
                0x000000000000012b       0x2d ./Core/Src/system_stm32f1xx.o
 .ARM.attributes
                0x0000000000000158       0x21 ./Core/Startup/startup_stm32f103c8tx.o
 .ARM.attributes
                0x0000000000000179       0x2d ./Drivers/STM32F1xx_HAL_Driver/Src/stm32f1xx_hal.o
 .ARM.attributes
                0x00000000000001a6       0x2d ./Drivers/STM32F1xx_HAL_Driver/Src/stm32f1xx_hal_adc.o
 .ARM.attributes
                0x00000000000001d3       0x2d ./Drivers/STM32F1xx_HAL_Driver/Src/stm32f1xx_hal_cortex.o
 .ARM.attributes
                0x0000000000000200       0x2d ./Drivers/STM32F1xx_HAL_Driver/Src/stm32f1xx_hal_dma.o
 .ARM.attributes
                0x000000000000022d       0x2d ./Drivers/STM32F1xx_HAL_Driver/Src/stm32f1xx_hal_gpio.o
 .ARM.attributes
                0x000000000000025a       0x2d ./Drivers/STM32F1xx_HAL_Driver/Src/stm32f1xx_hal_rcc.o
 .ARM.attributes
                0x0000000000000287       0x2d ./Drivers/STM32F1xx_HAL_Driver/Src/stm32f1xx_hal_rcc_ex.o
 .ARM.attributes
                0x00000000000002b4       0x2d ./Drivers/STM32F1xx_HAL_Driver/Src/stm32f1xx_hal_spi.o
 .ARM.attributes
                0x00000000000002e1       0x2d ./Drivers/STM32F1xx_HAL_Driver/Src/stm32f1xx_hal_tim.o
 .ARM.attributes
                0x000000000000030e       0x2d ./Drivers/STM32F1xx_HAL_Driver/Src/stm32f1xx_hal_tim_ex.o
 .ARM.attributes
                0x000000000000033b       0x2d ./Drivers/STM32F1xx_HAL_Driver/Src/stm32f1xx_hal_uart.o
 .ARM.attributes
                0x0000000000000368       0x2d c:/st/stm32cubeide_1.12.0/stm32cubeide/plugins/com.st.stm32cube.ide.mcu.externaltools.gnu-tools-for-stm32.10.3-2021.10.win32_1.0.200.202301161003/tools/bin/../lib/gcc/arm-none-eabi/10.3.1/../../../../arm-none-eabi/lib/thumb/v7-m/nofp\libc_nano.a(lib_a-init.o)
 .ARM.attributes
                0x0000000000000395       0x2d c:/st/stm32cubeide_1.12.0/stm32cubeide/plugins/com.st.stm32cube.ide.mcu.externaltools.gnu-tools-for-stm32.10.3-2021.10.win32_1.0.200.202301161003/tools/bin/../lib/gcc/arm-none-eabi/10.3.1/../../../../arm-none-eabi/lib/thumb/v7-m/nofp\libc_nano.a(lib_a-memset.o)
 .ARM.attributes
                0x00000000000003c2       0x1d c:/st/stm32cubeide_1.12.0/stm32cubeide/plugins/com.st.stm32cube.ide.mcu.externaltools.gnu-tools-for-stm32.10.3-2021.10.win32_1.0.200.202301161003/tools/bin/../lib/gcc/arm-none-eabi/10.3.1/thumb/v7-m/nofp\libgcc.a(_arm_muldf3.o)
 .ARM.attributes
                0x00000000000003df       0x1d c:/st/stm32cubeide_1.12.0/stm32cubeide/plugins/com.st.stm32cube.ide.mcu.externaltools.gnu-tools-for-stm32.10.3-2021.10.win32_1.0.200.202301161003/tools/bin/../lib/gcc/arm-none-eabi/10.3.1/thumb/v7-m/nofp\libgcc.a(_arm_addsubdf3.o)
 .ARM.attributes
                0x00000000000003fc       0x1d c:/st/stm32cubeide_1.12.0/stm32cubeide/plugins/com.st.stm32cube.ide.mcu.externaltools.gnu-tools-for-stm32.10.3-2021.10.win32_1.0.200.202301161003/tools/bin/../lib/gcc/arm-none-eabi/10.3.1/thumb/v7-m/nofp\libgcc.a(_arm_fixunsdfsi.o)
 .ARM.attributes
                0x0000000000000419       0x1d c:/st/stm32cubeide_1.12.0/stm32cubeide/plugins/com.st.stm32cube.ide.mcu.externaltools.gnu-tools-for-stm32.10.3-2021.10.win32_1.0.200.202301161003/tools/bin/../lib/gcc/arm-none-eabi/10.3.1/thumb/v7-m/nofp/crtn.o
OUTPUT(Scout_Robot_Remote_C8.elf elf32-littlearm)
LOAD linker stubs
LOAD c:/st/stm32cubeide_1.12.0/stm32cubeide/plugins/com.st.stm32cube.ide.mcu.externaltools.gnu-tools-for-stm32.10.3-2021.10.win32_1.0.200.202301161003/tools/bin/../lib/gcc/arm-none-eabi/10.3.1/../../../../arm-none-eabi/lib/thumb/v7-m/nofp\libc.a
LOAD c:/st/stm32cubeide_1.12.0/stm32cubeide/plugins/com.st.stm32cube.ide.mcu.externaltools.gnu-tools-for-stm32.10.3-2021.10.win32_1.0.200.202301161003/tools/bin/../lib/gcc/arm-none-eabi/10.3.1/../../../../arm-none-eabi/lib/thumb/v7-m/nofp\libm.a
LOAD c:/st/stm32cubeide_1.12.0/stm32cubeide/plugins/com.st.stm32cube.ide.mcu.externaltools.gnu-tools-for-stm32.10.3-2021.10.win32_1.0.200.202301161003/tools/bin/../lib/gcc/arm-none-eabi/10.3.1/thumb/v7-m/nofp\libgcc.a

.debug_info     0x0000000000000000     0xf060
 .debug_info    0x0000000000000000      0x885 ./Core/Src/Analog.o
 .debug_info    0x0000000000000885      0xb76 ./Core/Src/NRF24L01.o
 .debug_info    0x00000000000013fb     0x1b5b ./Core/Src/main.o
 .debug_info    0x0000000000002f56     0x134f ./Core/Src/stm32f1xx_hal_msp.o
 .debug_info    0x00000000000042a5      0x77a ./Core/Src/stm32f1xx_it.o
 .debug_info    0x0000000000004a1f      0x23d ./Core/Src/system_stm32f1xx.o
 .debug_info    0x0000000000004c5c       0x22 ./Core/Startup/startup_stm32f103c8tx.o
 .debug_info    0x0000000000004c7e      0x734 ./Drivers/STM32F1xx_HAL_Driver/Src/stm32f1xx_hal.o
 .debug_info    0x00000000000053b2      0xcd9 ./Drivers/STM32F1xx_HAL_Driver/Src/stm32f1xx_hal_adc.o
 .debug_info    0x000000000000608b      0xb20 ./Drivers/STM32F1xx_HAL_Driver/Src/stm32f1xx_hal_cortex.o
 .debug_info    0x0000000000006bab      0x73f ./Drivers/STM32F1xx_HAL_Driver/Src/stm32f1xx_hal_dma.o
 .debug_info    0x00000000000072ea      0x615 ./Drivers/STM32F1xx_HAL_Driver/Src/stm32f1xx_hal_gpio.o
 .debug_info    0x00000000000078ff      0x860 ./Drivers/STM32F1xx_HAL_Driver/Src/stm32f1xx_hal_rcc.o
 .debug_info    0x000000000000815f      0x3e0 ./Drivers/STM32F1xx_HAL_Driver/Src/stm32f1xx_hal_rcc_ex.o
 .debug_info    0x000000000000853f     0x1658 ./Drivers/STM32F1xx_HAL_Driver/Src/stm32f1xx_hal_spi.o
 .debug_info    0x0000000000009b97     0x29de ./Drivers/STM32F1xx_HAL_Driver/Src/stm32f1xx_hal_tim.o
 .debug_info    0x000000000000c575     0x1513 ./Drivers/STM32F1xx_HAL_Driver/Src/stm32f1xx_hal_tim_ex.o
 .debug_info    0x000000000000da88     0x15d8 ./Drivers/STM32F1xx_HAL_Driver/Src/stm32f1xx_hal_uart.o

.debug_abbrev   0x0000000000000000     0x253a
 .debug_abbrev  0x0000000000000000      0x219 ./Core/Src/Analog.o
 .debug_abbrev  0x0000000000000219      0x262 ./Core/Src/NRF24L01.o
 .debug_abbrev  0x000000000000047b      0x311 ./Core/Src/main.o
 .debug_abbrev  0x000000000000078c      0x240 ./Core/Src/stm32f1xx_hal_msp.o
 .debug_abbrev  0x00000000000009cc      0x19e ./Core/Src/stm32f1xx_it.o
 .debug_abbrev  0x0000000000000b6a      0x13b ./Core/Src/system_stm32f1xx.o
 .debug_abbrev  0x0000000000000ca5       0x12 ./Core/Startup/startup_stm32f103c8tx.o
 .debug_abbrev  0x0000000000000cb7      0x1fb ./Drivers/STM32F1xx_HAL_Driver/Src/stm32f1xx_hal.o
 .debug_abbrev  0x0000000000000eb2      0x210 ./Drivers/STM32F1xx_HAL_Driver/Src/stm32f1xx_hal_adc.o
 .debug_abbrev  0x00000000000010c2      0x2ed ./Drivers/STM32F1xx_HAL_Driver/Src/stm32f1xx_hal_cortex.o
 .debug_abbrev  0x00000000000013af      0x1fe ./Drivers/STM32F1xx_HAL_Driver/Src/stm32f1xx_hal_dma.o
 .debug_abbrev  0x00000000000015ad      0x1bb ./Drivers/STM32F1xx_HAL_Driver/Src/stm32f1xx_hal_gpio.o
 .debug_abbrev  0x0000000000001768      0x2a8 ./Drivers/STM32F1xx_HAL_Driver/Src/stm32f1xx_hal_rcc.o
 .debug_abbrev  0x0000000000001a10      0x182 ./Drivers/STM32F1xx_HAL_Driver/Src/stm32f1xx_hal_rcc_ex.o
 .debug_abbrev  0x0000000000001b92      0x26e ./Drivers/STM32F1xx_HAL_Driver/Src/stm32f1xx_hal_spi.o
 .debug_abbrev  0x0000000000001e00      0x25d ./Drivers/STM32F1xx_HAL_Driver/Src/stm32f1xx_hal_tim.o
 .debug_abbrev  0x000000000000205d      0x265 ./Drivers/STM32F1xx_HAL_Driver/Src/stm32f1xx_hal_tim_ex.o
 .debug_abbrev  0x00000000000022c2      0x278 ./Drivers/STM32F1xx_HAL_Driver/Src/stm32f1xx_hal_uart.o

.debug_aranges  0x0000000000000000     0x1008
 .debug_aranges
                0x0000000000000000       0x40 ./Core/Src/Analog.o
 .debug_aranges
                0x0000000000000040       0x98 ./Core/Src/NRF24L01.o
 .debug_aranges
                0x00000000000000d8       0x80 ./Core/Src/main.o
 .debug_aranges
                0x0000000000000158       0x60 ./Core/Src/stm32f1xx_hal_msp.o
 .debug_aranges
                0x00000000000001b8       0x90 ./Core/Src/stm32f1xx_it.o
 .debug_aranges
                0x0000000000000248       0x28 ./Core/Src/system_stm32f1xx.o
 .debug_aranges
                0x0000000000000270       0x28 ./Core/Startup/startup_stm32f103c8tx.o
 .debug_aranges
                0x0000000000000298       0xe0 ./Drivers/STM32F1xx_HAL_Driver/Src/stm32f1xx_hal.o
 .debug_aranges
                0x0000000000000378       0xf0 ./Drivers/STM32F1xx_HAL_Driver/Src/stm32f1xx_hal_adc.o
 .debug_aranges
                0x0000000000000468      0x100 ./Drivers/STM32F1xx_HAL_Driver/Src/stm32f1xx_hal_cortex.o
 .debug_aranges
                0x0000000000000568       0x80 ./Drivers/STM32F1xx_HAL_Driver/Src/stm32f1xx_hal_dma.o
 .debug_aranges
                0x00000000000005e8       0x58 ./Drivers/STM32F1xx_HAL_Driver/Src/stm32f1xx_hal_gpio.o
 .debug_aranges
                0x0000000000000640       0x90 ./Drivers/STM32F1xx_HAL_Driver/Src/stm32f1xx_hal_rcc.o
 .debug_aranges
                0x00000000000006d0       0x30 ./Drivers/STM32F1xx_HAL_Driver/Src/stm32f1xx_hal_rcc_ex.o
 .debug_aranges
                0x0000000000000700      0x1d0 ./Drivers/STM32F1xx_HAL_Driver/Src/stm32f1xx_hal_spi.o
 .debug_aranges
                0x00000000000008d0      0x3d0 ./Drivers/STM32F1xx_HAL_Driver/Src/stm32f1xx_hal_tim.o
 .debug_aranges
                0x0000000000000ca0      0x168 ./Drivers/STM32F1xx_HAL_Driver/Src/stm32f1xx_hal_tim_ex.o
 .debug_aranges
                0x0000000000000e08      0x200 ./Drivers/STM32F1xx_HAL_Driver/Src/stm32f1xx_hal_uart.o

.debug_ranges   0x0000000000000000      0xf20
 .debug_ranges  0x0000000000000000       0x30 ./Core/Src/Analog.o
 .debug_ranges  0x0000000000000030       0x88 ./Core/Src/NRF24L01.o
 .debug_ranges  0x00000000000000b8       0x70 ./Core/Src/main.o
 .debug_ranges  0x0000000000000128       0x50 ./Core/Src/stm32f1xx_hal_msp.o
 .debug_ranges  0x0000000000000178       0x80 ./Core/Src/stm32f1xx_it.o
 .debug_ranges  0x00000000000001f8       0x18 ./Core/Src/system_stm32f1xx.o
 .debug_ranges  0x0000000000000210       0x20 ./Core/Startup/startup_stm32f103c8tx.o
 .debug_ranges  0x0000000000000230       0xd0 ./Drivers/STM32F1xx_HAL_Driver/Src/stm32f1xx_hal.o
 .debug_ranges  0x0000000000000300       0xe0 ./Drivers/STM32F1xx_HAL_Driver/Src/stm32f1xx_hal_adc.o
 .debug_ranges  0x00000000000003e0       0xf0 ./Drivers/STM32F1xx_HAL_Driver/Src/stm32f1xx_hal_cortex.o
 .debug_ranges  0x00000000000004d0       0x70 ./Drivers/STM32F1xx_HAL_Driver/Src/stm32f1xx_hal_dma.o
 .debug_ranges  0x0000000000000540       0x48 ./Drivers/STM32F1xx_HAL_Driver/Src/stm32f1xx_hal_gpio.o
 .debug_ranges  0x0000000000000588       0x80 ./Drivers/STM32F1xx_HAL_Driver/Src/stm32f1xx_hal_rcc.o
 .debug_ranges  0x0000000000000608       0x20 ./Drivers/STM32F1xx_HAL_Driver/Src/stm32f1xx_hal_rcc_ex.o
 .debug_ranges  0x0000000000000628      0x1c0 ./Drivers/STM32F1xx_HAL_Driver/Src/stm32f1xx_hal_spi.o
 .debug_ranges  0x00000000000007e8      0x3c0 ./Drivers/STM32F1xx_HAL_Driver/Src/stm32f1xx_hal_tim.o
 .debug_ranges  0x0000000000000ba8      0x158 ./Drivers/STM32F1xx_HAL_Driver/Src/stm32f1xx_hal_tim_ex.o
 .debug_ranges  0x0000000000000d00      0x220 ./Drivers/STM32F1xx_HAL_Driver/Src/stm32f1xx_hal_uart.o

.debug_macro    0x0000000000000000    0x1902a
 .debug_macro   0x0000000000000000      0x27b ./Core/Src/Analog.o
 .debug_macro   0x000000000000027b      0xa6c ./Core/Src/Analog.o
 .debug_macro   0x0000000000000ce7      0x22d ./Core/Src/Analog.o
 .debug_macro   0x0000000000000f14       0x2e ./Core/Src/Analog.o
 .debug_macro   0x0000000000000f42       0x22 ./Core/Src/Analog.o
 .debug_macro   0x0000000000000f64       0x22 ./Core/Src/Analog.o
 .debug_macro   0x0000000000000f86       0x8e ./Core/Src/Analog.o
 .debug_macro   0x0000000000001014       0x51 ./Core/Src/Analog.o
 .debug_macro   0x0000000000001065      0x103 ./Core/Src/Analog.o
 .debug_macro   0x0000000000001168       0x6a ./Core/Src/Analog.o
 .debug_macro   0x00000000000011d2      0x1df ./Core/Src/Analog.o
 .debug_macro   0x00000000000013b1       0x1c ./Core/Src/Analog.o
 .debug_macro   0x00000000000013cd       0x22 ./Core/Src/Analog.o
 .debug_macro   0x00000000000013ef       0xbd ./Core/Src/Analog.o
 .debug_macro   0x00000000000014ac      0xd23 ./Core/Src/Analog.o
 .debug_macro   0x00000000000021cf     0xe09e ./Core/Src/Analog.o
 .debug_macro   0x000000000001026d       0x6d ./Core/Src/Analog.o
 .debug_macro   0x00000000000102da     0x3468 ./Core/Src/Analog.o
 .debug_macro   0x0000000000013742      0x174 ./Core/Src/Analog.o
 .debug_macro   0x00000000000138b6       0x5c ./Core/Src/Analog.o
 .debug_macro   0x0000000000013912      0x5be ./Core/Src/Analog.o
 .debug_macro   0x0000000000013ed0      0x289 ./Core/Src/Analog.o
 .debug_macro   0x0000000000014159      0x1cb ./Core/Src/Analog.o
 .debug_macro   0x0000000000014324      0x114 ./Core/Src/Analog.o
 .debug_macro   0x0000000000014438      0x1b2 ./Core/Src/Analog.o
 .debug_macro   0x00000000000145ea       0x27 ./Core/Src/Analog.o
 .debug_macro   0x0000000000014611      0x136 ./Core/Src/Analog.o
 .debug_macro   0x0000000000014747      0x1bc ./Core/Src/Analog.o
 .debug_macro   0x0000000000014903       0x34 ./Core/Src/Analog.o
 .debug_macro   0x0000000000014937       0x3c ./Core/Src/Analog.o
 .debug_macro   0x0000000000014973       0x57 ./Core/Src/Analog.o
 .debug_macro   0x00000000000149ca      0x46a ./Core/Src/Analog.o
 .debug_macro   0x0000000000014e34      0x1b5 ./Core/Src/Analog.o
 .debug_macro   0x0000000000014fe9       0x88 ./Core/Src/Analog.o
 .debug_macro   0x0000000000015071      0x241 ./Core/Src/Analog.o
 .debug_macro   0x00000000000152b2      0x141 ./Core/Src/Analog.o
 .debug_macro   0x00000000000153f3      0x217 ./Core/Src/Analog.o
 .debug_macro   0x000000000001560a      0x8d1 ./Core/Src/Analog.o
 .debug_macro   0x0000000000015edb      0x279 ./Core/Src/Analog.o
 .debug_macro   0x0000000000016154       0x83 ./Core/Src/Analog.o
 .debug_macro   0x00000000000161d7       0x52 ./Core/Src/Analog.o
 .debug_macro   0x0000000000016229       0x18 ./Core/Src/Analog.o
 .debug_macro   0x0000000000016241       0x3c ./Core/Src/Analog.o
 .debug_macro   0x000000000001627d       0x34 ./Core/Src/Analog.o
 .debug_macro   0x00000000000162b1       0x16 ./Core/Src/Analog.o
 .debug_macro   0x00000000000162c7       0x43 ./Core/Src/Analog.o
 .debug_macro   0x000000000001630a       0x34 ./Core/Src/Analog.o
 .debug_macro   0x000000000001633e       0x10 ./Core/Src/Analog.o
 .debug_macro   0x000000000001634e       0x58 ./Core/Src/Analog.o
 .debug_macro   0x00000000000163a6       0x71 ./Core/Src/Analog.o
 .debug_macro   0x0000000000016417       0x1c ./Core/Src/Analog.o
 .debug_macro   0x0000000000016433      0x12a ./Core/Src/Analog.o
 .debug_macro   0x000000000001655d      0x341 ./Core/Src/Analog.o
 .debug_macro   0x000000000001689e      0x19b ./Core/Src/Analog.o
 .debug_macro   0x0000000000016a39       0x1c ./Core/Src/Analog.o
 .debug_macro   0x0000000000016a55      0x1d0 ./Core/Src/NRF24L01.o
 .debug_macro   0x0000000000016c25       0xe8 ./Core/Src/NRF24L01.o
 .debug_macro   0x0000000000016d0d      0x39a ./Core/Src/main.o
 .debug_macro   0x00000000000170a7       0xdc ./Core/Src/main.o
 .debug_macro   0x0000000000017183       0x16 ./Core/Src/main.o
 .debug_macro   0x0000000000017199       0x35 ./Core/Src/main.o
 .debug_macro   0x00000000000171ce       0x10 ./Core/Src/main.o
 .debug_macro   0x00000000000171de       0x10 ./Core/Src/main.o
 .debug_macro   0x00000000000171ee       0x1c ./Core/Src/main.o
 .debug_macro   0x000000000001720a       0x52 ./Core/Src/main.o
 .debug_macro   0x000000000001725c       0x22 ./Core/Src/main.o
 .debug_macro   0x000000000001727e       0x10 ./Core/Src/main.o
 .debug_macro   0x000000000001728e       0x52 ./Core/Src/main.o
 .debug_macro   0x00000000000172e0       0xd5 ./Core/Src/main.o
 .debug_macro   0x00000000000173b5       0x1c ./Core/Src/main.o
 .debug_macro   0x00000000000173d1       0x3d ./Core/Src/main.o
 .debug_macro   0x000000000001740e       0x16 ./Core/Src/main.o
 .debug_macro   0x0000000000017424      0x145 ./Core/Src/main.o
 .debug_macro   0x0000000000017569       0x16 ./Core/Src/main.o
 .debug_macro   0x000000000001757f       0x16 ./Core/Src/main.o
 .debug_macro   0x0000000000017595       0x29 ./Core/Src/main.o
 .debug_macro   0x00000000000175be       0xee ./Core/Src/main.o
 .debug_macro   0x00000000000176ac      0x1d0 ./Core/Src/stm32f1xx_hal_msp.o
 .debug_macro   0x000000000001787c      0x1da ./Core/Src/stm32f1xx_it.o
 .debug_macro   0x0000000000017a56      0x1c1 ./Core/Src/system_stm32f1xx.o
 .debug_macro   0x0000000000017c17      0x1e5 ./Drivers/STM32F1xx_HAL_Driver/Src/stm32f1xx_hal.o
 .debug_macro   0x0000000000017dfc      0x1de ./Drivers/STM32F1xx_HAL_Driver/Src/stm32f1xx_hal_adc.o
 .debug_macro   0x0000000000017fda      0x1c1 ./Drivers/STM32F1xx_HAL_Driver/Src/stm32f1xx_hal_cortex.o
 .debug_macro   0x000000000001819b      0x1c1 ./Drivers/STM32F1xx_HAL_Driver/Src/stm32f1xx_hal_dma.o
 .debug_macro   0x000000000001835c      0x22c ./Drivers/STM32F1xx_HAL_Driver/Src/stm32f1xx_hal_gpio.o
 .debug_macro   0x0000000000018588      0x1d3 ./Drivers/STM32F1xx_HAL_Driver/Src/stm32f1xx_hal_rcc.o
 .debug_macro   0x000000000001875b      0x1c1 ./Drivers/STM32F1xx_HAL_Driver/Src/stm32f1xx_hal_rcc_ex.o
 .debug_macro   0x000000000001891c      0x1c9 ./Drivers/STM32F1xx_HAL_Driver/Src/stm32f1xx_hal_spi.o
 .debug_macro   0x0000000000018ae5      0x1c2 ./Drivers/STM32F1xx_HAL_Driver/Src/stm32f1xx_hal_tim.o
 .debug_macro   0x0000000000018ca7      0x1c1 ./Drivers/STM32F1xx_HAL_Driver/Src/stm32f1xx_hal_tim_ex.o
 .debug_macro   0x0000000000018e68      0x1c2 ./Drivers/STM32F1xx_HAL_Driver/Src/stm32f1xx_hal_uart.o

.debug_line     0x0000000000000000    0x10c6c
 .debug_line    0x0000000000000000      0x99d ./Core/Src/Analog.o
 .debug_line    0x000000000000099d      0x949 ./Core/Src/NRF24L01.o
 .debug_line    0x00000000000012e6      0xcd7 ./Core/Src/main.o
 .debug_line    0x0000000000001fbd      0x83c ./Core/Src/stm32f1xx_hal_msp.o
 .debug_line    0x00000000000027f9      0x817 ./Core/Src/stm32f1xx_it.o
 .debug_line    0x0000000000003010      0x740 ./Core/Src/system_stm32f1xx.o
 .debug_line    0x0000000000003750       0x87 ./Core/Startup/startup_stm32f103c8tx.o
 .debug_line    0x00000000000037d7      0x96d ./Drivers/STM32F1xx_HAL_Driver/Src/stm32f1xx_hal.o
 .debug_line    0x0000000000004144      0xfe4 ./Drivers/STM32F1xx_HAL_Driver/Src/stm32f1xx_hal_adc.o
 .debug_line    0x0000000000005128      0xb55 ./Drivers/STM32F1xx_HAL_Driver/Src/stm32f1xx_hal_cortex.o
 .debug_line    0x0000000000005c7d      0xdc5 ./Drivers/STM32F1xx_HAL_Driver/Src/stm32f1xx_hal_dma.o
 .debug_line    0x0000000000006a42      0xa04 ./Drivers/STM32F1xx_HAL_Driver/Src/stm32f1xx_hal_gpio.o
 .debug_line    0x0000000000007446      0xd7b ./Drivers/STM32F1xx_HAL_Driver/Src/stm32f1xx_hal_rcc.o
 .debug_line    0x00000000000081c1      0x8b9 ./Drivers/STM32F1xx_HAL_Driver/Src/stm32f1xx_hal_rcc_ex.o
 .debug_line    0x0000000000008a7a     0x1bf2 ./Drivers/STM32F1xx_HAL_Driver/Src/stm32f1xx_hal_spi.o
 .debug_line    0x000000000000a66c     0x3323 ./Drivers/STM32F1xx_HAL_Driver/Src/stm32f1xx_hal_tim.o
 .debug_line    0x000000000000d98f     0x1895 ./Drivers/STM32F1xx_HAL_Driver/Src/stm32f1xx_hal_tim_ex.o
 .debug_line    0x000000000000f224     0x1a48 ./Drivers/STM32F1xx_HAL_Driver/Src/stm32f1xx_hal_uart.o

.debug_str      0x0000000000000000    0x91e87
 .debug_str     0x0000000000000000    0x8c712 ./Core/Src/Analog.o
                                      0x8caf0 (size before relaxing)
 .debug_str     0x000000000008c712      0x688 ./Core/Src/NRF24L01.o
                                      0x89941 (size before relaxing)
 .debug_str     0x000000000008cd9a     0x20c0 ./Core/Src/main.o
                                      0x8f0ba (size before relaxing)
 .debug_str     0x000000000008ee5a      0x10f ./Core/Src/stm32f1xx_hal_msp.o
                                      0x8a200 (size before relaxing)
 .debug_str     0x000000000008ef69      0x142 ./Core/Src/stm32f1xx_it.o
                                      0x899e9 (size before relaxing)
 .debug_str     0x000000000008f0ab       0x7e ./Core/Src/system_stm32f1xx.o
                                      0x89127 (size before relaxing)
 .debug_str     0x000000000008f129       0x36 ./Core/Startup/startup_stm32f103c8tx.o
                                         0x81 (size before relaxing)
 .debug_str     0x000000000008f15f      0x37a ./Drivers/STM32F1xx_HAL_Driver/Src/stm32f1xx_hal.o
                                      0x8985a (size before relaxing)
 .debug_str     0x000000000008f4d9      0x37f ./Drivers/STM32F1xx_HAL_Driver/Src/stm32f1xx_hal_adc.o
                                      0x89804 (size before relaxing)
 .debug_str     0x000000000008f858      0x294 ./Drivers/STM32F1xx_HAL_Driver/Src/stm32f1xx_hal_cortex.o
                                      0x897a6 (size before relaxing)
 .debug_str     0x000000000008faec      0x1e2 ./Drivers/STM32F1xx_HAL_Driver/Src/stm32f1xx_hal_dma.o
                                      0x894d0 (size before relaxing)
 .debug_str     0x000000000008fcce      0x2f2 ./Drivers/STM32F1xx_HAL_Driver/Src/stm32f1xx_hal_gpio.o
                                      0x894ad (size before relaxing)
 .debug_str     0x000000000008ffc0      0x200 ./Drivers/STM32F1xx_HAL_Driver/Src/stm32f1xx_hal_rcc.o
                                      0x89556 (size before relaxing)
 .debug_str     0x00000000000901c0       0x84 ./Drivers/STM32F1xx_HAL_Driver/Src/stm32f1xx_hal_rcc_ex.o
                                      0x892a6 (size before relaxing)
 .debug_str     0x0000000000090244      0x510 ./Drivers/STM32F1xx_HAL_Driver/Src/stm32f1xx_hal_spi.o
                                      0x89a53 (size before relaxing)
 .debug_str     0x0000000000090754      0xd94 ./Drivers/STM32F1xx_HAL_Driver/Src/stm32f1xx_hal_tim.o
                                      0x8a541 (size before relaxing)
 .debug_str     0x00000000000914e8      0x3e1 ./Drivers/STM32F1xx_HAL_Driver/Src/stm32f1xx_hal_tim_ex.o
                                      0x89d5d (size before relaxing)
 .debug_str     0x00000000000918c9      0x5be ./Drivers/STM32F1xx_HAL_Driver/Src/stm32f1xx_hal_uart.o
                                      0x89b61 (size before relaxing)

.comment        0x0000000000000000       0x50
 .comment       0x0000000000000000       0x50 ./Core/Src/Analog.o
                                         0x51 (size before relaxing)
 .comment       0x0000000000000050       0x51 ./Core/Src/NRF24L01.o
 .comment       0x0000000000000050       0x51 ./Core/Src/main.o
 .comment       0x0000000000000050       0x51 ./Core/Src/stm32f1xx_hal_msp.o
 .comment       0x0000000000000050       0x51 ./Core/Src/stm32f1xx_it.o
 .comment       0x0000000000000050       0x51 ./Core/Src/system_stm32f1xx.o
 .comment       0x0000000000000050       0x51 ./Drivers/STM32F1xx_HAL_Driver/Src/stm32f1xx_hal.o
 .comment       0x0000000000000050       0x51 ./Drivers/STM32F1xx_HAL_Driver/Src/stm32f1xx_hal_adc.o
 .comment       0x0000000000000050       0x51 ./Drivers/STM32F1xx_HAL_Driver/Src/stm32f1xx_hal_cortex.o
 .comment       0x0000000000000050       0x51 ./Drivers/STM32F1xx_HAL_Driver/Src/stm32f1xx_hal_dma.o
 .comment       0x0000000000000050       0x51 ./Drivers/STM32F1xx_HAL_Driver/Src/stm32f1xx_hal_gpio.o
 .comment       0x0000000000000050       0x51 ./Drivers/STM32F1xx_HAL_Driver/Src/stm32f1xx_hal_rcc.o
 .comment       0x0000000000000050       0x51 ./Drivers/STM32F1xx_HAL_Driver/Src/stm32f1xx_hal_rcc_ex.o
 .comment       0x0000000000000050       0x51 ./Drivers/STM32F1xx_HAL_Driver/Src/stm32f1xx_hal_spi.o
 .comment       0x0000000000000050       0x51 ./Drivers/STM32F1xx_HAL_Driver/Src/stm32f1xx_hal_tim.o
 .comment       0x0000000000000050       0x51 ./Drivers/STM32F1xx_HAL_Driver/Src/stm32f1xx_hal_tim_ex.o
 .comment       0x0000000000000050       0x51 ./Drivers/STM32F1xx_HAL_Driver/Src/stm32f1xx_hal_uart.o

.debug_frame    0x0000000000000000     0x4400
 .debug_frame   0x0000000000000000       0xd8 ./Core/Src/Analog.o
 .debug_frame   0x00000000000000d8      0x230 ./Core/Src/NRF24L01.o
 .debug_frame   0x0000000000000308      0x1c8 ./Core/Src/main.o
 .debug_frame   0x00000000000004d0      0x158 ./Core/Src/stm32f1xx_hal_msp.o
 .debug_frame   0x0000000000000628      0x1b0 ./Core/Src/stm32f1xx_it.o
 .debug_frame   0x00000000000007d8       0x58 ./Core/Src/system_stm32f1xx.o
 .debug_frame   0x0000000000000830      0x334 ./Drivers/STM32F1xx_HAL_Driver/Src/stm32f1xx_hal.o
 .debug_frame   0x0000000000000b64      0x40c ./Drivers/STM32F1xx_HAL_Driver/Src/stm32f1xx_hal_adc.o
 .debug_frame   0x0000000000000f70      0x428 ./Drivers/STM32F1xx_HAL_Driver/Src/stm32f1xx_hal_cortex.o
 .debug_frame   0x0000000000001398      0x208 ./Drivers/STM32F1xx_HAL_Driver/Src/stm32f1xx_hal_dma.o
 .debug_frame   0x00000000000015a0      0x14c ./Drivers/STM32F1xx_HAL_Driver/Src/stm32f1xx_hal_gpio.o
 .debug_frame   0x00000000000016ec      0x21c ./Drivers/STM32F1xx_HAL_Driver/Src/stm32f1xx_hal_rcc.o
 .debug_frame   0x0000000000001908       0x84 ./Drivers/STM32F1xx_HAL_Driver/Src/stm32f1xx_hal_rcc_ex.o
 .debug_frame   0x000000000000198c      0x824 ./Drivers/STM32F1xx_HAL_Driver/Src/stm32f1xx_hal_spi.o
 .debug_frame   0x00000000000021b0     0x11b8 ./Drivers/STM32F1xx_HAL_Driver/Src/stm32f1xx_hal_tim.o
 .debug_frame   0x0000000000003368      0x638 ./Drivers/STM32F1xx_HAL_Driver/Src/stm32f1xx_hal_tim_ex.o
 .debug_frame   0x00000000000039a0      0x914 ./Drivers/STM32F1xx_HAL_Driver/Src/stm32f1xx_hal_uart.o
 .debug_frame   0x00000000000042b4       0x2c c:/st/stm32cubeide_1.12.0/stm32cubeide/plugins/com.st.stm32cube.ide.mcu.externaltools.gnu-tools-for-stm32.10.3-2021.10.win32_1.0.200.202301161003/tools/bin/../lib/gcc/arm-none-eabi/10.3.1/../../../../arm-none-eabi/lib/thumb/v7-m/nofp\libc_nano.a(lib_a-init.o)
 .debug_frame   0x00000000000042e0       0x20 c:/st/stm32cubeide_1.12.0/stm32cubeide/plugins/com.st.stm32cube.ide.mcu.externaltools.gnu-tools-for-stm32.10.3-2021.10.win32_1.0.200.202301161003/tools/bin/../lib/gcc/arm-none-eabi/10.3.1/../../../../arm-none-eabi/lib/thumb/v7-m/nofp\libc_nano.a(lib_a-memset.o)
 .debug_frame   0x0000000000004300       0x30 c:/st/stm32cubeide_1.12.0/stm32cubeide/plugins/com.st.stm32cube.ide.mcu.externaltools.gnu-tools-for-stm32.10.3-2021.10.win32_1.0.200.202301161003/tools/bin/../lib/gcc/arm-none-eabi/10.3.1/thumb/v7-m/nofp\libgcc.a(_arm_muldf3.o)
 .debug_frame   0x0000000000004330       0xac c:/st/stm32cubeide_1.12.0/stm32cubeide/plugins/com.st.stm32cube.ide.mcu.externaltools.gnu-tools-for-stm32.10.3-2021.10.win32_1.0.200.202301161003/tools/bin/../lib/gcc/arm-none-eabi/10.3.1/thumb/v7-m/nofp\libgcc.a(_arm_addsubdf3.o)
 .debug_frame   0x00000000000043dc       0x24 c:/st/stm32cubeide_1.12.0/stm32cubeide/plugins/com.st.stm32cube.ide.mcu.externaltools.gnu-tools-for-stm32.10.3-2021.10.win32_1.0.200.202301161003/tools/bin/../lib/gcc/arm-none-eabi/10.3.1/thumb/v7-m/nofp\libgcc.a(_arm_fixunsdfsi.o)
